<?xml version="1.0" encoding="ISO-8859-1" ?>
<link_info>
   <banner>TMS320C2000 Linker Unix v20.2.1.LTS</banner>
   <copyright>Copyright (c) 1996-2018 Texas Instruments Incorporated</copyright>
   <link_time>0x5f6583c5</link_time>
   <link_errors>0x0</link_errors>
   <output_file>EM_CPU1.out</output_file>
   <entry_point>
      <name>_c_int00</name>
      <address>0x1155a</address>
   </entry_point>
   <input_file_list>
      <input_file id="fl-2">
         <path>./79D_ti_source/</path>
         <kind>object</kind>
         <file>F2837xD_Adc.obj</file>
         <name>F2837xD_Adc.obj</name>
      </input_file>
      <input_file id="fl-5">
         <path>./79D_ti_source/</path>
         <kind>object</kind>
         <file>F2837xD_GlobalVariableDefs.obj</file>
         <name>F2837xD_GlobalVariableDefs.obj</name>
      </input_file>
      <input_file id="fl-10">
         <path>./common/</path>
         <kind>object</kind>
         <file>daughterboard.obj</file>
         <name>daughterboard.obj</name>
      </input_file>
      <input_file id="fl-11">
         <path>./common/</path>
         <kind>object</kind>
         <file>em_main.obj</file>
         <name>em_main.obj</name>
      </input_file>
      <input_file id="fl-13">
         <path>./common/</path>
         <kind>object</kind>
         <file>version.obj</file>
         <name>version.obj</name>
      </input_file>
      <input_file id="fl-17">
         <path>./common/experiment/</path>
         <kind>object</kind>
         <file>experimental_outputs.obj</file>
         <name>experimental_outputs.obj</name>
      </input_file>
      <input_file id="fl-1c">
         <path>./common/internal/</path>
         <kind>object</kind>
         <file>leds.obj</file>
         <name>leds.obj</name>
      </input_file>
      <input_file id="fl-20">
         <path>./common/internal/</path>
         <kind>object</kind>
         <file>status_messages.obj</file>
         <name>status_messages.obj</name>
      </input_file>
      <input_file id="fl-25">
         <path>./common/serial/</path>
         <kind>object</kind>
         <file>printf_raw.obj</file>
         <name>printf_raw.obj</name>
      </input_file>
      <input_file id="fl-27">
         <path>./common/serial/</path>
         <kind>object</kind>
         <file>tiny_json.obj</file>
         <name>tiny_json.obj</name>
      </input_file>
      <input_file id="fl-49">
         <path>/Applications/ti/ccs1010/ccs/tools/compiler/ti-cgt-c2000_20.2.1.LTS/lib/</path>
         <kind>archive</kind>
         <file>rts2800_fpu32.lib</file>
         <name>memory.c.obj</name>
      </input_file>
      <input_file id="fl-4a">
         <path>/Applications/ti/ccs1010/ccs/tools/compiler/ti-cgt-c2000_20.2.1.LTS/lib/</path>
         <kind>archive</kind>
         <file>rts2800_fpu32.lib</file>
         <name>vec_newdel.c.obj</name>
      </input_file>
      <input_file id="fl-4b">
         <path>/Applications/ti/ccs1010/ccs/tools/compiler/ti-cgt-c2000_20.2.1.LTS/lib/</path>
         <kind>archive</kind>
         <file>rts2800_fpu32.lib</file>
         <name>error.c.obj</name>
      </input_file>
      <input_file id="fl-4c">
         <path>/Applications/ti/ccs1010/ccs/tools/compiler/ti-cgt-c2000_20.2.1.LTS/lib/</path>
         <kind>archive</kind>
         <file>rts2800_fpu32.lib</file>
         <name>delete.c.obj</name>
      </input_file>
      <input_file id="fl-4d">
         <path>/Applications/ti/ccs1010/ccs/tools/compiler/ti-cgt-c2000_20.2.1.LTS/lib/</path>
         <kind>archive</kind>
         <file>rts2800_fpu32.lib</file>
         <name>array_del.c.obj</name>
      </input_file>
      <input_file id="fl-4e">
         <path>/Applications/ti/ccs1010/ccs/tools/compiler/ti-cgt-c2000_20.2.1.LTS/lib/</path>
         <kind>archive</kind>
         <file>rts2800_fpu32.lib</file>
         <name>memzero.c.obj</name>
      </input_file>
      <input_file id="fl-4f">
         <path>/Applications/ti/ccs1010/ccs/tools/compiler/ti-cgt-c2000_20.2.1.LTS/lib/</path>
         <kind>archive</kind>
         <file>rts2800_fpu32.lib</file>
         <name>new.c.obj</name>
      </input_file>
      <input_file id="fl-50">
         <path>/Applications/ti/ccs1010/ccs/tools/compiler/ti-cgt-c2000_20.2.1.LTS/lib/</path>
         <kind>archive</kind>
         <file>rts2800_fpu32.lib</file>
         <name>newhandler.c.obj</name>
      </input_file>
      <input_file id="fl-51">
         <path>/Applications/ti/ccs1010/ccs/tools/compiler/ti-cgt-c2000_20.2.1.LTS/lib/</path>
         <kind>archive</kind>
         <file>rts2800_fpu32.lib</file>
         <name>array_new.c.obj</name>
      </input_file>
      <input_file id="fl-52">
         <path>/Applications/ti/ccs1010/ccs/tools/compiler/ti-cgt-c2000_20.2.1.LTS/lib/</path>
         <kind>archive</kind>
         <file>rts2800_fpu32.lib</file>
         <name>dtor_list.c.obj</name>
      </input_file>
      <input_file id="fl-54">
         <path>/Applications/ti/ccs1010/ccs/tools/compiler/ti-cgt-c2000_20.2.1.LTS/lib/</path>
         <kind>archive</kind>
         <file>rts2800_fpu32.lib</file>
         <name>_lock.c.obj</name>
      </input_file>
      <input_file id="fl-55">
         <path>/Applications/ti/ccs1010/ccs/tools/compiler/ti-cgt-c2000_20.2.1.LTS/lib/</path>
         <kind>archive</kind>
         <file>rts2800_fpu32.lib</file>
         <name>vars.c.obj</name>
      </input_file>
      <input_file id="fl-59">
         <path>/Applications/ti/ccs1010/ccs/tools/compiler/ti-cgt-c2000_20.2.1.LTS/lib/</path>
         <kind>archive</kind>
         <file>rts2800_fpu32.lib</file>
         <name>pre_init.c.obj</name>
      </input_file>
      <input_file id="fl-5a">
         <path>/Applications/ti/ccs1010/ccs/tools/compiler/ti-cgt-c2000_20.2.1.LTS/lib/</path>
         <kind>archive</kind>
         <file>rts2800_fpu32.lib</file>
         <name>cpy_tbl.c.obj</name>
      </input_file>
      <input_file id="fl-5b">
         <path>/Applications/ti/ccs1010/ccs/tools/compiler/ti-cgt-c2000_20.2.1.LTS/lib/</path>
         <kind>archive</kind>
         <file>rts2800_fpu32.lib</file>
         <name>errno.c.obj</name>
      </input_file>
      <input_file id="fl-5c">
         <path>/Applications/ti/ccs1010/ccs/tools/compiler/ti-cgt-c2000_20.2.1.LTS/lib/</path>
         <kind>archive</kind>
         <file>rts2800_fpu32.lib</file>
         <name>s_fabs.c.obj</name>
      </input_file>
      <input_file id="fl-5d">
         <path>/Applications/ti/ccs1010/ccs/tools/compiler/ti-cgt-c2000_20.2.1.LTS/lib/</path>
         <kind>archive</kind>
         <file>rts2800_fpu32.lib</file>
         <name>s_floorf.c.obj</name>
      </input_file>
      <input_file id="fl-5e">
         <path>/Applications/ti/ccs1010/ccs/tools/compiler/ti-cgt-c2000_20.2.1.LTS/lib/</path>
         <kind>archive</kind>
         <file>rts2800_fpu32.lib</file>
         <name>s_floor.c.obj</name>
      </input_file>
      <input_file id="fl-5f">
         <path>/Applications/ti/ccs1010/ccs/tools/compiler/ti-cgt-c2000_20.2.1.LTS/lib/</path>
         <kind>archive</kind>
         <file>rts2800_fpu32.lib</file>
         <name>e_fmodf.c.obj</name>
      </input_file>
      <input_file id="fl-61">
         <path>/Applications/ti/ccs1010/ccs/tools/compiler/ti-cgt-c2000_20.2.1.LTS/lib/</path>
         <kind>archive</kind>
         <file>rts2800_fpu32.lib</file>
         <name>s_llroundl.c.obj</name>
      </input_file>
      <input_file id="fl-63">
         <path>/Applications/ti/ccs1010/ccs/tools/compiler/ti-cgt-c2000_20.2.1.LTS/lib/</path>
         <kind>archive</kind>
         <file>rts2800_fpu32.lib</file>
         <name>ti_fenv.c.obj</name>
      </input_file>
      <input_file id="fl-64">
         <path>/Applications/ti/ccs1010/ccs/tools/compiler/ti-cgt-c2000_20.2.1.LTS/lib/</path>
         <kind>archive</kind>
         <file>rts2800_fpu32.lib</file>
         <name>s_lroundl.c.obj</name>
      </input_file>
      <input_file id="fl-66">
         <path>/Applications/ti/ccs1010/ccs/tools/compiler/ti-cgt-c2000_20.2.1.LTS/lib/</path>
         <kind>archive</kind>
         <file>rts2800_fpu32.lib</file>
         <name>memcpy.c.obj</name>
      </input_file>
      <input_file id="fl-67">
         <path>/Applications/ti/ccs1010/ccs/tools/compiler/ti-cgt-c2000_20.2.1.LTS/lib/</path>
         <kind>archive</kind>
         <file>rts2800_fpu32.lib</file>
         <name>memset.c.obj</name>
      </input_file>
      <input_file id="fl-68">
         <path>/Applications/ti/ccs1010/ccs/tools/compiler/ti-cgt-c2000_20.2.1.LTS/lib/</path>
         <kind>archive</kind>
         <file>rts2800_fpu32.lib</file>
         <name>signal.c.obj</name>
      </input_file>
      <input_file id="fl-69">
         <path>/Applications/ti/ccs1010/ccs/tools/compiler/ti-cgt-c2000_20.2.1.LTS/lib/</path>
         <kind>archive</kind>
         <file>rts2800_fpu32.lib</file>
         <name>s_round.c.obj</name>
      </input_file>
      <input_file id="fl-6a">
         <path>/Applications/ti/ccs1010/ccs/tools/compiler/ti-cgt-c2000_20.2.1.LTS/lib/</path>
         <kind>archive</kind>
         <file>rts2800_fpu32.lib</file>
         <name>strcmp.c.obj</name>
      </input_file>
      <input_file id="fl-6b">
         <path>/Applications/ti/ccs1010/ccs/tools/compiler/ti-cgt-c2000_20.2.1.LTS/lib/</path>
         <kind>archive</kind>
         <file>rts2800_fpu32.lib</file>
         <name>strtod.c.obj</name>
      </input_file>
      <input_file id="fl-6c">
         <path>/Applications/ti/ccs1010/ccs/tools/compiler/ti-cgt-c2000_20.2.1.LTS/lib/</path>
         <kind>archive</kind>
         <file>rts2800_fpu32.lib</file>
         <name>ctype.c.obj</name>
      </input_file>
      <input_file id="fl-6d">
         <path>/Applications/ti/ccs1010/ccs/tools/compiler/ti-cgt-c2000_20.2.1.LTS/lib/</path>
         <kind>archive</kind>
         <file>rts2800_fpu32.lib</file>
         <name>s_scalbnf.c.obj</name>
      </input_file>
      <input_file id="fl-6e">
         <path>/Applications/ti/ccs1010/ccs/tools/compiler/ti-cgt-c2000_20.2.1.LTS/lib/</path>
         <kind>archive</kind>
         <file>rts2800_fpu32.lib</file>
         <name>s_copysignf.c.obj</name>
      </input_file>
      <input_file id="fl-6f">
         <path>/Applications/ti/ccs1010/ccs/tools/compiler/ti-cgt-c2000_20.2.1.LTS/lib/</path>
         <kind>archive</kind>
         <file>rts2800_fpu32.lib</file>
         <name>strtol.c.obj</name>
      </input_file>
      <input_file id="fl-70">
         <path>/Applications/ti/ccs1010/ccs/tools/compiler/ti-cgt-c2000_20.2.1.LTS/lib/</path>
         <kind>archive</kind>
         <file>rts2800_fpu32.lib</file>
         <name>strtoll.c.obj</name>
      </input_file>
      <input_file id="fl-71">
         <path>/Applications/ti/ccs1010/ccs/tools/compiler/ti-cgt-c2000_20.2.1.LTS/lib/</path>
         <kind>archive</kind>
         <file>rts2800_fpu32.lib</file>
         <name>strtoul.c.obj</name>
      </input_file>
      <input_file id="fl-72">
         <path>/Applications/ti/ccs1010/ccs/tools/compiler/ti-cgt-c2000_20.2.1.LTS/lib/</path>
         <kind>archive</kind>
         <file>rts2800_fpu32.lib</file>
         <name>strtoull.c.obj</name>
      </input_file>
      <input_file id="fl-73">
         <path>/var/tmp/</path>
         <kind>object</kind>
         <file>TI9XAGkCSet</file>
         <name>TI9XAGkCSet</name>
      </input_file>
      <input_file id="fl-3">
         <path>./79D_ti_source/</path>
         <kind>object</kind>
         <file>F2837xD_CodeStartBranch.obj</file>
         <name>F2837xD_CodeStartBranch.obj</name>
      </input_file>
      <input_file id="fl-4">
         <path>./79D_ti_source/</path>
         <kind>object</kind>
         <file>F2837xD_DefaultISR.obj</file>
         <name>F2837xD_DefaultISR.obj</name>
      </input_file>
      <input_file id="fl-6">
         <path>./79D_ti_source/</path>
         <kind>object</kind>
         <file>F2837xD_Gpio.obj</file>
         <name>F2837xD_Gpio.obj</name>
      </input_file>
      <input_file id="fl-7">
         <path>./79D_ti_source/</path>
         <kind>object</kind>
         <file>F2837xD_PieCtrl.obj</file>
         <name>F2837xD_PieCtrl.obj</name>
      </input_file>
      <input_file id="fl-8">
         <path>./79D_ti_source/</path>
         <kind>object</kind>
         <file>F2837xD_PieVect.obj</file>
         <name>F2837xD_PieVect.obj</name>
      </input_file>
      <input_file id="fl-9">
         <path>./79D_ti_source/</path>
         <kind>object</kind>
         <file>F2837xD_SysCtrl.obj</file>
         <name>F2837xD_SysCtrl.obj</name>
      </input_file>
      <input_file id="fl-a">
         <path>./79D_ti_source/</path>
         <kind>object</kind>
         <file>F2837xD_usDelay.obj</file>
         <name>F2837xD_usDelay.obj</name>
      </input_file>
      <input_file id="fl-b">
         <path>./common/analog_io/</path>
         <kind>object</kind>
         <file>ADS8688_adc.obj</file>
         <name>ADS8688_adc.obj</name>
      </input_file>
      <input_file id="fl-c">
         <path>./common/analog_io/</path>
         <kind>object</kind>
         <file>ADS8688_adc_cla.obj</file>
         <name>ADS8688_adc_cla.obj</name>
      </input_file>
      <input_file id="fl-d">
         <path>./common/analog_io/</path>
         <kind>object</kind>
         <file>analog_input.obj</file>
         <name>analog_input.obj</name>
      </input_file>
      <input_file id="fl-e">
         <path>./common/analog_io/</path>
         <kind>object</kind>
         <file>internal_adc.obj</file>
         <name>internal_adc.obj</name>
      </input_file>
      <input_file id="fl-f">
         <path>./common/analog_io/</path>
         <kind>object</kind>
         <file>internal_adc_cla.obj</file>
         <name>internal_adc_cla.obj</name>
      </input_file>
      <input_file id="fl-12">
         <path>./common/</path>
         <kind>object</kind>
         <file>ti_launchpad.obj</file>
         <name>ti_launchpad.obj</name>
      </input_file>
      <input_file id="fl-14">
         <path>./common/digital_io/</path>
         <kind>object</kind>
         <file>digital_io.obj</file>
         <name>digital_io.obj</name>
      </input_file>
      <input_file id="fl-15">
         <path>./common/dsp_output/</path>
         <kind>object</kind>
         <file>dsp_output.obj</file>
         <name>dsp_output.obj</name>
      </input_file>
      <input_file id="fl-16">
         <path>./common/experiment/</path>
         <kind>object</kind>
         <file>experimental_inputs.obj</file>
         <name>experimental_inputs.obj</name>
      </input_file>
      <input_file id="fl-18">
         <path>./common/experiment/</path>
         <kind>object</kind>
         <file>io_controller.obj</file>
         <name>io_controller.obj</name>
      </input_file>
      <input_file id="fl-19">
         <path>./common/experiment/</path>
         <kind>object</kind>
         <file>io_controller_cla.obj</file>
         <name>io_controller_cla.obj</name>
      </input_file>
      <input_file id="fl-1a">
         <path>./common/internal/</path>
         <kind>object</kind>
         <file>cla.obj</file>
         <name>cla.obj</name>
      </input_file>
      <input_file id="fl-1b">
         <path>./common/internal/</path>
         <kind>object</kind>
         <file>cpu_timers.obj</file>
         <name>cpu_timers.obj</name>
      </input_file>
      <input_file id="fl-1d">
         <path>./common/internal/</path>
         <kind>object</kind>
         <file>sci.obj</file>
         <name>sci.obj</name>
      </input_file>
      <input_file id="fl-1e">
         <path>./common/internal/</path>
         <kind>object</kind>
         <file>scia.obj</file>
         <name>scia.obj</name>
      </input_file>
      <input_file id="fl-1f">
         <path>./common/internal/</path>
         <kind>object</kind>
         <file>spi.obj</file>
         <name>spi.obj</name>
      </input_file>
      <input_file id="fl-21">
         <path>./common/internal/</path>
         <kind>object</kind>
         <file>tic_toc.obj</file>
         <name>tic_toc.obj</name>
      </input_file>
      <input_file id="fl-22">
         <path>./common/internal/</path>
         <kind>object</kind>
         <file>tic_toc_cla.obj</file>
         <name>tic_toc_cla.obj</name>
      </input_file>
      <input_file id="fl-23">
         <path>./common/serial/</path>
         <kind>object</kind>
         <file>extract_json.obj</file>
         <name>extract_json.obj</name>
      </input_file>
      <input_file id="fl-24">
         <path>./common/serial/</path>
         <kind>object</kind>
         <file>printf_json.obj</file>
         <name>printf_json.obj</name>
      </input_file>
      <input_file id="fl-26">
         <path>./common/serial/</path>
         <kind>object</kind>
         <file>serial_link.obj</file>
         <name>serial_link.obj</name>
      </input_file>
      <input_file id="fl-28">
         <path>./common/support/</path>
         <kind>object</kind>
         <file>memcpy_fast.obj</file>
         <name>memcpy_fast.obj</name>
      </input_file>
      <input_file id="fl-29">
         <path>./common/support/</path>
         <kind>object</kind>
         <file>misc.obj</file>
         <name>misc.obj</name>
      </input_file>
      <input_file id="fl-2a">
         <path>./common/support/</path>
         <kind>object</kind>
         <file>ring_buffer.obj</file>
         <name>ring_buffer.obj</name>
      </input_file>
      <input_file id="fl-30">
         <kind>object</kind>
         <file>&lt;internal&gt;</file>
         <name>&lt;internal&gt;</name>
      </input_file>
      <input_file id="fl-31">
         <path>/Applications/ti/ccs1010/ccs/tools/compiler/ti-cgt-c2000_20.2.1.LTS/lib/</path>
         <kind>archive</kind>
         <file>rts2800_fpu32.lib</file>
         <name>fd_add28.asm.obj</name>
      </input_file>
      <input_file id="fl-32">
         <path>/Applications/ti/ccs1010/ccs/tools/compiler/ti-cgt-c2000_20.2.1.LTS/lib/</path>
         <kind>archive</kind>
         <file>rts2800_fpu32.lib</file>
         <name>fd_cmp28.asm.obj</name>
      </input_file>
      <input_file id="fl-33">
         <path>/Applications/ti/ccs1010/ccs/tools/compiler/ti-cgt-c2000_20.2.1.LTS/lib/</path>
         <kind>archive</kind>
         <file>rts2800_fpu32.lib</file>
         <name>fd_div28.asm.obj</name>
      </input_file>
      <input_file id="fl-34">
         <path>/Applications/ti/ccs1010/ccs/tools/compiler/ti-cgt-c2000_20.2.1.LTS/lib/</path>
         <kind>archive</kind>
         <file>rts2800_fpu32.lib</file>
         <name>fd_mpy28.asm.obj</name>
      </input_file>
      <input_file id="fl-35">
         <path>/Applications/ti/ccs1010/ccs/tools/compiler/ti-cgt-c2000_20.2.1.LTS/lib/</path>
         <kind>archive</kind>
         <file>rts2800_fpu32.lib</file>
         <name>fd_neg28.asm.obj</name>
      </input_file>
      <input_file id="fl-36">
         <path>/Applications/ti/ccs1010/ccs/tools/compiler/ti-cgt-c2000_20.2.1.LTS/lib/</path>
         <kind>archive</kind>
         <file>rts2800_fpu32.lib</file>
         <name>fd_sub28.asm.obj</name>
      </input_file>
      <input_file id="fl-37">
         <path>/Applications/ti/ccs1010/ccs/tools/compiler/ti-cgt-c2000_20.2.1.LTS/lib/</path>
         <kind>archive</kind>
         <file>rts2800_fpu32.lib</file>
         <name>fd_tofsfpu32.asm.obj</name>
      </input_file>
      <input_file id="fl-38">
         <path>/Applications/ti/ccs1010/ccs/tools/compiler/ti-cgt-c2000_20.2.1.LTS/lib/</path>
         <kind>archive</kind>
         <file>rts2800_fpu32.lib</file>
         <name>fd_tou28.asm.obj</name>
      </input_file>
      <input_file id="fl-39">
         <path>/Applications/ti/ccs1010/ccs/tools/compiler/ti-cgt-c2000_20.2.1.LTS/lib/</path>
         <kind>archive</kind>
         <file>rts2800_fpu32.lib</file>
         <name>fd_toul28.asm.obj</name>
      </input_file>
      <input_file id="fl-3a">
         <path>/Applications/ti/ccs1010/ccs/tools/compiler/ti-cgt-c2000_20.2.1.LTS/lib/</path>
         <kind>archive</kind>
         <file>rts2800_fpu32.lib</file>
         <name>fd_toull28.asm.obj</name>
      </input_file>
      <input_file id="fl-3b">
         <path>/Applications/ti/ccs1010/ccs/tools/compiler/ti-cgt-c2000_20.2.1.LTS/lib/</path>
         <kind>archive</kind>
         <file>rts2800_fpu32.lib</file>
         <name>fs_tofdfpu32.asm.obj</name>
      </input_file>
      <input_file id="fl-3c">
         <path>/Applications/ti/ccs1010/ccs/tools/compiler/ti-cgt-c2000_20.2.1.LTS/lib/</path>
         <kind>archive</kind>
         <file>rts2800_fpu32.lib</file>
         <name>fs_toullfpu32.asm.obj</name>
      </input_file>
      <input_file id="fl-3d">
         <path>/Applications/ti/ccs1010/ccs/tools/compiler/ti-cgt-c2000_20.2.1.LTS/lib/</path>
         <kind>archive</kind>
         <file>rts2800_fpu32.lib</file>
         <name>i_tofd28.asm.obj</name>
      </input_file>
      <input_file id="fl-3e">
         <path>/Applications/ti/ccs1010/ccs/tools/compiler/ti-cgt-c2000_20.2.1.LTS/lib/</path>
         <kind>archive</kind>
         <file>rts2800_fpu32.lib</file>
         <name>l_tofd28.asm.obj</name>
      </input_file>
      <input_file id="fl-3f">
         <path>/Applications/ti/ccs1010/ccs/tools/compiler/ti-cgt-c2000_20.2.1.LTS/lib/</path>
         <kind>archive</kind>
         <file>rts2800_fpu32.lib</file>
         <name>ll_aox28.asm.obj</name>
      </input_file>
      <input_file id="fl-40">
         <path>/Applications/ti/ccs1010/ccs/tools/compiler/ti-cgt-c2000_20.2.1.LTS/lib/</path>
         <kind>archive</kind>
         <file>rts2800_fpu32.lib</file>
         <name>ll_cmp28.asm.obj</name>
      </input_file>
      <input_file id="fl-41">
         <path>/Applications/ti/ccs1010/ccs/tools/compiler/ti-cgt-c2000_20.2.1.LTS/lib/</path>
         <kind>archive</kind>
         <file>rts2800_fpu32.lib</file>
         <name>ll_div28.asm.obj</name>
      </input_file>
      <input_file id="fl-42">
         <path>/Applications/ti/ccs1010/ccs/tools/compiler/ti-cgt-c2000_20.2.1.LTS/lib/</path>
         <kind>archive</kind>
         <file>rts2800_fpu32.lib</file>
         <name>ll_mpy28.asm.obj</name>
      </input_file>
      <input_file id="fl-43">
         <path>/Applications/ti/ccs1010/ccs/tools/compiler/ti-cgt-c2000_20.2.1.LTS/lib/</path>
         <kind>archive</kind>
         <file>rts2800_fpu32.lib</file>
         <name>ll_tofd28.asm.obj</name>
      </input_file>
      <input_file id="fl-44">
         <path>/Applications/ti/ccs1010/ccs/tools/compiler/ti-cgt-c2000_20.2.1.LTS/lib/</path>
         <kind>archive</kind>
         <file>rts2800_fpu32.lib</file>
         <name>u_div28.asm.obj</name>
      </input_file>
      <input_file id="fl-45">
         <path>/Applications/ti/ccs1010/ccs/tools/compiler/ti-cgt-c2000_20.2.1.LTS/lib/</path>
         <kind>archive</kind>
         <file>rts2800_fpu32.lib</file>
         <name>u_tofd28.asm.obj</name>
      </input_file>
      <input_file id="fl-46">
         <path>/Applications/ti/ccs1010/ccs/tools/compiler/ti-cgt-c2000_20.2.1.LTS/lib/</path>
         <kind>archive</kind>
         <file>rts2800_fpu32.lib</file>
         <name>ul_tofd28.asm.obj</name>
      </input_file>
      <input_file id="fl-47">
         <path>/Applications/ti/ccs1010/ccs/tools/compiler/ti-cgt-c2000_20.2.1.LTS/lib/</path>
         <kind>archive</kind>
         <file>rts2800_fpu32.lib</file>
         <name>ull_tofd28.asm.obj</name>
      </input_file>
      <input_file id="fl-48">
         <path>/Applications/ti/ccs1010/ccs/tools/compiler/ti-cgt-c2000_20.2.1.LTS/lib/</path>
         <kind>archive</kind>
         <file>rts2800_fpu32.lib</file>
         <name>ull_tofsfpu32.asm.obj</name>
      </input_file>
      <input_file id="fl-53">
         <path>/Applications/ti/ccs1010/ccs/tools/compiler/ti-cgt-c2000_20.2.1.LTS/lib/</path>
         <kind>archive</kind>
         <file>rts2800_fpu32.lib</file>
         <name>exit.c.obj</name>
      </input_file>
      <input_file id="fl-56">
         <path>/Applications/ti/ccs1010/ccs/tools/compiler/ti-cgt-c2000_20.2.1.LTS/lib/</path>
         <kind>archive</kind>
         <file>rts2800_fpu32.lib</file>
         <name>boot28.asm.obj</name>
      </input_file>
      <input_file id="fl-57">
         <path>/Applications/ti/ccs1010/ccs/tools/compiler/ti-cgt-c2000_20.2.1.LTS/lib/</path>
         <kind>archive</kind>
         <file>rts2800_fpu32.lib</file>
         <name>args_main.c.obj</name>
      </input_file>
      <input_file id="fl-58">
         <path>/Applications/ti/ccs1010/ccs/tools/compiler/ti-cgt-c2000_20.2.1.LTS/lib/</path>
         <kind>archive</kind>
         <file>rts2800_fpu32.lib</file>
         <name>startup.c.obj</name>
      </input_file>
      <input_file id="fl-60">
         <path>/Applications/ti/ccs1010/ccs/tools/compiler/ti-cgt-c2000_20.2.1.LTS/lib/</path>
         <kind>archive</kind>
         <file>rts2800_fpu32.lib</file>
         <name>fs_div28.asm.obj</name>
      </input_file>
      <input_file id="fl-62">
         <path>/Applications/ti/ccs1010/ccs/tools/compiler/ti-cgt-c2000_20.2.1.LTS/lib/</path>
         <kind>archive</kind>
         <file>rts2800_fpu32.lib</file>
         <name>fd_toll28.asm.obj</name>
      </input_file>
      <input_file id="fl-65">
         <path>/Applications/ti/ccs1010/ccs/tools/compiler/ti-cgt-c2000_20.2.1.LTS/lib/</path>
         <kind>archive</kind>
         <file>rts2800_fpu32.lib</file>
         <name>fd_tol28.asm.obj</name>
      </input_file>
   </input_file_list>
   <object_component_list>
      <object_component id="oc-f2">
         <name>codestart</name>
         <load_address>0x0</load_address>
         <run_address>0x0</run_address>
         <size>0x2</size>
         <input_file_ref idref="fl-3"/>
      </object_component>
      <object_component id="oc-16e">
         <name>.cinit</name>
         <load_address>0xc000</load_address>
         <run_address>0xc000</run_address>
         <size>0x12d</size>
         <input_file_ref idref="fl-18"/>
      </object_component>
      <object_component id="oc-7d">
         <name>.cinit</name>
         <load_address>0xc12d</load_address>
         <run_address>0xc12d</run_address>
         <size>0x104</size>
         <input_file_ref idref="fl-73"/>
      </object_component>
      <object_component id="oc-163">
         <name>.cinit</name>
         <load_address>0xc231</load_address>
         <run_address>0xc231</run_address>
         <size>0xfc</size>
         <input_file_ref idref="fl-16"/>
      </object_component>
      <object_component id="oc-149">
         <name>.cinit:_ti_board_settings</name>
         <load_address>0xc32d</load_address>
         <run_address>0xc32d</run_address>
         <size>0x7b</size>
         <input_file_ref idref="fl-12"/>
      </object_component>
      <object_component id="oc-1cb">
         <name>.cinit</name>
         <load_address>0xc3a8</load_address>
         <run_address>0xc3a8</run_address>
         <size>0x7a</size>
         <input_file_ref idref="fl-26"/>
      </object_component>
      <object_component id="oc-159">
         <name>.cinit</name>
         <load_address>0xc422</load_address>
         <run_address>0xc422</run_address>
         <size>0x74</size>
         <input_file_ref idref="fl-15"/>
      </object_component>
      <object_component id="oc-ed">
         <name>.cinit:_db_board_settings$2</name>
         <load_address>0xc496</load_address>
         <run_address>0xc496</run_address>
         <size>0x5b</size>
         <input_file_ref idref="fl-73"/>
      </object_component>
      <object_component id="oc-12a">
         <name>.cinit</name>
         <load_address>0xc4f1</load_address>
         <run_address>0xc4f1</run_address>
         <size>0x3d</size>
         <input_file_ref idref="fl-d"/>
      </object_component>
      <object_component id="oc-150">
         <name>.cinit</name>
         <load_address>0xc52e</load_address>
         <run_address>0xc52e</run_address>
         <size>0x2a</size>
         <input_file_ref idref="fl-14"/>
      </object_component>
      <object_component id="oc-144">
         <name>.cinit</name>
         <load_address>0xc558</load_address>
         <run_address>0xc558</run_address>
         <size>0x22</size>
         <input_file_ref idref="fl-12"/>
      </object_component>
      <object_component id="oc-1c1">
         <name>.cinit</name>
         <load_address>0xc57a</load_address>
         <run_address>0xc57a</run_address>
         <size>0x20</size>
         <input_file_ref idref="fl-24"/>
      </object_component>
      <object_component id="oc-195">
         <name>.cinit</name>
         <load_address>0xc59a</load_address>
         <run_address>0xc59a</run_address>
         <size>0x1e</size>
         <input_file_ref idref="fl-1e"/>
      </object_component>
      <object_component id="oc-133">
         <name>.cinit</name>
         <load_address>0xc5b8</load_address>
         <run_address>0xc5b8</run_address>
         <size>0x15</size>
         <input_file_ref idref="fl-e"/>
      </object_component>
      <object_component id="oc-117">
         <name>.cinit</name>
         <load_address>0xc5cd</load_address>
         <run_address>0xc5cd</run_address>
         <size>0x14</size>
         <input_file_ref idref="fl-b"/>
      </object_component>
      <object_component id="oc-1a7">
         <name>.cinit</name>
         <load_address>0xc5e1</load_address>
         <run_address>0xc5e1</run_address>
         <size>0x14</size>
         <input_file_ref idref="fl-21"/>
      </object_component>
      <object_component id="oc-262">
         <name>.cinit</name>
         <load_address>0xc5f5</load_address>
         <run_address>0xc5f5</run_address>
         <size>0xe</size>
         <input_file_ref idref="fl-53"/>
      </object_component>
      <object_component id="oc-1da">
         <name>.cinit</name>
         <load_address>0xc603</load_address>
         <run_address>0xc603</run_address>
         <size>0xd</size>
         <input_file_ref idref="fl-29"/>
      </object_component>
      <object_component id="oc-2d3">
         <name>.cinit:_sci_settings</name>
         <load_address>0xc610</load_address>
         <run_address>0xc610</run_address>
         <size>0xb</size>
         <input_file_ref idref="fl-12"/>
      </object_component>
      <object_component id="oc-2c1">
         <name>.cinit:_db_board_sense$2</name>
         <load_address>0xc61b</load_address>
         <run_address>0xc61b</run_address>
         <size>0x9</size>
         <input_file_ref idref="fl-73"/>
      </object_component>
      <object_component id="oc-2bb">
         <name>.cinit:__lock</name>
         <load_address>0xc624</load_address>
         <run_address>0xc624</run_address>
         <size>0x5</size>
         <input_file_ref idref="fl-73"/>
      </object_component>
      <object_component id="oc-2ff">
         <name>.cinit:_sigTable$34</name>
         <load_address>0xc629</load_address>
         <run_address>0xc629</run_address>
         <size>0x5</size>
         <input_file_ref idref="fl-73"/>
      </object_component>
      <object_component id="oc-ea">
         <name>.pinit</name>
         <load_address>0xc648</load_address>
         <run_address>0xc648</run_address>
         <size>0x4</size>
         <input_file_ref idref="fl-73"/>
      </object_component>
      <object_component id="oc-11b">
         <name>.pinit</name>
         <load_address>0xc64c</load_address>
         <run_address>0xc64c</run_address>
         <size>0x2</size>
         <input_file_ref idref="fl-b"/>
      </object_component>
      <object_component id="oc-186">
         <name>.pinit</name>
         <load_address>0xc64e</load_address>
         <run_address>0xc64e</run_address>
         <size>0x2</size>
         <input_file_ref idref="fl-1b"/>
      </object_component>
      <object_component id="oc-15b">
         <name>.pinit</name>
         <load_address>0xc650</load_address>
         <run_address>0xc650</run_address>
         <size>0x2</size>
         <input_file_ref idref="fl-15"/>
      </object_component>
      <object_component id="oc-166">
         <name>.pinit</name>
         <load_address>0xc652</load_address>
         <run_address>0xc652</run_address>
         <size>0x2</size>
         <input_file_ref idref="fl-16"/>
      </object_component>
      <object_component id="oc-1c3">
         <name>.pinit</name>
         <load_address>0xc654</load_address>
         <run_address>0xc654</run_address>
         <size>0x2</size>
         <input_file_ref idref="fl-24"/>
      </object_component>
      <object_component id="oc-198">
         <name>.pinit</name>
         <load_address>0xc656</load_address>
         <run_address>0xc656</run_address>
         <size>0x2</size>
         <input_file_ref idref="fl-1e"/>
      </object_component>
      <object_component id="oc-147">
         <name>.pinit</name>
         <load_address>0xc658</load_address>
         <run_address>0xc658</run_address>
         <size>0x2</size>
         <input_file_ref idref="fl-12"/>
      </object_component>
      <object_component id="oc-1aa">
         <name>.pinit</name>
         <load_address>0xc65a</load_address>
         <run_address>0xc65a</run_address>
         <size>0x2</size>
         <input_file_ref idref="fl-21"/>
      </object_component>
      <object_component id="oc-2ac">
         <name>.text</name>
         <load_address>0xc65e</load_address>
         <run_address>0xc65e</run_address>
         <size>0xb02</size>
         <input_file_ref idref="fl-16"/>
      </object_component>
      <object_component id="oc-2b6">
         <name>.text</name>
         <load_address>0xd160</load_address>
         <run_address>0xd160</run_address>
         <size>0x5e8</size>
         <input_file_ref idref="fl-24"/>
      </object_component>
      <object_component id="oc-f8">
         <name>.text:retain</name>
         <load_address>0xd748</load_address>
         <run_address>0xd748</run_address>
         <size>0x585</size>
         <input_file_ref idref="fl-4"/>
      </object_component>
      <object_component id="oc-2cf">
         <name>.text</name>
         <load_address>0xdccd</load_address>
         <run_address>0xdccd</run_address>
         <size>0x50e</size>
         <input_file_ref idref="fl-9"/>
      </object_component>
      <object_component id="oc-29d">
         <name>.text</name>
         <load_address>0xe1db</load_address>
         <run_address>0xe1db</run_address>
         <size>0x4fe</size>
         <input_file_ref idref="fl-17"/>
      </object_component>
      <object_component id="oc-2a6">
         <name>.text</name>
         <load_address>0xe6d9</load_address>
         <run_address>0xe6d9</run_address>
         <size>0x459</size>
         <input_file_ref idref="fl-12"/>
      </object_component>
      <object_component id="oc-2b3">
         <name>.text</name>
         <load_address>0xeb32</load_address>
         <run_address>0xeb32</run_address>
         <size>0x436</size>
         <input_file_ref idref="fl-21"/>
      </object_component>
      <object_component id="oc-2ad">
         <name>.text</name>
         <load_address>0xef68</load_address>
         <run_address>0xef68</run_address>
         <size>0x432</size>
         <input_file_ref idref="fl-18"/>
      </object_component>
      <object_component id="oc-2b1">
         <name>.text</name>
         <load_address>0xf39a</load_address>
         <run_address>0xf39a</run_address>
         <size>0x3f0</size>
         <input_file_ref idref="fl-29"/>
      </object_component>
      <object_component id="oc-2af">
         <name>.text</name>
         <load_address>0xf78a</load_address>
         <run_address>0xf78a</run_address>
         <size>0x253</size>
         <input_file_ref idref="fl-1b"/>
      </object_component>
      <object_component id="oc-2cb">
         <name>.text</name>
         <load_address>0xf9dd</load_address>
         <run_address>0xf9dd</run_address>
         <size>0x213</size>
         <input_file_ref idref="fl-1f"/>
      </object_component>
      <object_component id="oc-2c2">
         <name>.text</name>
         <load_address>0xfbf0</load_address>
         <run_address>0xfbf0</run_address>
         <size>0x208</size>
         <input_file_ref idref="fl-6"/>
      </object_component>
      <object_component id="oc-2e6">
         <name>.text</name>
         <load_address>0xfdf8</load_address>
         <run_address>0xfdf8</run_address>
         <size>0x1f8</size>
         <input_file_ref idref="fl-6b"/>
      </object_component>
      <object_component id="oc-2e5">
         <name>.text</name>
         <load_address>0xfff0</load_address>
         <run_address>0xfff0</run_address>
         <size>0x1d3</size>
         <input_file_ref idref="fl-49"/>
      </object_component>
      <object_component id="oc-29b">
         <name>.text</name>
         <load_address>0x101c3</load_address>
         <run_address>0x101c3</run_address>
         <size>0x195</size>
         <input_file_ref idref="fl-10"/>
      </object_component>
      <object_component id="oc-2b7">
         <name>.text</name>
         <load_address>0x10358</load_address>
         <run_address>0x10358</run_address>
         <size>0x183</size>
         <input_file_ref idref="fl-26"/>
      </object_component>
      <object_component id="oc-2e7">
         <name>.text</name>
         <load_address>0x104db</load_address>
         <run_address>0x104db</run_address>
         <size>0x13f</size>
         <input_file_ref idref="fl-70"/>
      </object_component>
      <object_component id="oc-2a5">
         <name>.text</name>
         <load_address>0x1061a</load_address>
         <run_address>0x1061a</run_address>
         <size>0x139</size>
         <input_file_ref idref="fl-d"/>
      </object_component>
      <object_component id="oc-2ab">
         <name>.text</name>
         <load_address>0x10753</load_address>
         <run_address>0x10753</run_address>
         <size>0x138</size>
         <input_file_ref idref="fl-15"/>
      </object_component>
      <object_component id="oc-2cd">
         <name>.text</name>
         <load_address>0x1088b</load_address>
         <run_address>0x1088b</run_address>
         <size>0x130</size>
         <input_file_ref idref="fl-e"/>
      </object_component>
      <object_component id="oc-2b2">
         <name>.text</name>
         <load_address>0x109bb</load_address>
         <run_address>0x109bb</run_address>
         <size>0x125</size>
         <input_file_ref idref="fl-1e"/>
      </object_component>
      <object_component id="oc-2c3">
         <name>.text</name>
         <load_address>0x10ae0</load_address>
         <run_address>0x10ae0</run_address>
         <size>0x11f</size>
         <input_file_ref idref="fl-14"/>
      </object_component>
      <object_component id="oc-2cc">
         <name>.text</name>
         <load_address>0x10bff</load_address>
         <run_address>0x10bff</run_address>
         <size>0x114</size>
         <input_file_ref idref="fl-1a"/>
      </object_component>
      <object_component id="oc-2a3">
         <name>.text</name>
         <load_address>0x10d13</load_address>
         <run_address>0x10d13</run_address>
         <size>0x108</size>
         <input_file_ref idref="fl-b"/>
      </object_component>
      <object_component id="oc-2e8">
         <name>.text</name>
         <load_address>0x10e1b</load_address>
         <run_address>0x10e1b</run_address>
         <size>0x103</size>
         <input_file_ref idref="fl-72"/>
      </object_component>
      <object_component id="oc-2ed">
         <name>.text</name>
         <load_address>0x10f1e</load_address>
         <run_address>0x10f1e</run_address>
         <size>0xe9</size>
         <input_file_ref idref="fl-2"/>
      </object_component>
      <object_component id="oc-2da">
         <name>.text</name>
         <load_address>0x11007</load_address>
         <run_address>0x11007</run_address>
         <size>0xe9</size>
         <input_file_ref idref="fl-5e"/>
      </object_component>
      <object_component id="oc-2e9">
         <name>.text</name>
         <load_address>0x110f0</load_address>
         <run_address>0x110f0</run_address>
         <size>0xd3</size>
         <input_file_ref idref="fl-6f"/>
      </object_component>
      <object_component id="oc-2eb">
         <name>.text</name>
         <load_address>0x111c3</load_address>
         <run_address>0x111c3</run_address>
         <size>0xcf</size>
         <input_file_ref idref="fl-5f"/>
      </object_component>
      <object_component id="oc-2d4">
         <name>.text</name>
         <load_address>0x11292</load_address>
         <run_address>0x11292</run_address>
         <size>0xb1</size>
         <input_file_ref idref="fl-71"/>
      </object_component>
      <object_component id="oc-2a9">
         <name>.text</name>
         <load_address>0x11343</load_address>
         <run_address>0x11343</run_address>
         <size>0xb0</size>
         <input_file_ref idref="fl-2a"/>
      </object_component>
      <object_component id="oc-2ce">
         <name>.text</name>
         <load_address>0x113f3</load_address>
         <run_address>0x113f3</run_address>
         <size>0x94</size>
         <input_file_ref idref="fl-69"/>
      </object_component>
      <object_component id="oc-2f1">
         <name>.text</name>
         <load_address>0x11487</load_address>
         <run_address>0x11487</run_address>
         <size>0x7a</size>
         <input_file_ref idref="fl-4a"/>
      </object_component>
      <object_component id="oc-2ea">
         <name>.text</name>
         <load_address>0x11501</load_address>
         <run_address>0x11501</run_address>
         <size>0x59</size>
         <input_file_ref idref="fl-5d"/>
      </object_component>
      <object_component id="oc-7b">
         <name>.text</name>
         <load_address>0x1155a</load_address>
         <run_address>0x1155a</run_address>
         <size>0x56</size>
         <input_file_ref idref="fl-56"/>
      </object_component>
      <object_component id="oc-299">
         <name>.text</name>
         <load_address>0x115b0</load_address>
         <run_address>0x115b0</run_address>
         <size>0x40</size>
         <input_file_ref idref="fl-23"/>
      </object_component>
      <object_component id="oc-2fb">
         <name>.text</name>
         <load_address>0x115f0</load_address>
         <run_address>0x115f0</run_address>
         <size>0x3e</size>
         <input_file_ref idref="fl-27"/>
      </object_component>
      <object_component id="oc-29a">
         <name>.text</name>
         <load_address>0x1162e</load_address>
         <run_address>0x1162e</run_address>
         <size>0x38</size>
         <input_file_ref idref="fl-52"/>
      </object_component>
      <object_component id="oc-2d0">
         <name>.text</name>
         <load_address>0x11666</load_address>
         <run_address>0x11666</run_address>
         <size>0x36</size>
         <input_file_ref idref="fl-1c"/>
      </object_component>
      <object_component id="oc-2b9">
         <name>.text</name>
         <load_address>0x1169c</load_address>
         <run_address>0x1169c</run_address>
         <size>0x2e</size>
         <input_file_ref idref="fl-11"/>
      </object_component>
      <object_component id="oc-28b">
         <name>.text</name>
         <load_address>0x116ca</load_address>
         <run_address>0x116ca</run_address>
         <size>0x29</size>
         <input_file_ref idref="fl-53"/>
      </object_component>
      <object_component id="oc-2f9">
         <name>.text</name>
         <load_address>0x116f3</load_address>
         <run_address>0x116f3</run_address>
         <size>0x25</size>
         <input_file_ref idref="fl-68"/>
      </object_component>
      <object_component id="oc-288">
         <name>.text</name>
         <load_address>0x11718</load_address>
         <run_address>0x11718</run_address>
         <size>0x24</size>
         <input_file_ref idref="fl-5a"/>
      </object_component>
      <object_component id="oc-2b8">
         <name>.text</name>
         <load_address>0x1173c</load_address>
         <run_address>0x1173c</run_address>
         <size>0x1c</size>
         <input_file_ref idref="fl-66"/>
      </object_component>
      <object_component id="oc-2f2">
         <name>.text</name>
         <load_address>0x11758</load_address>
         <run_address>0x11758</run_address>
         <size>0x18</size>
         <input_file_ref idref="fl-63"/>
      </object_component>
      <object_component id="oc-28a">
         <name>.text</name>
         <load_address>0x11770</load_address>
         <run_address>0x11770</run_address>
         <size>0x12</size>
         <input_file_ref idref="fl-57"/>
      </object_component>
      <object_component id="oc-2d1">
         <name>.text</name>
         <load_address>0x11782</load_address>
         <run_address>0x11782</run_address>
         <size>0x11</size>
         <input_file_ref idref="fl-8"/>
      </object_component>
      <object_component id="oc-2be">
         <name>.text</name>
         <load_address>0x11793</load_address>
         <run_address>0x11793</run_address>
         <size>0xe</size>
         <input_file_ref idref="fl-4f"/>
      </object_component>
      <object_component id="oc-248">
         <name>.text</name>
         <load_address>0x117a1</load_address>
         <run_address>0x117a1</run_address>
         <size>0xb</size>
         <input_file_ref idref="fl-44"/>
      </object_component>
      <object_component id="oc-2d5">
         <name>.text</name>
         <load_address>0x117ac</load_address>
         <run_address>0x117ac</run_address>
         <size>0xa</size>
         <input_file_ref idref="fl-6a"/>
      </object_component>
      <object_component id="oc-2f8">
         <name>.text</name>
         <load_address>0x117b6</load_address>
         <run_address>0x117b6</run_address>
         <size>0x6</size>
         <input_file_ref idref="fl-67"/>
      </object_component>
      <object_component id="oc-2bd">
         <name>.text</name>
         <load_address>0x117bc</load_address>
         <run_address>0x117bc</run_address>
         <size>0x5</size>
         <input_file_ref idref="fl-4c"/>
      </object_component>
      <object_component id="oc-2bf">
         <name>.text</name>
         <load_address>0x117c1</load_address>
         <run_address>0x117c1</run_address>
         <size>0x3</size>
         <input_file_ref idref="fl-4b"/>
      </object_component>
      <object_component id="oc-287">
         <name>.text</name>
         <load_address>0x117c4</load_address>
         <run_address>0x117c4</run_address>
         <size>0x2</size>
         <input_file_ref idref="fl-59"/>
      </object_component>
      <object_component id="oc-2e4">
         <name>.text</name>
         <load_address>0x117c6</load_address>
         <run_address>0x117c6</run_address>
         <size>0x1</size>
         <input_file_ref idref="fl-54"/>
      </object_component>
      <object_component id="oc-289">
         <name>.text</name>
         <load_address>0x117c7</load_address>
         <run_address>0x117c7</run_address>
         <size>0x1</size>
         <input_file_ref idref="fl-58"/>
      </object_component>
      <object_component id="oc-268">
         <name>.stack</name>
         <uninitialized>true</uninitialized>
         <run_address>0x130</run_address>
         <size>0x0</size>
         <input_file_ref idref="fl-56"/>
      </object_component>
      <object_component id="oc-383">
         <name>.stack</name>
         <uninitialized>true</uninitialized>
         <run_address>0x130</run_address>
         <size>0x0</size>
      </object_component>
      <object_component id="oc-8d">
         <name>.esysmem</name>
         <uninitialized>true</uninitialized>
         <run_address>0x15000</run_address>
         <size>0x4</size>
         <input_file_ref idref="fl-49"/>
      </object_component>
      <object_component id="oc-384">
         <name>.esysmem</name>
         <uninitialized>true</uninitialized>
         <run_address>0x15000</run_address>
         <size>0x0</size>
      </object_component>
      <object_component id="oc-1c2">
         <name>.ebss</name>
         <uninitialized>true</uninitialized>
         <run_address>0x13ea8</run_address>
         <size>0x18</size>
         <input_file_ref idref="fl-24"/>
      </object_component>
      <object_component id="oc-165">
         <name>.ebss</name>
         <uninitialized>true</uninitialized>
         <run_address>0x13ec0</run_address>
         <size>0x37c</size>
         <input_file_ref idref="fl-16"/>
      </object_component>
      <object_component id="oc-1db">
         <name>.ebss</name>
         <uninitialized>true</uninitialized>
         <run_address>0x1423c</run_address>
         <size>0x4</size>
         <input_file_ref idref="fl-29"/>
      </object_component>
      <object_component id="oc-16f">
         <name>.ebss</name>
         <uninitialized>true</uninitialized>
         <run_address>0x14240</run_address>
         <size>0xcc</size>
         <input_file_ref idref="fl-18"/>
      </object_component>
      <object_component id="oc-151">
         <name>.ebss</name>
         <uninitialized>true</uninitialized>
         <run_address>0x1430c</run_address>
         <size>0x30</size>
         <input_file_ref idref="fl-14"/>
      </object_component>
      <object_component id="oc-80">
         <name>.ebss</name>
         <uninitialized>true</uninitialized>
         <run_address>0x1433c</run_address>
         <size>0x4</size>
         <input_file_ref idref="fl-49"/>
      </object_component>
      <object_component id="oc-8f">
         <name>.ebss</name>
         <uninitialized>true</uninitialized>
         <run_address>0x14340</run_address>
         <size>0xca</size>
         <input_file_ref idref="fl-17"/>
      </object_component>
      <object_component id="oc-12b">
         <name>.ebss</name>
         <uninitialized>true</uninitialized>
         <run_address>0x1440a</run_address>
         <size>0x26</size>
         <input_file_ref idref="fl-d"/>
      </object_component>
      <object_component id="oc-2e1">
         <name>.ebss:_blank_json_object</name>
         <uninitialized>true</uninitialized>
         <run_address>0x14430</run_address>
         <size>0xc</size>
         <input_file_ref idref="fl-24"/>
      </object_component>
      <object_component id="oc-83">
         <name>.ebss</name>
         <uninitialized>true</uninitialized>
         <run_address>0x1443c</run_address>
         <size>0x3</size>
         <input_file_ref idref="fl-63"/>
      </object_component>
      <object_component id="oc-134">
         <name>.ebss</name>
         <uninitialized>true</uninitialized>
         <run_address>0x1443f</run_address>
         <size>0x1</size>
         <input_file_ref idref="fl-e"/>
      </object_component>
      <object_component id="oc-184">
         <name>.ebss</name>
         <uninitialized>true</uninitialized>
         <run_address>0x14440</run_address>
         <size>0xbc</size>
         <input_file_ref idref="fl-1b"/>
      </object_component>
      <object_component id="oc-2ba">
         <name>.ebss:__lock</name>
         <uninitialized>true</uninitialized>
         <run_address>0x144fc</run_address>
         <size>0x2</size>
         <input_file_ref idref="fl-54"/>
      </object_component>
      <object_component id="oc-82">
         <name>.ebss</name>
         <uninitialized>true</uninitialized>
         <run_address>0x144fe</run_address>
         <size>0x1</size>
         <input_file_ref idref="fl-5b"/>
      </object_component>
      <object_component id="oc-1a8">
         <name>.ebss</name>
         <uninitialized>true</uninitialized>
         <run_address>0x14500</run_address>
         <size>0x9a</size>
         <input_file_ref idref="fl-21"/>
      </object_component>
      <object_component id="oc-196">
         <name>.ebss</name>
         <uninitialized>true</uninitialized>
         <run_address>0x1459a</run_address>
         <size>0x20</size>
         <input_file_ref idref="fl-1e"/>
      </object_component>
      <object_component id="oc-2c0">
         <name>.ebss:_db_board_sense$2</name>
         <uninitialized>true</uninitialized>
         <run_address>0x145ba</run_address>
         <size>0x6</size>
         <input_file_ref idref="fl-10"/>
      </object_component>
      <object_component id="oc-2a7">
         <name>.ebss:_ti_board_settings</name>
         <uninitialized>true</uninitialized>
         <run_address>0x145c0</run_address>
         <size>0x78</size>
         <input_file_ref idref="fl-12"/>
      </object_component>
      <object_component id="oc-2ec">
         <name>.ebss:_is_cla_task_enabled</name>
         <uninitialized>true</uninitialized>
         <run_address>0x14638</run_address>
         <size>0x8</size>
         <input_file_ref idref="fl-1a"/>
      </object_component>
      <object_component id="oc-145">
         <name>.ebss</name>
         <uninitialized>true</uninitialized>
         <run_address>0x14640</run_address>
         <size>0x70</size>
         <input_file_ref idref="fl-12"/>
      </object_component>
      <object_component id="oc-2b4">
         <name>.ebss:_total_tics_per_step</name>
         <uninitialized>true</uninitialized>
         <run_address>0x146b0</run_address>
         <size>0xc</size>
         <input_file_ref idref="fl-21"/>
      </object_component>
      <object_component id="oc-29e">
         <name>.ebss:_db_board_settings$2</name>
         <uninitialized>true</uninitialized>
         <run_address>0x146c0</run_address>
         <size>0x66</size>
         <input_file_ref idref="fl-10"/>
      </object_component>
      <object_component id="oc-118">
         <name>.ebss</name>
         <uninitialized>true</uninitialized>
         <run_address>0x14726</run_address>
         <size>0x1a</size>
         <input_file_ref idref="fl-b"/>
      </object_component>
      <object_component id="oc-8c">
         <name>.ebss</name>
         <uninitialized>true</uninitialized>
         <run_address>0x14740</run_address>
         <size>0x64</size>
         <input_file_ref idref="fl-10"/>
      </object_component>
      <object_component id="oc-81">
         <name>.ebss</name>
         <uninitialized>true</uninitialized>
         <run_address>0x147a4</run_address>
         <size>0xc</size>
         <input_file_ref idref="fl-52"/>
      </object_component>
      <object_component id="oc-2d2">
         <name>.ebss:_sci_settings</name>
         <uninitialized>true</uninitialized>
         <run_address>0x147b0</run_address>
         <size>0x8</size>
         <input_file_ref idref="fl-12"/>
      </object_component>
      <object_component id="oc-263">
         <name>.ebss</name>
         <uninitialized>true</uninitialized>
         <run_address>0x147b8</run_address>
         <size>0x6</size>
         <input_file_ref idref="fl-53"/>
      </object_component>
      <object_component id="oc-15a">
         <name>.ebss</name>
         <uninitialized>true</uninitialized>
         <run_address>0x147c0</run_address>
         <size>0x64</size>
         <input_file_ref idref="fl-15"/>
      </object_component>
      <object_component id="oc-87">
         <name>.ebss</name>
         <uninitialized>true</uninitialized>
         <run_address>0x14824</run_address>
         <size>0x6</size>
         <input_file_ref idref="fl-13"/>
      </object_component>
      <object_component id="oc-1cc">
         <name>.ebss</name>
         <uninitialized>true</uninitialized>
         <run_address>0x14840</run_address>
         <size>0x58</size>
         <input_file_ref idref="fl-26"/>
      </object_component>
      <object_component id="oc-2fe">
         <name>.ebss:_sigTable$34</name>
         <uninitialized>true</uninitialized>
         <run_address>0x148c0</run_address>
         <size>0x40</size>
         <input_file_ref idref="fl-68"/>
      </object_component>
      <object_component id="oc-ec">
         <name>.econst:.string</name>
         <load_address>0x883c</load_address>
         <run_address>0x883c</run_address>
         <size>0x389</size>
         <input_file_ref idref="fl-73"/>
      </object_component>
      <object_component id="oc-1cd">
         <name>.econst</name>
         <load_address>0x8bc5</load_address>
         <run_address>0x8bc5</run_address>
         <size>0x1</size>
         <input_file_ref idref="fl-26"/>
      </object_component>
      <object_component id="oc-172">
         <name>.econst:.string</name>
         <load_address>0x8bc6</load_address>
         <run_address>0x8bc6</run_address>
         <size>0x367</size>
         <input_file_ref idref="fl-18"/>
      </object_component>
      <object_component id="oc-11c">
         <name>.econst:.string</name>
         <load_address>0x8f2e</load_address>
         <run_address>0x8f2e</run_address>
         <size>0xb4</size>
         <input_file_ref idref="fl-b"/>
      </object_component>
      <object_component id="oc-1ab">
         <name>.econst</name>
         <load_address>0x8fe2</load_address>
         <run_address>0x8fe2</run_address>
         <size>0x18</size>
         <input_file_ref idref="fl-21"/>
      </object_component>
      <object_component id="oc-293">
         <name>.econst:_db2_77s_digital_in_gpio$2</name>
         <load_address>0x8ffa</load_address>
         <run_address>0x8ffa</run_address>
         <size>0x5</size>
         <input_file_ref idref="fl-10"/>
      </object_component>
      <object_component id="oc-167">
         <name>.econst:.string</name>
         <load_address>0x12000</load_address>
         <run_address>0x12000</run_address>
         <size>0x7de</size>
         <input_file_ref idref="fl-16"/>
      </object_component>
      <object_component id="oc-15c">
         <name>.econst:.string</name>
         <load_address>0x127de</load_address>
         <run_address>0x127de</run_address>
         <size>0x303</size>
         <input_file_ref idref="fl-15"/>
      </object_component>
      <object_component id="oc-1c4">
         <name>.econst:.string</name>
         <load_address>0x12ae2</load_address>
         <run_address>0x12ae2</run_address>
         <size>0x26e</size>
         <input_file_ref idref="fl-24"/>
      </object_component>
      <object_component id="oc-1ce">
         <name>.econst:.string</name>
         <load_address>0x12d50</load_address>
         <run_address>0x12d50</run_address>
         <size>0x202</size>
         <input_file_ref idref="fl-26"/>
      </object_component>
      <object_component id="oc-148">
         <name>.econst:.string</name>
         <load_address>0x12f52</load_address>
         <run_address>0x12f52</run_address>
         <size>0x1dc</size>
         <input_file_ref idref="fl-12"/>
      </object_component>
      <object_component id="oc-2ee">
         <name>.econst:_PieVectTableInit</name>
         <load_address>0x1312e</load_address>
         <run_address>0x1312e</run_address>
         <size>0x1c0</size>
         <input_file_ref idref="fl-8"/>
      </object_component>
      <object_component id="oc-1ba">
         <name>.econst:.string</name>
         <load_address>0x132ee</load_address>
         <run_address>0x132ee</run_address>
         <size>0x181</size>
         <input_file_ref idref="fl-23"/>
      </object_component>
      <object_component id="oc-152">
         <name>.econst:.string</name>
         <load_address>0x13470</load_address>
         <run_address>0x13470</run_address>
         <size>0x17a</size>
         <input_file_ref idref="fl-14"/>
      </object_component>
      <object_component id="oc-1ac">
         <name>.econst:.string</name>
         <load_address>0x135ea</load_address>
         <run_address>0x135ea</run_address>
         <size>0x15f</size>
         <input_file_ref idref="fl-21"/>
      </object_component>
      <object_component id="oc-12d">
         <name>.econst:.string</name>
         <load_address>0x1374a</load_address>
         <run_address>0x1374a</run_address>
         <size>0x14a</size>
         <input_file_ref idref="fl-d"/>
      </object_component>
      <object_component id="oc-1dd">
         <name>.econst:.string</name>
         <load_address>0x13894</load_address>
         <run_address>0x13894</run_address>
         <size>0x127</size>
         <input_file_ref idref="fl-29"/>
      </object_component>
      <object_component id="oc-2ef">
         <name>.econst:.string:__ctypes_</name>
         <load_address>0x139bb</load_address>
         <run_address>0x139bb</run_address>
         <size>0x101</size>
         <input_file_ref idref="fl-6c"/>
      </object_component>
      <object_component id="oc-188">
         <name>.econst:.string</name>
         <load_address>0x13abc</load_address>
         <run_address>0x13abc</run_address>
         <size>0x63</size>
         <input_file_ref idref="fl-1b"/>
      </object_component>
      <object_component id="oc-17e">
         <name>.econst:.string</name>
         <load_address>0x13b20</load_address>
         <run_address>0x13b20</run_address>
         <size>0x54</size>
         <input_file_ref idref="fl-1a"/>
      </object_component>
      <object_component id="oc-19a">
         <name>.econst:.string</name>
         <load_address>0x13b74</load_address>
         <run_address>0x13b74</run_address>
         <size>0x53</size>
         <input_file_ref idref="fl-1e"/>
      </object_component>
      <object_component id="oc-137">
         <name>.econst:.string</name>
         <load_address>0x13bc8</load_address>
         <run_address>0x13bc8</run_address>
         <size>0x51</size>
         <input_file_ref idref="fl-e"/>
      </object_component>
      <object_component id="oc-18f">
         <name>.econst:.string</name>
         <load_address>0x13c1a</load_address>
         <run_address>0x13c1a</run_address>
         <size>0x47</size>
         <input_file_ref idref="fl-1d"/>
      </object_component>
      <object_component id="oc-1a1">
         <name>.econst:.string</name>
         <load_address>0x13c62</load_address>
         <run_address>0x13c62</run_address>
         <size>0x38</size>
         <input_file_ref idref="fl-1f"/>
      </object_component>
      <object_component id="oc-164">
         <name>.econst</name>
         <load_address>0x13c9a</load_address>
         <run_address>0x13c9a</run_address>
         <size>0x2e</size>
         <input_file_ref idref="fl-16"/>
      </object_component>
      <object_component id="oc-eb">
         <name>.econst</name>
         <load_address>0x13cc8</load_address>
         <run_address>0x13cc8</run_address>
         <size>0x20</size>
         <input_file_ref idref="fl-73"/>
      </object_component>
      <object_component id="oc-2f4">
         <name>.econst:_digits$37</name>
         <load_address>0x13ce8</load_address>
         <run_address>0x13ce8</run_address>
         <size>0x20</size>
         <input_file_ref idref="fl-6b"/>
      </object_component>
      <object_component id="oc-2a0">
         <name>.econst:_db2_79d_pullup$2</name>
         <load_address>0x13d08</load_address>
         <run_address>0x13d08</run_address>
         <size>0x17</size>
         <input_file_ref idref="fl-10"/>
      </object_component>
      <object_component id="oc-146">
         <name>.econst</name>
         <load_address>0x13d20</load_address>
         <run_address>0x13d20</run_address>
         <size>0x16</size>
         <input_file_ref idref="fl-12"/>
      </object_component>
      <object_component id="oc-2fc">
         <name>.econst:.string:_min$2$9</name>
         <load_address>0x13d36</load_address>
         <run_address>0x13d36</run_address>
         <size>0x15</size>
         <input_file_ref idref="fl-27"/>
      </object_component>
      <object_component id="oc-2fd">
         <name>.econst:.string:_max$3$9</name>
         <load_address>0x13d4b</load_address>
         <run_address>0x13d4b</run_address>
         <size>0x14</size>
         <input_file_ref idref="fl-27"/>
      </object_component>
      <object_component id="oc-2dc">
         <name>.econst:_$P$T1$2</name>
         <load_address>0x13d60</load_address>
         <run_address>0x13d60</run_address>
         <size>0x14</size>
         <input_file_ref idref="fl-29"/>
      </object_component>
      <object_component id="oc-2dd">
         <name>.econst:_$P$T2$3</name>
         <load_address>0x13d74</load_address>
         <run_address>0x13d74</run_address>
         <size>0x14</size>
         <input_file_ref idref="fl-29"/>
      </object_component>
      <object_component id="oc-2de">
         <name>.econst:_$P$T3$4</name>
         <load_address>0x13d88</load_address>
         <run_address>0x13d88</run_address>
         <size>0x14</size>
         <input_file_ref idref="fl-29"/>
      </object_component>
      <object_component id="oc-2df">
         <name>.econst:_$P$T4$5</name>
         <load_address>0x13d9c</load_address>
         <run_address>0x13d9c</run_address>
         <size>0x14</size>
         <input_file_ref idref="fl-29"/>
      </object_component>
      <object_component id="oc-1e4">
         <name>.econst:.string</name>
         <load_address>0x13db0</load_address>
         <run_address>0x13db0</run_address>
         <size>0x13</size>
         <input_file_ref idref="fl-2a"/>
      </object_component>
      <object_component id="oc-2fa">
         <name>.econst:_pair$1$9</name>
         <load_address>0x13dc3</load_address>
         <run_address>0x13dc3</run_address>
         <size>0x10</size>
         <input_file_ref idref="fl-27"/>
      </object_component>
      <object_component id="oc-28e">
         <name>.econst:_db2_77s_dsp_bit_gpio$2</name>
         <load_address>0x13dd3</load_address>
         <run_address>0x13dd3</run_address>
         <size>0xf</size>
         <input_file_ref idref="fl-10"/>
      </object_component>
      <object_component id="oc-291">
         <name>.econst:_db2_79d_dsp_bit_gpio$2</name>
         <load_address>0x13de2</load_address>
         <run_address>0x13de2</run_address>
         <size>0xf</size>
         <input_file_ref idref="fl-10"/>
      </object_component>
      <object_component id="oc-2a1">
         <name>.econst:_db3_79d_pullup$2</name>
         <load_address>0x13df1</load_address>
         <run_address>0x13df1</run_address>
         <size>0xe</size>
         <input_file_ref idref="fl-10"/>
      </object_component>
      <object_component id="oc-2f5">
         <name>.econst:_powerof10$37</name>
         <load_address>0x13e00</load_address>
         <run_address>0x13e00</run_address>
         <size>0xc</size>
         <input_file_ref idref="fl-6b"/>
      </object_component>
      <object_component id="oc-136">
         <name>.econst</name>
         <load_address>0x13e0c</load_address>
         <run_address>0x13e0c</run_address>
         <size>0xc</size>
         <input_file_ref idref="fl-e"/>
      </object_component>
      <object_component id="oc-2db">
         <name>.econst:_$P$T0$1</name>
         <load_address>0x13e18</load_address>
         <run_address>0x13e18</run_address>
         <size>0xa</size>
         <input_file_ref idref="fl-29"/>
      </object_component>
      <object_component id="oc-2c4">
         <name>.econst:_db3_79d_spi_adc$2</name>
         <load_address>0x13e22</load_address>
         <run_address>0x13e22</run_address>
         <size>0x9</size>
         <input_file_ref idref="fl-10"/>
      </object_component>
      <object_component id="oc-294">
         <name>.econst:_db2_77s_digital_out_gpio$2</name>
         <load_address>0x13e2b</load_address>
         <run_address>0x13e2b</run_address>
         <size>0x8</size>
         <input_file_ref idref="fl-10"/>
      </object_component>
      <object_component id="oc-296">
         <name>.econst:_db2_79d_digital_out_gpio$2</name>
         <load_address>0x13e33</load_address>
         <run_address>0x13e33</run_address>
         <size>0x8</size>
         <input_file_ref idref="fl-10"/>
      </object_component>
      <object_component id="oc-29c">
         <name>.econst:_db3_79d_dev_chan_to_in$2</name>
         <load_address>0x13e3b</load_address>
         <run_address>0x13e3b</run_address>
         <size>0x8</size>
         <input_file_ref idref="fl-10"/>
      </object_component>
      <object_component id="oc-297">
         <name>.econst:_db3_79d_digital_in_gpio$2</name>
         <load_address>0x13e43</load_address>
         <run_address>0x13e43</run_address>
         <size>0x8</size>
         <input_file_ref idref="fl-10"/>
      </object_component>
      <object_component id="oc-298">
         <name>.econst:_db3_79d_digital_out_gpio$2</name>
         <load_address>0x13e4b</load_address>
         <run_address>0x13e4b</run_address>
         <size>0x8</size>
         <input_file_ref idref="fl-10"/>
      </object_component>
      <object_component id="oc-292">
         <name>.econst:_db3_79d_dsp_bit_gpio$2</name>
         <load_address>0x13e53</load_address>
         <run_address>0x13e53</run_address>
         <size>0x8</size>
         <input_file_ref idref="fl-10"/>
      </object_component>
      <object_component id="oc-187">
         <name>.econst</name>
         <load_address>0x13e5c</load_address>
         <run_address>0x13e5c</run_address>
         <size>0x8</size>
         <input_file_ref idref="fl-1b"/>
      </object_component>
      <object_component id="oc-171">
         <name>.econst</name>
         <load_address>0x13e64</load_address>
         <run_address>0x13e64</run_address>
         <size>0x8</size>
         <input_file_ref idref="fl-18"/>
      </object_component>
      <object_component id="oc-18e">
         <name>.econst</name>
         <load_address>0x13e6c</load_address>
         <run_address>0x13e6c</run_address>
         <size>0x8</size>
         <input_file_ref idref="fl-1d"/>
      </object_component>
      <object_component id="oc-199">
         <name>.econst</name>
         <load_address>0x13e74</load_address>
         <run_address>0x13e74</run_address>
         <size>0x8</size>
         <input_file_ref idref="fl-1e"/>
      </object_component>
      <object_component id="oc-29f">
         <name>.econst:_db2_77s_pullup$2</name>
         <load_address>0x13e7c</load_address>
         <run_address>0x13e7c</run_address>
         <size>0x7</size>
         <input_file_ref idref="fl-10"/>
      </object_component>
      <object_component id="oc-295">
         <name>.econst:_db2_79d_digital_in_gpio$2</name>
         <load_address>0x13e83</load_address>
         <run_address>0x13e83</run_address>
         <size>0x5</size>
         <input_file_ref idref="fl-10"/>
      </object_component>
      <object_component id="oc-2f7">
         <name>.econst:_Zero$28</name>
         <load_address>0x13e88</load_address>
         <run_address>0x13e88</run_address>
         <size>0x4</size>
         <input_file_ref idref="fl-5f"/>
      </object_component>
      <object_component id="oc-28c">
         <name>.econst:_db2_77s_analog_in_adc_letter$2</name>
         <load_address>0x13e8c</load_address>
         <run_address>0x13e8c</run_address>
         <size>0x4</size>
         <input_file_ref idref="fl-10"/>
      </object_component>
      <object_component id="oc-28d">
         <name>.econst:_db2_77s_analog_in_gpio$2</name>
         <load_address>0x13e90</load_address>
         <run_address>0x13e90</run_address>
         <size>0x4</size>
         <input_file_ref idref="fl-10"/>
      </object_component>
      <object_component id="oc-28f">
         <name>.econst:_db2_79d_analog_in_adc_letter$2</name>
         <load_address>0x13e94</load_address>
         <run_address>0x13e94</run_address>
         <size>0x4</size>
         <input_file_ref idref="fl-10"/>
      </object_component>
      <object_component id="oc-290">
         <name>.econst:_db2_79d_analog_in_gpio$2</name>
         <load_address>0x13e98</load_address>
         <run_address>0x13e98</run_address>
         <size>0x4</size>
         <input_file_ref idref="fl-10"/>
      </object_component>
      <object_component id="oc-1a0">
         <name>.econst</name>
         <load_address>0x13e9c</load_address>
         <run_address>0x13e9c</run_address>
         <size>0x4</size>
         <input_file_ref idref="fl-1f"/>
      </object_component>
      <object_component id="oc-1dc">
         <name>.econst</name>
         <load_address>0x13ea0</load_address>
         <run_address>0x13ea0</run_address>
         <size>0x2</size>
         <input_file_ref idref="fl-29"/>
      </object_component>
      <object_component id="oc-88">
         <name>.econst</name>
         <load_address>0x13ea2</load_address>
         <run_address>0x13ea2</run_address>
         <size>0x2</size>
         <input_file_ref idref="fl-25"/>
      </object_component>
      <object_component id="oc-8a">
         <name>.econst</name>
         <load_address>0x13ea4</load_address>
         <run_address>0x13ea4</run_address>
         <size>0x2</size>
         <input_file_ref idref="fl-55"/>
      </object_component>
      <object_component id="oc-89">
         <name>.econst</name>
         <load_address>0x13ea6</load_address>
         <run_address>0x13ea6</run_address>
         <size>0x2</size>
         <input_file_ref idref="fl-4a"/>
      </object_component>
      <object_component id="oc-2e0">
         <name>.switch:_value_type_name__F12value_type_t</name>
         <load_address>0xc630</load_address>
         <run_address>0xc630</run_address>
         <size>0x18</size>
         <input_file_ref idref="fl-24"/>
      </object_component>
      <object_component id="oc-269">
         <name>.reset</name>
         <load_address>0x3fffc0</load_address>
         <run_address>0x3fffc0</run_address>
         <size>0x2</size>
         <input_file_ref idref="fl-56"/>
      </object_component>
      <object_component id="oc-2a2">
         <name>.TI.ramfunc</name>
         <load_address>0x9000</load_address>
         <run_address>0x9000</run_address>
         <size>0x5e2</size>
         <input_file_ref idref="fl-24"/>
      </object_component>
      <object_component id="oc-2c5">
         <name>.TI.ramfunc</name>
         <load_address>0x95e2</load_address>
         <run_address>0x95e2</run_address>
         <size>0x565</size>
         <input_file_ref idref="fl-23"/>
      </object_component>
      <object_component id="oc-2bc">
         <name>.TI.ramfunc</name>
         <load_address>0x9b47</load_address>
         <run_address>0x9b47</run_address>
         <size>0x4b0</size>
         <input_file_ref idref="fl-16"/>
      </object_component>
      <object_component id="oc-2ca">
         <name>.TI.ramfunc</name>
         <load_address>0x9ff7</load_address>
         <run_address>0x9ff7</run_address>
         <size>0x453</size>
         <input_file_ref idref="fl-25"/>
      </object_component>
      <object_component id="oc-2d6">
         <name>.TI.ramfunc</name>
         <load_address>0xa44a</load_address>
         <run_address>0xa44a</run_address>
         <size>0x40c</size>
         <input_file_ref idref="fl-18"/>
      </object_component>
      <object_component id="oc-2aa">
         <name>.TI.ramfunc</name>
         <load_address>0xa856</load_address>
         <run_address>0xa856</run_address>
         <size>0x349</size>
         <input_file_ref idref="fl-15"/>
      </object_component>
      <object_component id="oc-2f3">
         <name>.TI.ramfunc</name>
         <load_address>0xab9f</load_address>
         <run_address>0xab9f</run_address>
         <size>0x224</size>
         <input_file_ref idref="fl-27"/>
      </object_component>
      <object_component id="oc-2e2">
         <name>.TI.ramfunc</name>
         <load_address>0xadc3</load_address>
         <run_address>0xadc3</run_address>
         <size>0x193</size>
         <input_file_ref idref="fl-26"/>
      </object_component>
      <object_component id="oc-2a8">
         <name>.TI.ramfunc</name>
         <load_address>0xaf56</load_address>
         <run_address>0xaf56</run_address>
         <size>0x12f</size>
         <input_file_ref idref="fl-14"/>
      </object_component>
      <object_component id="oc-239">
         <name>.text</name>
         <load_address>0xb085</load_address>
         <run_address>0xb085</run_address>
         <size>0x107</size>
         <input_file_ref idref="fl-41"/>
      </object_component>
      <object_component id="oc-2b0">
         <name>.TI.ramfunc</name>
         <load_address>0xb18c</load_address>
         <run_address>0xb18c</run_address>
         <size>0xeb</size>
         <input_file_ref idref="fl-2a"/>
      </object_component>
      <object_component id="oc-2a4">
         <name>.TI.ramfunc</name>
         <load_address>0xb278</load_address>
         <run_address>0xb278</run_address>
         <size>0xd2</size>
         <input_file_ref idref="fl-d"/>
      </object_component>
      <object_component id="oc-2c7">
         <name>.TI.ramfunc</name>
         <load_address>0xb34a</load_address>
         <run_address>0xb34a</run_address>
         <size>0xcf</size>
         <input_file_ref idref="fl-17"/>
      </object_component>
      <object_component id="oc-197">
         <name>.TI.ramfunc:retain</name>
         <load_address>0xb419</load_address>
         <run_address>0xb419</run_address>
         <size>0xc7</size>
         <input_file_ref idref="fl-1e"/>
      </object_component>
      <object_component id="oc-2e3">
         <name>.TI.ramfunc</name>
         <load_address>0xb4e0</load_address>
         <run_address>0xb4e0</run_address>
         <size>0xb9</size>
         <input_file_ref idref="fl-11"/>
      </object_component>
      <object_component id="oc-1e9">
         <name>.text</name>
         <load_address>0xb599</load_address>
         <run_address>0xb599</run_address>
         <size>0x9c</size>
         <input_file_ref idref="fl-31"/>
      </object_component>
      <object_component id="oc-185">
         <name>.TI.ramfunc:retain</name>
         <load_address>0xb635</load_address>
         <run_address>0xb635</run_address>
         <size>0x91</size>
         <input_file_ref idref="fl-1b"/>
      </object_component>
      <object_component id="oc-1f3">
         <name>.text</name>
         <load_address>0xb6c6</load_address>
         <run_address>0xb6c6</run_address>
         <size>0x8b</size>
         <input_file_ref idref="fl-33"/>
      </object_component>
      <object_component id="oc-278">
         <name>.text</name>
         <load_address>0xb751</load_address>
         <run_address>0xb751</run_address>
         <size>0x88</size>
         <input_file_ref idref="fl-60"/>
      </object_component>
      <object_component id="oc-1f8">
         <name>.text</name>
         <load_address>0xb7d9</load_address>
         <run_address>0xb7d9</run_address>
         <size>0x83</size>
         <input_file_ref idref="fl-34"/>
      </object_component>
      <object_component id="oc-1a9">
         <name>.TI.ramfunc:retain</name>
         <load_address>0xb85c</load_address>
         <run_address>0xb85c</run_address>
         <size>0x78</size>
         <input_file_ref idref="fl-21"/>
      </object_component>
      <object_component id="oc-2f0">
         <name>.TI.ramfunc</name>
         <load_address>0xb8d4</load_address>
         <run_address>0xb8d4</run_address>
         <size>0x64</size>
         <input_file_ref idref="fl-20"/>
      </object_component>
      <object_component id="oc-2f6">
         <name>.text</name>
         <load_address>0xb938</load_address>
         <run_address>0xb938</run_address>
         <size>0x5e</size>
         <input_file_ref idref="fl-6d"/>
      </object_component>
      <object_component id="oc-2ae">
         <name>.TI.ramfunc</name>
         <load_address>0xb996</load_address>
         <run_address>0xb996</run_address>
         <size>0x52</size>
         <input_file_ref idref="fl-1b"/>
      </object_component>
      <object_component id="oc-2c6">
         <name>.TI.ramfunc</name>
         <load_address>0xb9e8</load_address>
         <run_address>0xb9e8</run_address>
[...]
         <name>_create_array_of__tm__2_r__FUiPCc_PZ1Z</name>
         <value>0x94fe</value>
         <object_component_ref idref="oc-2a2"/>
      </symbol>
      <symbol id="sm-109b">
         <name>_delay_printf_json_objects__FUie</name>
         <value>0x90eb</value>
         <object_component_ref idref="oc-2a2"/>
      </symbol>
      <symbol id="sm-109c">
         <name>_delete_array__tm__2_i__FPCZ1Z_v</name>
         <value>0x9072</value>
         <object_component_ref idref="oc-2a2"/>
      </symbol>
      <symbol id="sm-109d">
         <name>_json_type_name__F10jsonType_t</name>
         <value>0xd399</value>
         <object_component_ref idref="oc-2b6"/>
      </symbol>
      <symbol id="sm-109e">
         <name>_json_uint32__FPCcUl</name>
         <value>0xd31f</value>
         <object_component_ref idref="oc-2b6"/>
      </symbol>
      <symbol id="sm-109f">
         <name>_deal_with_delay_printf_error__Fv</name>
         <value>0xd1b0</value>
         <object_component_ref idref="oc-2b6"/>
      </symbol>
      <symbol id="sm-10a0">
         <name>_set_json_timestamp_freq__FUl</name>
         <value>0xd206</value>
         <object_component_ref idref="oc-2b6"/>
      </symbol>
      <symbol id="sm-10a1">
         <name>_delete_array__tm__4_PCc__FPCZ1Z_v</name>
         <value>0x9048</value>
         <object_component_ref idref="oc-2a2"/>
      </symbol>
      <symbol id="sm-10a2">
         <name>_json_uint64__FPCcUL</name>
         <value>0xd2bd</value>
         <object_component_ref idref="oc-2b6"/>
      </symbol>
      <symbol id="sm-10a3">
         <name>_delete_array__tm__3_Ul__FPCZ1Z_v</name>
         <value>0x9064</value>
         <object_component_ref idref="oc-2a2"/>
      </symbol>
      <symbol id="sm-10a4">
         <name>_json_parent__FPCcUi</name>
         <value>0xd427</value>
         <object_component_ref idref="oc-2b6"/>
      </symbol>
      <symbol id="sm-10a5">
         <name>_create_array_of__tm__2_i__FUiPCc_PZ1Z</name>
         <value>0x94d3</value>
         <object_component_ref idref="oc-2a2"/>
      </symbol>
      <symbol id="sm-10a6">
         <name>_json_base64_array__FPCcUiPCUibT2</name>
         <value>0xd698</value>
         <object_component_ref idref="oc-2b6"/>
      </symbol>
      <symbol id="sm-10a7">
         <name>_printf_json_status__FPCc</name>
         <value>0xd244</value>
         <object_component_ref idref="oc-2b6"/>
      </symbol>
      <symbol id="sm-10a8">
         <name>_internal_printf_json_object__FRC13json_object_t</name>
         <value>0x9286</value>
         <object_component_ref idref="oc-2a2"/>
      </symbol>
      <symbol id="sm-10a9">
         <name>_delay_printf_json_objects__F14delayed_json_t</name>
         <value>0x957c</value>
         <object_component_ref idref="oc-2a2"/>
      </symbol>
      <symbol id="sm-10aa">
         <name>_json_int32_array__FPCcUiPClb</name>
         <value>0xd4a1</value>
         <object_component_ref idref="oc-2b6"/>
      </symbol>
      <symbol id="sm-10ab">
         <name>_create_array_of__tm__3_Pc__FUiPCc_PZ1Z</name>
         <value>0x943a</value>
         <object_component_ref idref="oc-2a2"/>
      </symbol>
      <symbol id="sm-10ac">
         <name>_get_next_delayed_objects_queue_i_for_writing__Fv</name>
         <value>0x9000</value>
         <object_component_ref idref="oc-2a2"/>
      </symbol>
      <symbol id="sm-10ad">
         <name>_internal_printf_value__F12value_type_tPCvUiT3</name>
         <value>0x919b</value>
         <object_component_ref idref="oc-2a2"/>
      </symbol>
      <symbol id="sm-10ae">
         <name>_value_type_name__F12value_type_t</name>
         <value>0xd160</value>
         <object_component_ref idref="oc-2b6"/>
      </symbol>
      <symbol id="sm-10af">
         <name>_internal_printf_array__F12value_type_tUi17array_ptr_union_tT2</name>
         <value>0x9246</value>
         <object_component_ref idref="oc-2a2"/>
      </symbol>
      <symbol id="sm-10b0">
         <name>_printf_json_error__FPCc</name>
         <value>0xd257</value>
         <object_component_ref idref="oc-2b6"/>
      </symbol>
      <symbol id="sm-10b1">
         <name>_json_int16_array__FPCcUiPCib</name>
         <value>0xd501</value>
         <object_component_ref idref="oc-2b6"/>
      </symbol>
      <symbol id="sm-1122">
         <name>_command_serial_config</name>
         <value>0x14864</value>
         <object_component_ref idref="oc-1cc"/>
      </symbol>
      <symbol id="sm-1123">
         <name>_sec_until_waiting_reload</name>
         <value>0x14844</value>
         <object_component_ref idref="oc-1cc"/>
      </symbol>
      <symbol id="sm-1124">
         <name>_received_input</name>
         <value>0x14845</value>
         <object_component_ref idref="oc-1cc"/>
      </symbol>
      <symbol id="sm-1125">
         <name>_add_serial_command__FP16serial_command_t</name>
         <value>0x10441</value>
         <object_component_ref idref="oc-2b7"/>
      </symbol>
      <symbol id="sm-1126">
         <name>_create_array_of__tm__2_c__FUiPCc_PZ1Z</name>
         <value>0xaef8</value>
         <object_component_ref idref="oc-2e2"/>
      </symbol>
      <symbol id="sm-1127">
         <name>_set_waiting_delay__FPC6json_s</name>
         <value>0x10380</value>
         <object_component_ref idref="oc-2b7"/>
      </symbol>
      <symbol id="sm-1128">
         <name>_serial_command_is_being_validated</name>
         <value>0x14847</value>
         <object_component_ref idref="oc-1cc"/>
      </symbol>
      <symbol id="sm-1129">
         <name>_command_status</name>
         <value>0x14880</value>
         <object_component_ref idref="oc-1cc"/>
      </symbol>
      <symbol id="sm-112a">
         <name>_init_serial_link__Fv</name>
         <value>0x10476</value>
         <object_component_ref idref="oc-2b7"/>
      </symbol>
      <symbol id="sm-112b">
         <name>_print_all_serial_commands__FPC6json_s</name>
         <value>0x1043c</value>
         <object_component_ref idref="oc-2b7"/>
      </symbol>
      <symbol id="sm-112c">
         <name>_reset_command_validation__Fv</name>
         <value>0xae8d</value>
         <object_component_ref idref="oc-2e2"/>
      </symbol>
      <symbol id="sm-112d">
         <name>_print_connection_success__Fv</name>
         <value>0x10426</value>
         <object_component_ref idref="oc-2b7"/>
      </symbol>
      <symbol id="sm-112e">
         <name>_set_command_echo__FPC6json_s</name>
         <value>0x103c0</value>
         <object_component_ref idref="oc-2b7"/>
      </symbol>
      <symbol id="sm-112f">
         <name>_printf_end_of_echo_valid_command__Fb</name>
         <value>0xadc3</value>
         <object_component_ref idref="oc-2e2"/>
      </symbol>
      <symbol id="sm-1130">
         <name>_check_if_waiting_for_input__Fv</name>
         <value>0x104af</value>
         <object_component_ref idref="oc-2b7"/>
      </symbol>
      <symbol id="sm-1131">
         <name>_serial_command_list</name>
         <value>0x1484c</value>
         <object_component_ref idref="oc-1cc"/>
      </symbol>
      <symbol id="sm-1132">
         <name>_current_serial_command_len</name>
         <value>0x14846</value>
         <object_component_ref idref="oc-1cc"/>
      </symbol>
      <symbol id="sm-1133">
         <name>_command_echo</name>
         <value>0x14870</value>
         <object_component_ref idref="oc-1cc"/>
      </symbol>
      <symbol id="sm-1134">
         <name>_waiting_count</name>
         <value>0x14842</value>
         <object_component_ref idref="oc-1cc"/>
      </symbol>
      <symbol id="sm-1135">
         <name>_test_string_for_json_and_process__FPCc</name>
         <value>0xae28</value>
         <object_component_ref idref="oc-2e2"/>
      </symbol>
      <symbol id="sm-1136">
         <name>_get_command_from_json__FPCc</name>
         <value>0x10358</value>
         <object_component_ref idref="oc-2b7"/>
      </symbol>
      <symbol id="sm-1137">
         <name>_test_and_point_to_command__FPC6json_s</name>
         <value>0xadd3</value>
         <object_component_ref idref="oc-2e2"/>
      </symbol>
      <symbol id="sm-1138">
         <name>_command_waiting_delay</name>
         <value>0x1488c</value>
         <object_component_ref idref="oc-1cc"/>
      </symbol>
      <symbol id="sm-1139">
         <name>_create_array_of__tm__8_6json_s__FUiPCc_PZ1Z</name>
         <value>0xaf23</value>
         <object_component_ref idref="oc-2e2"/>
      </symbol>
      <symbol id="sm-113a">
         <name>_print_serial_configuration__Fv</name>
         <value>0x103f9</value>
         <object_component_ref idref="oc-2b7"/>
      </symbol>
      <symbol id="sm-113b">
         <name>_sec_until_waiting</name>
         <value>0x14843</value>
         <object_component_ref idref="oc-1cc"/>
      </symbol>
      <symbol id="sm-113c">
         <name>_command_test_connection</name>
         <value>0x14858</value>
         <object_component_ref idref="oc-1cc"/>
      </symbol>
      <symbol id="sm-113d">
         <name>_process_scia_buffer_for_commands__Fv</name>
         <value>0xae95</value>
         <object_component_ref idref="oc-2e2"/>
      </symbol>
      <symbol id="sm-114a">
         <name>_memcpy_fast</name>
         <value>0xbd77</value>
         <object_component_ref idref="oc-1d3"/>
      </symbol>
      <symbol id="sm-1198">
         <name>_error_allocating_messages__FPCc</name>
         <value>0xf6cb</value>
         <object_component_ref idref="oc-2b1"/>
      </symbol>
      <symbol id="sm-1199">
         <name>_performance_test__Fv</name>
         <value>0xf3a5</value>
         <object_component_ref idref="oc-2b1"/>
      </symbol>
      <symbol id="sm-119a">
         <name>_calculate_pin_data_reg__FUi</name>
         <value>0xf77f</value>
         <object_component_ref idref="oc-2b1"/>
      </symbol>
      <symbol id="sm-119b">
         <name>_calculate_pin_mask__FUi</name>
         <value>0xf776</value>
         <object_component_ref idref="oc-2b1"/>
      </symbol>
      <symbol id="sm-119c">
         <name>_gpio_read_pin__FPCVUlUi</name>
         <value>0xbafc</value>
         <object_component_ref idref="oc-2c8"/>
      </symbol>
      <symbol id="sm-119d">
         <name>_gpio_write_pin__FPVUlUlb</name>
         <value>0xbaf4</value>
         <object_component_ref idref="oc-2c8"/>
      </symbol>
      <symbol id="sm-119e">
         <name>_djb2_hash__FPCc</name>
         <value>0xf6ee</value>
         <object_component_ref idref="oc-2b1"/>
      </symbol>
      <symbol id="sm-119f">
         <name>_not_enough_free_space__FPCcUiT2</name>
         <value>0xf64b</value>
         <object_component_ref idref="oc-2b1"/>
      </symbol>
      <symbol id="sm-11a0">
         <name>_is_power_of_two__FUL</name>
         <value>0xf68b</value>
         <object_component_ref idref="oc-2b1"/>
      </symbol>
      <symbol id="sm-11a1">
         <name>_get_max_stack_free__Fv</name>
         <value>0xf6af</value>
         <object_component_ref idref="oc-2b1"/>
      </symbol>
      <symbol id="sm-11a2">
         <name>_get_max_heap_free__Fv</name>
         <value>0xbb01</value>
         <object_component_ref idref="oc-2c8"/>
      </symbol>
      <symbol id="sm-11a3">
         <name>_lockup_cpu__Fv</name>
         <value>0xf39a</value>
         <object_component_ref idref="oc-2b1"/>
      </symbol>
      <symbol id="sm-11d4">
         <name>_testing_rb__Fv</name>
         <value>0x11397</value>
         <object_component_ref idref="oc-2a9"/>
      </symbol>
      <symbol id="sm-11d5">
         <name>_dealloc_buffer__11ring_bufferVFv</name>
         <value>0x11369</value>
         <object_component_ref idref="oc-2a9"/>
      </symbol>
      <symbol id="sm-11d6">
         <name>_init_alloc__11ring_bufferVFUi</name>
         <value>0x11352</value>
         <object_component_ref idref="oc-2a9"/>
      </symbol>
      <symbol id="sm-11d7">
         <name>_write__11ring_bufferVFUiPCUi</name>
         <value>0xb18c</value>
         <object_component_ref idref="oc-2b0"/>
      </symbol>
      <symbol id="sm-11d8">
         <name>___dt__11ring_bufferFv</name>
         <value>0x11380</value>
         <object_component_ref idref="oc-2a9"/>
      </symbol>
      <symbol id="sm-11d9">
         <name>_write__11ring_bufferVFUi</name>
         <value>0xb1d9</value>
         <object_component_ref idref="oc-2b0"/>
      </symbol>
      <symbol id="sm-11da">
         <name>_reset__11ring_bufferVFv</name>
         <value>0xb26e</value>
         <object_component_ref idref="oc-2b0"/>
      </symbol>
      <symbol id="sm-11db">
         <name>_read__11ring_bufferVFRUi</name>
         <value>0xb204</value>
         <object_component_ref idref="oc-2b0"/>
      </symbol>
      <symbol id="sm-11dc">
         <name>___ct__11ring_bufferFv</name>
         <value>0x11343</value>
         <object_component_ref idref="oc-2a9"/>
      </symbol>
      <symbol id="sm-11dd">
         <name>_read__11ring_bufferVFUiPUi</name>
         <value>0xb22a</value>
         <object_component_ref idref="oc-2b0"/>
      </symbol>
      <symbol id="sm-11f8">
         <name>FD$$ADD</name>
         <value>0xb599</value>
         <object_component_ref idref="oc-1e9"/>
      </symbol>
      <symbol id="sm-1208">
         <name>FD$$CMP</name>
         <value>0xbaca</value>
         <object_component_ref idref="oc-1ee"/>
      </symbol>
      <symbol id="sm-121f">
         <name>FD$$DIV</name>
         <value>0xb6c6</value>
         <object_component_ref idref="oc-1f3"/>
      </symbol>
      <symbol id="sm-1231">
         <name>FD$$MPY</name>
         <value>0xb7d9</value>
         <object_component_ref idref="oc-1f8"/>
      </symbol>
      <symbol id="sm-123e">
         <name>FD$$NEG</name>
         <value>0xbd6e</value>
         <object_component_ref idref="oc-1fd"/>
      </symbol>
      <symbol id="sm-124a">
         <name>FD$$SUB</name>
         <value>0xbd60</value>
         <object_component_ref idref="oc-202"/>
      </symbol>
      <symbol id="sm-125a">
         <name>FD$$TOFS</name>
         <value>0xbb66</value>
         <object_component_ref idref="oc-207"/>
      </symbol>
      <symbol id="sm-1269">
         <name>FD$$TOU</name>
         <value>0xbcb1</value>
         <object_component_ref idref="oc-20c"/>
      </symbol>
      <symbol id="sm-1278">
         <name>FD$$TOUL</name>
         <value>0xbc96</value>
         <object_component_ref idref="oc-211"/>
      </symbol>
      <symbol id="sm-1286">
         <name>FD$$TOULL</name>
         <value>0xbc42</value>
         <object_component_ref idref="oc-216"/>
      </symbol>
      <symbol id="sm-1296">
         <name>FS$$TOFD</name>
         <value>0xbc5e</value>
         <object_component_ref idref="oc-21b"/>
      </symbol>
      <symbol id="sm-12a6">
         <name>FS$$TOULL</name>
         <value>0xbb1d</value>
         <object_component_ref idref="oc-220"/>
      </symbol>
      <symbol id="sm-12b6">
         <name>I$$TOFD</name>
         <value>0xbc25</value>
         <object_component_ref idref="oc-225"/>
      </symbol>
      <symbol id="sm-12c6">
         <name>L$$TOFD</name>
         <value>0xbc7a</value>
         <object_component_ref idref="oc-22a"/>
      </symbol>
      <symbol id="sm-12d2">
         <name>LL$$AND</name>
         <value>0xbccb</value>
         <object_component_ref idref="oc-22f"/>
      </symbol>
      <symbol id="sm-12d3">
         <name>LL$$OR</name>
         <value>0xbcd3</value>
         <object_component_ref idref="oc-22f"/>
      </symbol>
      <symbol id="sm-12d4">
         <name>LL$$XOR</name>
         <value>0xbcdb</value>
         <object_component_ref idref="oc-22f"/>
      </symbol>
      <symbol id="sm-12e2">
         <name>ULL$$CMP</name>
         <value>0xbc19</value>
         <object_component_ref idref="oc-234"/>
      </symbol>
      <symbol id="sm-12e3">
         <name>LL$$CMP</name>
         <value>0xbc07</value>
         <object_component_ref idref="oc-234"/>
      </symbol>
      <symbol id="sm-130f">
         <name>ULL$$MOD</name>
         <value>0xb12a</value>
         <object_component_ref idref="oc-239"/>
      </symbol>
      <symbol id="sm-1310">
         <name>ULL$$DIV</name>
         <value>0xb0fb</value>
         <object_component_ref idref="oc-239"/>
      </symbol>
      <symbol id="sm-1311">
         <name>LL$$MOD</name>
         <value>0xb0c1</value>
         <object_component_ref idref="oc-239"/>
      </symbol>
      <symbol id="sm-1312">
         <name>LL$$DIV</name>
         <value>0xb085</value>
         <object_component_ref idref="oc-239"/>
      </symbol>
      <symbol id="sm-131e">
         <name>LL$$MPY</name>
         <value>0xbd27</value>
         <object_component_ref idref="oc-23e"/>
      </symbol>
      <symbol id="sm-132d">
         <name>LL$$TOFD</name>
         <value>0xbb42</value>
         <object_component_ref idref="oc-243"/>
      </symbol>
      <symbol id="sm-1339">
         <name>U$$MOD</name>
         <value>0x117a6</value>
         <object_component_ref idref="oc-248"/>
      </symbol>
      <symbol id="sm-133a">
         <name>U$$DIV</name>
         <value>0x117a1</value>
         <object_component_ref idref="oc-248"/>
      </symbol>
      <symbol id="sm-134b">
         <name>U$$TOFD</name>
         <value>0xbcfa</value>
         <object_component_ref idref="oc-24d"/>
      </symbol>
      <symbol id="sm-135c">
         <name>UL$$TOFD</name>
         <value>0xbd11</value>
         <object_component_ref idref="oc-252"/>
      </symbol>
      <symbol id="sm-136d">
         <name>ULL$$TOFD</name>
         <value>0xbba9</value>
         <object_component_ref idref="oc-257"/>
      </symbol>
      <symbol id="sm-137a">
         <name>ULL$$TOFS</name>
         <value>0xbd4f</value>
         <object_component_ref idref="oc-25c"/>
      </symbol>
      <symbol id="sm-138e">
         <name>C$$EXIT</name>
         <value>0x116ca</value>
         <object_component_ref idref="oc-28b"/>
      </symbol>
      <symbol id="sm-138f">
         <name>_exit</name>
         <value>0x116cc</value>
         <object_component_ref idref="oc-28b"/>
      </symbol>
      <symbol id="sm-1390">
         <name>___TI_cleanup_ptr</name>
         <value>0x147ba</value>
         <object_component_ref idref="oc-263"/>
      </symbol>
      <symbol id="sm-1391">
         <name>___TI_enable_exit_profile_output</name>
         <value>0x147b8</value>
         <object_component_ref idref="oc-263"/>
      </symbol>
      <symbol id="sm-1392">
         <name>_abort</name>
         <value>0x116ca</value>
         <object_component_ref idref="oc-28b"/>
      </symbol>
      <symbol id="sm-1393">
         <name>___TI_dtors_ptr</name>
         <value>0x147bc</value>
         <object_component_ref idref="oc-263"/>
      </symbol>
      <symbol id="sm-13ae">
         <name>_c_int00</name>
         <value>0x1155a</value>
         <object_component_ref idref="oc-7b"/>
      </symbol>
      <symbol id="sm-13af">
         <name>__stack</name>
         <value>0x130</value>
         <object_component_ref idref="oc-268"/>
      </symbol>
      <symbol id="sm-13be">
         <name>__args_main</name>
         <value>0x11770</value>
         <object_component_ref idref="oc-28a"/>
      </symbol>
      <symbol id="sm-13cb">
         <name>__system_post_cinit</name>
         <value>0x117c7</value>
         <object_component_ref idref="oc-289"/>
      </symbol>
      <symbol id="sm-13dc">
         <name>FS$$DIV</name>
         <value>0xb751</value>
         <object_component_ref idref="oc-278"/>
      </symbol>
      <symbol id="sm-13eb">
         <name>FD$$TOLL</name>
         <value>0xbbe8</value>
         <object_component_ref idref="oc-27d"/>
      </symbol>
      <symbol id="sm-13fa">
         <name>FD$$TOL</name>
         <value>0xbbc9</value>
         <object_component_ref idref="oc-282"/>
      </symbol>
   </symbol_table>
   <title>Link successful</title>
</link_info>
