******************************************************************************
             TMS320C2000 Linker Unix v20.2.1                   
******************************************************************************
>> Linked Fri Sep 18 21:06:29 2020

OUTPUT FILE NAME:   <EM_CPU1.out>
ENTRY POINT SYMBOL: "_c_int00"  address: 0001155a


MEMORY CONFIGURATION

         name            origin    length      used     unused   attr    fill
----------------------  --------  ---------  --------  --------  ----  --------
PAGE 0:
  BEGIN                 00000000   00000002  00000002  00000000  RWIX
  RAMLS0_CLA_PROG       00008000   00000800  00000292  0000056e  RWIX
  RAMLS2345D01          00009000   00003000  00002d82  0000027e  RWIX
  RAMGS_CPU1_PAGE0      0000c000   00006000  000057c8  00000838  RWIX
  RESET                 003fffc0   00000002  00000000  00000002  RWIX

PAGE 1:
  BOOT_RSVD             00000002   00000120  00000000  00000120  RWIX
  RAMM01_STACK          00000130   000006d0  000006d0  00000000  RWIX
  ADCA_RESULT           00000b00   00000020  00000018  00000008  RWIX
  ADCB_RESULT           00000b20   00000020  00000018  00000008  RWIX
  ADCC_RESULT           00000b40   00000020  00000018  00000008  RWIX
  ADCD_RESULT           00000b60   00000020  00000018  00000008  RWIX
  CPU_TIMER0            00000c00   00000008  00000008  00000000  RWIX
  CPU_TIMER1            00000c08   00000008  00000008  00000000  RWIX
  CPU_TIMER2            00000c10   00000008  00000008  00000000  RWIX
  PIE_CTRL              00000ce0   00000020  0000001a  00000006  RWIX
  PIE_VECT              00000d00   00000200  000001c0  00000040  RWIX
  DMA                   00001000   00000200  000000e0  00000120  RWIX
  CLA1                  00001400   00000040  0000003e  00000002  RWIX
  EPWM1                 00004000   00000100  00000100  00000000  RWIX
  EPWM2                 00004100   00000100  00000100  00000000  RWIX
  EPWM3                 00004200   00000100  00000100  00000000  RWIX
  EPWM4                 00004300   00000100  00000100  00000000  RWIX
  EPWM5                 00004400   00000100  00000100  00000000  RWIX
  EPWM6                 00004500   00000100  00000100  00000000  RWIX
  EPWM7                 00004600   00000100  00000100  00000000  RWIX
  EPWM8                 00004700   00000100  00000100  00000000  RWIX
  EPWM9                 00004800   00000100  00000100  00000000  RWIX
  EPWM10                00004900   00000100  00000100  00000000  RWIX
  EPWM11                00004a00   00000100  00000100  00000000  RWIX
  EPWM12                00004b00   00000100  00000100  00000000  RWIX
  ECAP1                 00005000   00000020  00000020  00000000  RWIX
  ECAP2                 00005020   00000020  00000020  00000000  RWIX
  ECAP3                 00005040   00000020  00000020  00000000  RWIX
  ECAP4                 00005060   00000020  00000020  00000000  RWIX
  ECAP5                 00005080   00000020  00000020  00000000  RWIX
  ECAP6                 000050a0   00000020  00000020  00000000  RWIX
  EQEP1                 00005100   00000040  00000022  0000001e  RWIX
  EQEP2                 00005140   00000040  00000022  0000001e  RWIX
  EQEP3                 00005180   00000040  00000022  0000001e  RWIX
  DACA                  00005c00   00000010  00000008  00000008  RWIX
  DACB                  00005c10   00000010  00000008  00000008  RWIX
  DACC                  00005c20   00000010  00000008  00000008  RWIX
  CMPSS1                00005c80   00000020  00000020  00000000  RWIX
  CMPSS2                00005ca0   00000020  00000020  00000000  RWIX
  CMPSS3                00005cc0   00000020  00000020  00000000  RWIX
  CMPSS4                00005ce0   00000020  00000020  00000000  RWIX
  CMPSS5                00005d00   00000020  00000020  00000000  RWIX
  CMPSS6                00005d20   00000020  00000020  00000000  RWIX
  CMPSS7                00005d40   00000020  00000020  00000000  RWIX
  CMPSS8                00005d60   00000020  00000020  00000000  RWIX
  SDFM1                 00005e00   00000080  00000080  00000000  RWIX
  SDFM2                 00005e80   00000080  00000080  00000000  RWIX
  MCBSPA                00006000   00000040  00000024  0000001c  RWIX
  MCBSPB                00006040   00000040  00000024  0000001c  RWIX
  SPIA                  00006100   00000010  00000010  00000000  RWIX
  SPIB                  00006110   00000010  00000010  00000000  RWIX
  SPIC                  00006120   00000010  00000010  00000000  RWIX
  SPID                  00006130   00000010  00000000  00000010  RWIX
  UPP                   00006200   00000100  00000048  000000b8  RWIX
  WD                    00007000   00000040  0000002b  00000015  RWIX
  NMIINTRUPT            00007060   00000010  00000007  00000009  RWIX
  XINT                  00007070   00000010  0000000b  00000005  RWIX
  SCIA                  00007200   00000010  00000010  00000000  RWIX
  SCIB                  00007210   00000010  00000010  00000000  RWIX
  SCIC                  00007220   00000010  00000010  00000000  RWIX
  SCID                  00007230   00000010  00000010  00000000  RWIX
  I2CA                  00007300   00000040  00000022  0000001e  RWIX
  I2CB                  00007340   00000040  00000022  0000001e  RWIX
  ADCA                  00007400   00000080  00000080  00000000  RWIX
  ADCB                  00007480   00000080  00000080  00000000  RWIX
  ADCC                  00007500   00000080  00000080  00000000  RWIX
  ADCD                  00007580   00000080  00000080  00000000  RWIX
  INPUT_XBAR            00007900   00000020  00000020  00000000  RWIX
  XBAR                  00007920   00000020  00000020  00000000  RWIX
  SYNC_SOC              00007940   00000010  00000006  0000000a  RWIX
  DMACLASRCSEL          00007980   00000040  0000001a  00000026  RWIX
  EPWM_XBAR             00007a00   00000040  00000040  00000000  RWIX
  CLB_XBAR              00007a40   00000040  00000000  00000040  RWIX
  OUTPUT_XBAR           00007a80   00000040  00000040  00000000  RWIX
  GPIOCTRL              00007c00   00000180  00000180  00000000  RWIX
  GPIODAT               00007f00   00000030  00000030  00000000  RWIX
  RAMLS1_CLA_DATA       00008800   00000800  000007ff  00000001  RWIX
  RAMGS_CPU1_PAGE1      00012000   00003000  000028bc  00000744  RWIX
  RAMGS_HEAP            00015000   00007000  00007000  00000000  RWIX
  EMIF1                 00047000   00000800  00000070  00000790  RWIX
  EMIF2                 00047800   00000800  00000070  00000790  RWIX
  CANA                  00048000   00000800  00000164  0000069c  RWIX
  CANB                  0004a000   00000800  00000164  0000069c  RWIX
  IPC                   00050000   00000024  00000024  00000000  RWIX
  FLASHPUMPSEMAPHORE    00050024   00000002  00000002  00000000  RWIX
  DEV_CFG               0005d000   00000180  0000012e  00000052  RWIX
  ANALOG_SUBSYS         0005d180   00000080  00000048  00000038  RWIX
  CLK_CFG               0005d200   00000100  00000032  000000ce  RWIX
  CPU_SYS               0005d300   00000100  00000082  0000007e  RWIX
  ROMPREFETCH           0005e608   00000002  00000002  00000000  RWIX
  DCSM_Z1               0005f000   00000030  00000024  0000000c  RWIX
  DCSM_Z2               0005f040   00000030  00000024  0000000c  RWIX
  DCSM_COMMON           0005f070   00000010  00000008  00000008  RWIX
  MEMCFG                0005f400   00000080  00000080  00000000  RWIX
  EMIF1CONFIG           0005f480   00000020  00000020  00000000  RWIX
  EMIF2CONFIG           0005f4a0   00000020  00000020  00000000  RWIX
  ACCESSPROTECTION      0005f4c0   00000040  00000040  00000000  RWIX
  MEMORYERROR           0005f500   00000040  00000040  00000000  RWIX
  ROMWAITSTATE          0005f540   00000002  00000002  00000000  RWIX
  FLASH0_CTRL           0005f800   00000300  00000182  0000017e  RWIX
  FLASH0_ECC            0005fb00   00000040  00000028  00000018  RWIX


SECTION ALLOCATION MAP

 output                                  attributes/
section   page    origin      length       input sections
--------  ----  ----------  ----------   ----------------
codestart 
*          0    00000000    00000002     
                  00000000    00000002     F2837xD_CodeStartBranch.obj (codestart)

.TI.ramfunc 
*          0    00009000    00002d82     
                  00009000    000005e2     printf_json.obj (.TI.ramfunc)
                  000095e2    00000565     extract_json.obj (.TI.ramfunc)
                  00009b47    000004b0     experimental_inputs.obj (.TI.ramfunc)
                  00009ff7    00000453     printf_raw.obj (.TI.ramfunc)
                  0000a44a    0000040c     io_controller.obj (.TI.ramfunc)
                  0000a856    00000349     dsp_output.obj (.TI.ramfunc)
                  0000ab9f    00000224     tiny_json.obj (.TI.ramfunc)
                  0000adc3    00000193     serial_link.obj (.TI.ramfunc)
                  0000af56    0000012f     digital_io.obj (.TI.ramfunc)
                  0000b085    00000107     rts2800_fpu32.lib : ll_div28.asm.obj (.text)
                  0000b18c    000000eb     ring_buffer.obj (.TI.ramfunc)
                  0000b277    00000001     --HOLE-- [fill = 0]
                  0000b278    000000d2     analog_input.obj (.TI.ramfunc)
                  0000b34a    000000cf     experimental_outputs.obj (.TI.ramfunc)
                  0000b419    000000c7     scia.obj (.TI.ramfunc:retain)
                  0000b4e0    000000b9     em_main.obj (.TI.ramfunc)
                  0000b599    0000009c     rts2800_fpu32.lib : fd_add28.asm.obj (.text)
                  0000b635    00000091     cpu_timers.obj (.TI.ramfunc:retain)
                  0000b6c6    0000008b     rts2800_fpu32.lib : fd_div28.asm.obj (.text)
                  0000b751    00000088                       : fs_div28.asm.obj (.text)
                  0000b7d9    00000083                       : fd_mpy28.asm.obj (.text)
                  0000b85c    00000078     tic_toc.obj (.TI.ramfunc:retain)
                  0000b8d4    00000064     status_messages.obj (.TI.ramfunc)
                  0000b938    0000005e     rts2800_fpu32.lib : s_scalbnf.c.obj (.text)
                  0000b996    00000052     cpu_timers.obj (.TI.ramfunc)
                  0000b9e8    0000003e     tic_toc.obj (.TI.ramfunc)
                  0000ba26    0000003c     ADS8688_adc.obj (.TI.ramfunc:retain)
                  0000ba62    0000003b     scia.obj (.TI.ramfunc)
                  0000ba9d    0000002d     rts2800_fpu32.lib : s_lroundl.c.obj (.text)
                  0000baca    0000002a                       : fd_cmp28.asm.obj (.text)
                  0000baf4    00000029     misc.obj (.TI.ramfunc)
                  0000bb1d    00000025     rts2800_fpu32.lib : fs_toullfpu32.asm.obj (.text)
                  0000bb42    00000024                       : ll_tofd28.asm.obj (.text)
                  0000bb66    00000023                       : fd_tofsfpu32.asm.obj (.text)
                  0000bb89    00000020     leds.obj (.TI.ramfunc)
                  0000bba9    00000020     rts2800_fpu32.lib : ull_tofd28.asm.obj (.text)
                  0000bbc9    0000001f                       : fd_tol28.asm.obj (.text)
                  0000bbe8    0000001f                       : fd_toll28.asm.obj (.text)
                  0000bc07    0000001e                       : ll_cmp28.asm.obj (.text)
                  0000bc25    0000001d                       : i_tofd28.asm.obj (.text)
                  0000bc42    0000001c                       : fd_toull28.asm.obj (.text)
                  0000bc5e    0000001c                       : fs_tofdfpu32.asm.obj (.text)
                  0000bc7a    0000001c                       : l_tofd28.asm.obj (.text)
                  0000bc96    0000001b                       : fd_toul28.asm.obj (.text)
                  0000bcb1    0000001a                       : fd_tou28.asm.obj (.text)
                  0000bccb    00000018                       : ll_aox28.asm.obj (.text)
                  0000bce3    00000017                       : s_fabs.c.obj (.text)
                  0000bcfa    00000017                       : u_tofd28.asm.obj (.text)
                  0000bd11    00000016                       : ul_tofd28.asm.obj (.text)
                  0000bd27    00000014                       : ll_mpy28.asm.obj (.text)
                  0000bd3b    00000014                       : s_llroundl.c.obj (.text)
                  0000bd4f    00000011                       : ull_tofsfpu32.asm.obj (.text)
                  0000bd60    0000000e                       : fd_sub28.asm.obj (.text)
                  0000bd6e    00000009                       : fd_neg28.asm.obj (.text)
                  0000bd77    00000007     memcpy_fast.obj (.TI.ramfunc)
                  0000bd7e    00000004     F2837xD_usDelay.obj (.TI.ramfunc)

.cinit     0    0000c000    00000630     
                  0000c000    0000012d     io_controller.obj (.cinit)
                  0000c12d    00000104     <whole-program> (.cinit)
                  0000c231    000000fc     experimental_inputs.obj (.cinit)
                  0000c32d    0000007b     ti_launchpad.obj (.cinit:_ti_board_settings)
                  0000c3a8    0000007a     serial_link.obj (.cinit)
                  0000c422    00000074     dsp_output.obj (.cinit)
                  0000c496    0000005b     <whole-program> (.cinit:_db_board_settings$2)
                  0000c4f1    0000003d     analog_input.obj (.cinit)
                  0000c52e    0000002a     digital_io.obj (.cinit)
                  0000c558    00000022     ti_launchpad.obj (.cinit)
                  0000c57a    00000020     printf_json.obj (.cinit)
                  0000c59a    0000001e     scia.obj (.cinit)
                  0000c5b8    00000015     internal_adc.obj (.cinit)
                  0000c5cd    00000014     ADS8688_adc.obj (.cinit)
                  0000c5e1    00000014     tic_toc.obj (.cinit)
                  0000c5f5    0000000e     rts2800_fpu32.lib : exit.c.obj (.cinit)
                  0000c603    0000000d     misc.obj (.cinit)
                  0000c610    0000000b     ti_launchpad.obj (.cinit:_sci_settings)
                  0000c61b    00000009     <whole-program> (.cinit:_db_board_sense$2)
                  0000c624    00000005     <whole-program> (.cinit:__lock)
                  0000c629    00000005     <whole-program> (.cinit:_sigTable$34)
                  0000c62e    00000002     --HOLE-- [fill = 0]

.switch    0    0000c630    00000018     
                  0000c630    00000018     printf_json.obj (.switch:_value_type_name__F12value_type_t)

.pinit     0    0000c648    00000016     
                  0000c648    00000004     <whole-program> (.pinit)
                  0000c64c    00000002     ADS8688_adc.obj (.pinit)
                  0000c64e    00000002     cpu_timers.obj (.pinit)
                  0000c650    00000002     dsp_output.obj (.pinit)
                  0000c652    00000002     experimental_inputs.obj (.pinit)
                  0000c654    00000002     printf_json.obj (.pinit)
                  0000c656    00000002     scia.obj (.pinit)
                  0000c658    00000002     ti_launchpad.obj (.pinit)
                  0000c65a    00000002     tic_toc.obj (.pinit)
                  0000c65c    00000002     --HOLE-- [fill = 0]

.stack     1    00000130    000006d0     UNINITIALIZED
                  00000130    000006d0     --HOLE--

.esysmem   1    00015000    00007000     UNINITIALIZED
                  00015000    00000004     rts2800_fpu32.lib : memory.c.obj (.esysmem)
                  00015004    00006ffc     --HOLE--

.reset     0    003fffc0    00000002     DSECT
                  003fffc0    00000002     rts2800_fpu32.lib : boot28.asm.obj (.reset)

Cla1Prog   0    00008000    00000292     
                  00008000    0000017e     ADS8688_adc_cla.obj (Cla1Prog:_cla_task4_read_ADS8688_adc_voltages)
                  0000817e    0000009c     internal_adc_cla.obj (Cla1Prog:_cla_task3_process_analog_io)
                  0000821a    00000034     io_controller_cla.obj (Cla1Prog:_cla_task2_cla_uptime)
                  0000824e    00000026     tic_toc_cla.obj (Cla1Prog:_cla_tic)
                  00008274    0000001e     tic_toc_cla.obj (Cla1Prog:_cla_toc)

AdcaResultFile 
*          1    00000b00    00000018     UNINITIALIZED
                  00000b00    00000018     F2837xD_GlobalVariableDefs.obj (AdcaResultFile)

AdcbResultFile 
*          1    00000b20    00000018     UNINITIALIZED
                  00000b20    00000018     F2837xD_GlobalVariableDefs.obj (AdcbResultFile)

AdccResultFile 
*          1    00000b40    00000018     UNINITIALIZED
                  00000b40    00000018     F2837xD_GlobalVariableDefs.obj (AdccResultFile)

AdcdResultFile 
*          1    00000b60    00000018     UNINITIALIZED
                  00000b60    00000018     F2837xD_GlobalVariableDefs.obj (AdcdResultFile)

CpuTimer0RegsFile 
*          1    00000c00    00000008     UNINITIALIZED
                  00000c00    00000008     F2837xD_GlobalVariableDefs.obj (CpuTimer0RegsFile)

CpuTimer1RegsFile 
*          1    00000c08    00000008     UNINITIALIZED
                  00000c08    00000008     F2837xD_GlobalVariableDefs.obj (CpuTimer1RegsFile)

CpuTimer2RegsFile 
*          1    00000c10    00000008     UNINITIALIZED
                  00000c10    00000008     F2837xD_GlobalVariableDefs.obj (CpuTimer2RegsFile)

PieCtrlRegsFile 
*          1    00000ce0    0000001a     UNINITIALIZED
                  00000ce0    0000001a     F2837xD_GlobalVariableDefs.obj (PieCtrlRegsFile)

DmaRegsFile 
*          1    00001000    000000e0     UNINITIALIZED
                  00001000    000000e0     F2837xD_GlobalVariableDefs.obj (DmaRegsFile)

Cla1RegsFile 
*          1    00001400    0000003e     UNINITIALIZED
                  00001400    0000003e     F2837xD_GlobalVariableDefs.obj (Cla1RegsFile)

EPwm1RegsFile 
*          1    00004000    00000100     UNINITIALIZED
                  00004000    00000100     F2837xD_GlobalVariableDefs.obj (EPwm1RegsFile)

EPwm2RegsFile 
*          1    00004100    00000100     UNINITIALIZED
                  00004100    00000100     F2837xD_GlobalVariableDefs.obj (EPwm2RegsFile)

EPwm3RegsFile 
*          1    00004200    00000100     UNINITIALIZED
                  00004200    00000100     F2837xD_GlobalVariableDefs.obj (EPwm3RegsFile)

EPwm4RegsFile 
*          1    00004300    00000100     UNINITIALIZED
                  00004300    00000100     F2837xD_GlobalVariableDefs.obj (EPwm4RegsFile)

EPwm5RegsFile 
*          1    00004400    00000100     UNINITIALIZED
                  00004400    00000100     F2837xD_GlobalVariableDefs.obj (EPwm5RegsFile)

EPwm6RegsFile 
*          1    00004500    00000100     UNINITIALIZED
                  00004500    00000100     F2837xD_GlobalVariableDefs.obj (EPwm6RegsFile)

EPwm7RegsFile 
*          1    00004600    00000100     UNINITIALIZED
                  00004600    00000100     F2837xD_GlobalVariableDefs.obj (EPwm7RegsFile)

EPwm8RegsFile 
*          1    00004700    00000100     UNINITIALIZED
                  00004700    00000100     F2837xD_GlobalVariableDefs.obj (EPwm8RegsFile)

EPwm9RegsFile 
*          1    00004800    00000100     UNINITIALIZED
                  00004800    00000100     F2837xD_GlobalVariableDefs.obj (EPwm9RegsFile)

EPwm10RegsFile 
*          1    00004900    00000100     UNINITIALIZED
                  00004900    00000100     F2837xD_GlobalVariableDefs.obj (EPwm10RegsFile)

EPwm11RegsFile 
*          1    00004a00    00000100     UNINITIALIZED
                  00004a00    00000100     F2837xD_GlobalVariableDefs.obj (EPwm11RegsFile)

EPwm12RegsFile 
*          1    00004b00    00000100     UNINITIALIZED
                  00004b00    00000100     F2837xD_GlobalVariableDefs.obj (EPwm12RegsFile)

ECap1RegsFile 
*          1    00005000    00000020     UNINITIALIZED
                  00005000    00000020     F2837xD_GlobalVariableDefs.obj (ECap1RegsFile)

ECap2RegsFile 
*          1    00005020    00000020     UNINITIALIZED
                  00005020    00000020     F2837xD_GlobalVariableDefs.obj (ECap2RegsFile)

ECap3RegsFile 
*          1    00005040    00000020     UNINITIALIZED
                  00005040    00000020     F2837xD_GlobalVariableDefs.obj (ECap3RegsFile)

ECap4RegsFile 
*          1    00005060    00000020     UNINITIALIZED
                  00005060    00000020     F2837xD_GlobalVariableDefs.obj (ECap4RegsFile)

ECap5RegsFile 
*          1    00005080    00000020     UNINITIALIZED
                  00005080    00000020     F2837xD_GlobalVariableDefs.obj (ECap5RegsFile)

ECap6RegsFile 
*          1    000050a0    00000020     UNINITIALIZED
                  000050a0    00000020     F2837xD_GlobalVariableDefs.obj (ECap6RegsFile)

EQep1RegsFile 
*          1    00005100    00000022     UNINITIALIZED
                  00005100    00000022     F2837xD_GlobalVariableDefs.obj (EQep1RegsFile)

EQep2RegsFile 
*          1    00005140    00000022     UNINITIALIZED
                  00005140    00000022     F2837xD_GlobalVariableDefs.obj (EQep2RegsFile)

EQep3RegsFile 
*          1    00005180    00000022     UNINITIALIZED
                  00005180    00000022     F2837xD_GlobalVariableDefs.obj (EQep3RegsFile)

DacaRegsFile 
*          1    00005c00    00000008     UNINITIALIZED
                  00005c00    00000008     F2837xD_GlobalVariableDefs.obj (DacaRegsFile)

DacbRegsFile 
*          1    00005c10    00000008     UNINITIALIZED
                  00005c10    00000008     F2837xD_GlobalVariableDefs.obj (DacbRegsFile)

DaccRegsFile 
*          1    00005c20    00000008     UNINITIALIZED
                  00005c20    00000008     F2837xD_GlobalVariableDefs.obj (DaccRegsFile)

Sdfm1RegsFile 
*          1    00005e00    00000080     UNINITIALIZED
                  00005e00    00000080     F2837xD_GlobalVariableDefs.obj (Sdfm1RegsFile)

Sdfm2RegsFile 
*          1    00005e80    00000080     UNINITIALIZED
                  00005e80    00000080     F2837xD_GlobalVariableDefs.obj (Sdfm2RegsFile)

McbspaRegsFile 
*          1    00006000    00000024     UNINITIALIZED
                  00006000    00000024     F2837xD_GlobalVariableDefs.obj (McbspaRegsFile)

McbspbRegsFile 
*          1    00006040    00000024     UNINITIALIZED
                  00006040    00000024     F2837xD_GlobalVariableDefs.obj (McbspbRegsFile)

SpiaRegsFile 
*          1    00006100    00000010     UNINITIALIZED
                  00006100    00000010     F2837xD_GlobalVariableDefs.obj (SpiaRegsFile)

SpibRegsFile 
*          1    00006110    00000010     UNINITIALIZED
                  00006110    00000010     F2837xD_GlobalVariableDefs.obj (SpibRegsFile)

SpicRegsFile 
*          1    00006120    00000010     UNINITIALIZED
                  00006120    00000010     F2837xD_GlobalVariableDefs.obj (SpicRegsFile)

UppRegsFile 
*          1    00006200    00000048     UNINITIALIZED
                  00006200    00000048     F2837xD_GlobalVariableDefs.obj (UppRegsFile)

WdRegsFile 
*          1    00007000    0000002b     UNINITIALIZED
                  00007000    0000002b     F2837xD_GlobalVariableDefs.obj (WdRegsFile)

NmiIntruptRegsFile 
*          1    00007060    00000007     UNINITIALIZED
                  00007060    00000007     F2837xD_GlobalVariableDefs.obj (NmiIntruptRegsFile)

XintRegsFile 
*          1    00007070    0000000b     UNINITIALIZED
                  00007070    0000000b     F2837xD_GlobalVariableDefs.obj (XintRegsFile)

SciaRegsFile 
*          1    00007200    00000010     UNINITIALIZED
                  00007200    00000010     F2837xD_GlobalVariableDefs.obj (SciaRegsFile)

ScibRegsFile 
*          1    00007210    00000010     UNINITIALIZED
                  00007210    00000010     F2837xD_GlobalVariableDefs.obj (ScibRegsFile)

ScicRegsFile 
*          1    00007220    00000010     UNINITIALIZED
                  00007220    00000010     F2837xD_GlobalVariableDefs.obj (ScicRegsFile)

ScidRegsFile 
*          1    00007230    00000010     UNINITIALIZED
                  00007230    00000010     F2837xD_GlobalVariableDefs.obj (ScidRegsFile)

I2caRegsFile 
*          1    00007300    00000022     UNINITIALIZED
                  00007300    00000022     F2837xD_GlobalVariableDefs.obj (I2caRegsFile)

I2cbRegsFile 
*          1    00007340    00000022     UNINITIALIZED
                  00007340    00000022     F2837xD_GlobalVariableDefs.obj (I2cbRegsFile)

InputXbarRegsFile 
*          1    00007900    00000020     UNINITIALIZED
                  00007900    00000020     F2837xD_GlobalVariableDefs.obj (InputXbarRegsFile)

XbarRegsFile 
*          1    00007920    00000020     UNINITIALIZED
                  00007920    00000020     F2837xD_GlobalVariableDefs.obj (XbarRegsFile)

SyncSocRegsFile 
*          1    00007940    00000006     UNINITIALIZED
                  00007940    00000006     F2837xD_GlobalVariableDefs.obj (SyncSocRegsFile)

DmaClaSrcSelRegsFile 
*          1    00007980    0000001a     UNINITIALIZED
                  00007980    0000001a     F2837xD_GlobalVariableDefs.obj (DmaClaSrcSelRegsFile)

EPwmXbarRegsFile 
*          1    00007a00    00000040     UNINITIALIZED
                  00007a00    00000040     F2837xD_GlobalVariableDefs.obj (EPwmXbarRegsFile)

OutputXbarRegsFile 
*          1    00007a80    00000040     UNINITIALIZED
                  00007a80    00000040     F2837xD_GlobalVariableDefs.obj (OutputXbarRegsFile)

GpioCtrlRegsFile 
*          1    00007c00    00000180     UNINITIALIZED
                  00007c00    00000180     F2837xD_GlobalVariableDefs.obj (GpioCtrlRegsFile)

GpioDataRegsFile 
*          1    00007f00    00000030     UNINITIALIZED
                  00007f00    00000030     F2837xD_GlobalVariableDefs.obj (GpioDataRegsFile)

cla_data   1    00008800    00000032     UNINITIALIZED
                  00008800    00000016     internal_adc.obj (cla_data)
                  00008816    0000000e     ADS8688_adc.obj (cla_data)
                  00008824    0000000a     analog_input.obj (cla_data)
                  0000882e    00000004     io_controller.obj (cla_data)

.scratchpad 
*          1    00008832    0000000a     UNINITIALIZED
                  00008832    0000000a     ADS8688_adc_cla.obj (.scratchpad:Cla1Prog:_cla_task4_read_ADS8688_adc_voltages)
                  00008832    00000002     internal_adc_cla.obj (.scratchpad:Cla1Prog:_cla_task3_process_analog_io)

PieVectTableFile 
*          1    00000d00    000001c0     UNINITIALIZED
                  00000d00    000001c0     F2837xD_GlobalVariableDefs.obj (PieVectTableFile)

EmuBModeVar 
*          1    00000d00    00000001     UNINITIALIZED
                  00000d00    00000001     F2837xD_GlobalVariableDefs.obj (EmuBModeVar)

EmuBootPinsVar 
*          1    00000d01    00000001     UNINITIALIZED
                  00000d01    00000001     F2837xD_GlobalVariableDefs.obj (EmuBootPinsVar)

AdcaRegsFile 
*          1    00007400    00000080     UNINITIALIZED
                  00007400    00000080     F2837xD_GlobalVariableDefs.obj (AdcaRegsFile)

AdcbRegsFile 
*          1    00007480    00000080     UNINITIALIZED
                  00007480    00000080     F2837xD_GlobalVariableDefs.obj (AdcbRegsFile)

AdccRegsFile 
*          1    00007500    00000080     UNINITIALIZED
                  00007500    00000080     F2837xD_GlobalVariableDefs.obj (AdccRegsFile)

AdcdRegsFile 
*          1    00007580    00000080     UNINITIALIZED
                  00007580    00000080     F2837xD_GlobalVariableDefs.obj (AdcdRegsFile)

CanaRegsFile 
*          1    00048000    00000164     UNINITIALIZED
                  00048000    00000164     F2837xD_GlobalVariableDefs.obj (CanaRegsFile)

CanbRegsFile 
*          1    0004a000    00000164     UNINITIALIZED
                  0004a000    00000164     F2837xD_GlobalVariableDefs.obj (CanbRegsFile)

AnalogSubsysRegsFile 
*          1    0005d180    00000048     UNINITIALIZED
                  0005d180    00000048     F2837xD_GlobalVariableDefs.obj (AnalogSubsysRegsFile)

Cla1SoftIntRegsFile 
*          1    00000ce0    00000004     DSECT
                  00000ce0    00000004     F2837xD_GlobalVariableDefs.obj (Cla1SoftIntRegsFile)

Cmpss1RegsFile 
*          1    00005c80    00000020     UNINITIALIZED
                  00005c80    00000020     F2837xD_GlobalVariableDefs.obj (Cmpss1RegsFile)

Cmpss2RegsFile 
*          1    00005ca0    00000020     UNINITIALIZED
                  00005ca0    00000020     F2837xD_GlobalVariableDefs.obj (Cmpss2RegsFile)

Cmpss3RegsFile 
*          1    00005cc0    00000020     UNINITIALIZED
                  00005cc0    00000020     F2837xD_GlobalVariableDefs.obj (Cmpss3RegsFile)

Cmpss4RegsFile 
*          1    00005ce0    00000020     UNINITIALIZED
                  00005ce0    00000020     F2837xD_GlobalVariableDefs.obj (Cmpss4RegsFile)

Cmpss5RegsFile 
*          1    00005d00    00000020     UNINITIALIZED
                  00005d00    00000020     F2837xD_GlobalVariableDefs.obj (Cmpss5RegsFile)

Cmpss6RegsFile 
*          1    00005d20    00000020     UNINITIALIZED
                  00005d20    00000020     F2837xD_GlobalVariableDefs.obj (Cmpss6RegsFile)

Cmpss7RegsFile 
*          1    00005d40    00000020     UNINITIALIZED
                  00005d40    00000020     F2837xD_GlobalVariableDefs.obj (Cmpss7RegsFile)

Cmpss8RegsFile 
*          1    00005d60    00000020     UNINITIALIZED
                  00005d60    00000020     F2837xD_GlobalVariableDefs.obj (Cmpss8RegsFile)

.econst.1 
*          1    0000883c    000007c3     
                  0000883c    00000389     <whole-program> (.econst:.string)
                  00008bc5    00000001     serial_link.obj (.econst)
                  00008bc6    00000367     io_controller.obj (.econst:.string)
                  00008f2d    00000001     --HOLE-- [fill = 0]
                  00008f2e    000000b4     ADS8688_adc.obj (.econst:.string)
                  00008fe2    00000018     tic_toc.obj (.econst)
                  00008ffa    00000005     daughterboard.obj (.econst:_db2_77s_digital_in_gpio$2)

.econst.2 
*          1    00012000    00001ea8     
                  00012000    000007de     experimental_inputs.obj (.econst:.string)
                  000127de    00000303     dsp_output.obj (.econst:.string)
                  00012ae1    00000001     --HOLE-- [fill = 0]
                  00012ae2    0000026e     printf_json.obj (.econst:.string)
                  00012d50    00000202     serial_link.obj (.econst:.string)
                  00012f52    000001dc     ti_launchpad.obj (.econst:.string)
                  0001312e    000001c0     F2837xD_PieVect.obj (.econst:_PieVectTableInit)
                  000132ee    00000181     extract_json.obj (.econst:.string)
                  0001346f    00000001     --HOLE-- [fill = 0]
                  00013470    0000017a     digital_io.obj (.econst:.string)
                  000135ea    0000015f     tic_toc.obj (.econst:.string)
                  00013749    00000001     --HOLE-- [fill = 0]
                  0001374a    0000014a     analog_input.obj (.econst:.string)
                  00013894    00000127     misc.obj (.econst:.string)
                  000139bb    00000101     rts2800_fpu32.lib : ctype.c.obj (.econst:.string:__ctypes_)
                  00013abc    00000063     cpu_timers.obj (.econst:.string)
                  00013b1f    00000001     --HOLE-- [fill = 0]
                  00013b20    00000054     cla.obj (.econst:.string)
                  00013b74    00000053     scia.obj (.econst:.string)
                  00013bc7    00000001     --HOLE-- [fill = 0]
                  00013bc8    00000051     internal_adc.obj (.econst:.string)
                  00013c19    00000001     --HOLE-- [fill = 0]
                  00013c1a    00000047     sci.obj (.econst:.string)
                  00013c61    00000001     --HOLE-- [fill = 0]
                  00013c62    00000038     spi.obj (.econst:.string)
                  00013c9a    0000002e     experimental_inputs.obj (.econst)
                  00013cc8    00000020     <whole-program> (.econst)
                  00013ce8    00000020     rts2800_fpu32.lib : strtod.c.obj (.econst:_digits$37)
                  00013d08    00000017     daughterboard.obj (.econst:_db2_79d_pullup$2)
                  00013d1f    00000001     --HOLE-- [fill = 0]
                  00013d20    00000016     ti_launchpad.obj (.econst)
                  00013d36    00000015     tiny_json.obj (.econst:.string:_min$2$9)
                  00013d4b    00000014     tiny_json.obj (.econst:.string:_max$3$9)
                  00013d5f    00000001     --HOLE-- [fill = 0]
                  00013d60    00000014     misc.obj (.econst:_$P$T1$2)
                  00013d74    00000014     misc.obj (.econst:_$P$T2$3)
                  00013d88    00000014     misc.obj (.econst:_$P$T3$4)
                  00013d9c    00000014     misc.obj (.econst:_$P$T4$5)
                  00013db0    00000013     ring_buffer.obj (.econst:.string)
                  00013dc3    00000010     tiny_json.obj (.econst:_pair$1$9)
                  00013dd3    0000000f     daughterboard.obj (.econst:_db2_77s_dsp_bit_gpio$2)
                  00013de2    0000000f     daughterboard.obj (.econst:_db2_79d_dsp_bit_gpio$2)
                  00013df1    0000000e     daughterboard.obj (.econst:_db3_79d_pullup$2)
                  00013dff    00000001     --HOLE-- [fill = 0]
                  00013e00    0000000c     rts2800_fpu32.lib : strtod.c.obj (.econst:_powerof10$37)
                  00013e0c    0000000c     internal_adc.obj (.econst)
                  00013e18    0000000a     misc.obj (.econst:_$P$T0$1)
                  00013e22    00000009     daughterboard.obj (.econst:_db3_79d_spi_adc$2)
                  00013e2b    00000008     daughterboard.obj (.econst:_db2_77s_digital_out_gpio$2)
                  00013e33    00000008     daughterboard.obj (.econst:_db2_79d_digital_out_gpio$2)
                  00013e3b    00000008     daughterboard.obj (.econst:_db3_79d_dev_chan_to_in$2)
                  00013e43    00000008     daughterboard.obj (.econst:_db3_79d_digital_in_gpio$2)
                  00013e4b    00000008     daughterboard.obj (.econst:_db3_79d_digital_out_gpio$2)
                  00013e53    00000008     daughterboard.obj (.econst:_db3_79d_dsp_bit_gpio$2)
                  00013e5b    00000001     --HOLE-- [fill = 0]
                  00013e5c    00000008     cpu_timers.obj (.econst)
                  00013e64    00000008     io_controller.obj (.econst)
                  00013e6c    00000008     sci.obj (.econst)
                  00013e74    00000008     scia.obj (.econst)
                  00013e7c    00000007     daughterboard.obj (.econst:_db2_77s_pullup$2)
                  00013e83    00000005     daughterboard.obj (.econst:_db2_79d_digital_in_gpio$2)
                  00013e88    00000004     rts2800_fpu32.lib : e_fmodf.c.obj (.econst:_Zero$28)
                  00013e8c    00000004     daughterboard.obj (.econst:_db2_77s_analog_in_adc_letter$2)
                  00013e90    00000004     daughterboard.obj (.econst:_db2_77s_analog_in_gpio$2)
                  00013e94    00000004     daughterboard.obj (.econst:_db2_79d_analog_in_adc_letter$2)
                  00013e98    00000004     daughterboard.obj (.econst:_db2_79d_analog_in_gpio$2)
                  00013e9c    00000004     spi.obj (.econst)
                  00013ea0    00000002     misc.obj (.econst)
                  00013ea2    00000002     printf_raw.obj (.econst)
                  00013ea4    00000002     rts2800_fpu32.lib : vars.c.obj (.econst)
                  00013ea6    00000002                       : vec_newdel.c.obj (.econst)

Emif1RegsFile 
*          1    00047000    00000070     UNINITIALIZED
                  00047000    00000070     F2837xD_GlobalVariableDefs.obj (Emif1RegsFile)

Emif2RegsFile 
*          1    00047800    00000070     UNINITIALIZED
                  00047800    00000070     F2837xD_GlobalVariableDefs.obj (Emif2RegsFile)

IpcRegsFile 
*          1    00050000    00000024     UNINITIALIZED
                  00050000    00000024     F2837xD_GlobalVariableDefs.obj (IpcRegsFile)

FlashPumpSemaphoreRegsFile 
*          1    00050024    00000002     UNINITIALIZED
                  00050024    00000002     F2837xD_GlobalVariableDefs.obj (FlashPumpSemaphoreRegsFile)

RomPrefetchRegsFile 
*          1    0005e608    00000002     UNINITIALIZED
                  0005e608    00000002     F2837xD_GlobalVariableDefs.obj (RomPrefetchRegsFile)

DcsmZ1RegsFile 
*          1    0005f000    00000024     UNINITIALIZED
                  0005f000    00000024     F2837xD_GlobalVariableDefs.obj (DcsmZ1RegsFile)

DcsmZ2RegsFile 
*          1    0005f040    00000024     UNINITIALIZED
                  0005f040    00000024     F2837xD_GlobalVariableDefs.obj (DcsmZ2RegsFile)

DcsmCommonRegsFile 
*          1    0005f070    00000008     UNINITIALIZED
                  0005f070    00000008     F2837xD_GlobalVariableDefs.obj (DcsmCommonRegsFile)

MemCfgRegsFile 
*          1    0005f400    00000080     UNINITIALIZED
                  0005f400    00000080     F2837xD_GlobalVariableDefs.obj (MemCfgRegsFile)

Emif1ConfigRegsFile 
*          1    0005f480    00000020     UNINITIALIZED
                  0005f480    00000020     F2837xD_GlobalVariableDefs.obj (Emif1ConfigRegsFile)

Emif2ConfigRegsFile 
*          1    0005f4a0    00000020     UNINITIALIZED
                  0005f4a0    00000020     F2837xD_GlobalVariableDefs.obj (Emif2ConfigRegsFile)

AccessProtectionRegsFile 
*          1    0005f4c0    00000040     UNINITIALIZED
                  0005f4c0    00000040     F2837xD_GlobalVariableDefs.obj (AccessProtectionRegsFile)

MemoryErrorRegsFile 
*          1    0005f500    00000040     UNINITIALIZED
                  0005f500    00000040     F2837xD_GlobalVariableDefs.obj (MemoryErrorRegsFile)

RomWaitStateRegsFile 
*          1    0005f540    00000002     UNINITIALIZED
                  0005f540    00000002     F2837xD_GlobalVariableDefs.obj (RomWaitStateRegsFile)

Flash0CtrlRegsFile 
*          1    0005f800    00000182     UNINITIALIZED
                  0005f800    00000182     F2837xD_GlobalVariableDefs.obj (Flash0CtrlRegsFile)

Flash0EccRegsFile 
*          1    0005fb00    00000028     UNINITIALIZED
                  0005fb00    00000028     F2837xD_GlobalVariableDefs.obj (Flash0EccRegsFile)

DevCfgRegsFile 
*          1    0005d000    0000012e     UNINITIALIZED
                  0005d000    0000012e     F2837xD_GlobalVariableDefs.obj (DevCfgRegsFile)

ClkCfgRegsFile 
*          1    0005d200    00000032     UNINITIALIZED
                  0005d200    00000032     F2837xD_GlobalVariableDefs.obj (ClkCfgRegsFile)

CpuSysRegsFile 
*          1    0005d300    00000082     UNINITIALIZED
                  0005d300    00000082     F2837xD_GlobalVariableDefs.obj (CpuSysRegsFile)

.text      0    0000c65e    0000516a     
                  0000c65e    00000b02     experimental_inputs.obj (.text)
                  0000d160    000005e8     printf_json.obj (.text)
                  0000d748    00000585     F2837xD_DefaultISR.obj (.text:retain)
                  0000dccd    0000050e     F2837xD_SysCtrl.obj (.text)
                  0000e1db    000004fe     experimental_outputs.obj (.text)
                  0000e6d9    00000459     ti_launchpad.obj (.text)
                  0000eb32    00000436     tic_toc.obj (.text)
                  0000ef68    00000432     io_controller.obj (.text)
                  0000f39a    000003f0     misc.obj (.text)
                  0000f78a    00000253     cpu_timers.obj (.text)
                  0000f9dd    00000213     spi.obj (.text)
                  0000fbf0    00000208     F2837xD_Gpio.obj (.text)
                  0000fdf8    000001f8     rts2800_fpu32.lib : strtod.c.obj (.text)
                  0000fff0    000001d3                       : memory.c.obj (.text)
                  000101c3    00000195     daughterboard.obj (.text)
                  00010358    00000183     serial_link.obj (.text)
                  000104db    0000013f     rts2800_fpu32.lib : strtoll.c.obj (.text)
                  0001061a    00000139     analog_input.obj (.text)
                  00010753    00000138     dsp_output.obj (.text)
                  0001088b    00000130     internal_adc.obj (.text)
                  000109bb    00000125     scia.obj (.text)
                  00010ae0    0000011f     digital_io.obj (.text)
                  00010bff    00000114     cla.obj (.text)
                  00010d13    00000108     ADS8688_adc.obj (.text)
                  00010e1b    00000103     rts2800_fpu32.lib : strtoull.c.obj (.text)
                  00010f1e    000000e9     F2837xD_Adc.obj (.text)
                  00011007    000000e9     rts2800_fpu32.lib : s_floor.c.obj (.text)
                  000110f0    000000d3                       : strtol.c.obj (.text)
                  000111c3    000000cf                       : e_fmodf.c.obj (.text)
                  00011292    000000b1                       : strtoul.c.obj (.text)
                  00011343    000000b0     ring_buffer.obj (.text)
                  000113f3    00000094     rts2800_fpu32.lib : s_round.c.obj (.text)
                  00011487    0000007a                       : vec_newdel.c.obj (.text)
                  00011501    00000059                       : s_floorf.c.obj (.text)
                  0001155a    00000056                       : boot28.asm.obj (.text)
                  000115b0    00000040     extract_json.obj (.text)
                  000115f0    0000003e     tiny_json.obj (.text)
                  0001162e    00000038     rts2800_fpu32.lib : dtor_list.c.obj (.text)
                  00011666    00000036     leds.obj (.text)
                  0001169c    0000002e     em_main.obj (.text)
                  000116ca    00000029     rts2800_fpu32.lib : exit.c.obj (.text)
                  000116f3    00000025                       : signal.c.obj (.text)
                  00011718    00000024                       : cpy_tbl.c.obj (.text)
                  0001173c    0000001c                       : memcpy.c.obj (.text)
                  00011758    00000018                       : ti_fenv.c.obj (.text)
                  00011770    00000012                       : args_main.c.obj (.text)
                  00011782    00000011     F2837xD_PieVect.obj (.text)
                  00011793    0000000e     rts2800_fpu32.lib : new.c.obj (.text)
                  000117a1    0000000b                       : u_div28.asm.obj (.text)
                  000117ac    0000000a                       : strcmp.c.obj (.text)
                  000117b6    00000006                       : memset.c.obj (.text)
                  000117bc    00000005                       : delete.c.obj (.text)
                  000117c1    00000003                       : error.c.obj (.text)
                  000117c4    00000002                       : pre_init.c.obj (.text)
                  000117c6    00000001                       : _lock.c.obj (.text)
                  000117c7    00000001                       : startup.c.obj (.text)

.ebss.1    1    00013ea8    00000814     UNINITIALIZED
                  00013ea8    00000018     printf_json.obj (.ebss)
                  00013ec0    0000037c     experimental_inputs.obj (.ebss)
                  0001423c    00000004     misc.obj (.ebss)
                  00014240    000000cc     io_controller.obj (.ebss)
                  0001430c    00000030     digital_io.obj (.ebss)
                  0001433c    00000004     rts2800_fpu32.lib : memory.c.obj (.ebss)
                  00014340    000000ca     experimental_outputs.obj (.ebss)
                  0001440a    00000026     analog_input.obj (.ebss)
                  00014430    0000000c     printf_json.obj (.ebss:_blank_json_object)
                  0001443c    00000003     rts2800_fpu32.lib : ti_fenv.c.obj (.ebss)
                  0001443f    00000001     internal_adc.obj (.ebss)
                  00014440    000000bc     cpu_timers.obj (.ebss)
                  000144fc    00000002     rts2800_fpu32.lib : _lock.c.obj (.ebss:__lock)
                  000144fe    00000001                       : errno.c.obj (.ebss)
                  000144ff    00000001     --HOLE--
                  00014500    0000009a     tic_toc.obj (.ebss)
                  0001459a    00000020     scia.obj (.ebss)
                  000145ba    00000006     daughterboard.obj (.ebss:_db_board_sense$2)
                  000145c0    00000078     ti_launchpad.obj (.ebss:_ti_board_settings)
                  00014638    00000008     cla.obj (.ebss:_is_cla_task_enabled)
                  00014640    00000070     ti_launchpad.obj (.ebss)
                  000146b0    0000000c     tic_toc.obj (.ebss:_total_tics_per_step)

.ebss.2    1    000146c0    000000fe     UNINITIALIZED
                  000146c0    00000066     daughterboard.obj (.ebss:_db_board_settings$2)
                  00014726    0000001a     ADS8688_adc.obj (.ebss)
                  00014740    00000064     daughterboard.obj (.ebss)
                  000147a4    0000000c     rts2800_fpu32.lib : dtor_list.c.obj (.ebss)
                  000147b0    00000008     ti_launchpad.obj (.ebss:_sci_settings)
                  000147b8    00000006     rts2800_fpu32.lib : exit.c.obj (.ebss)

.ebss.3    1    000147c0    0000006a     UNINITIALIZED
                  000147c0    00000064     dsp_output.obj (.ebss)
                  00014824    00000006     version.obj (.ebss)

.ebss.4    1    00014840    00000058     UNINITIALIZED
                  00014840    00000058     serial_link.obj (.ebss)

.ebss.5    1    000148c0    00000040     UNINITIALIZED
                  000148c0    00000040     rts2800_fpu32.lib : signal.c.obj (.ebss:_sigTable$34)

MODULE SUMMARY

       Module                           code    initialized data   uninitialized data
       ------                           ----    ----------------   ------------------
    ./79D_ti_source/
       F2837xD_GlobalVariableDefs.obj   0       0                  8695              
       F2837xD_DefaultISR.obj           1413    0                  0                 
       F2837xD_SysCtrl.obj              1294    0                  0                 
       F2837xD_Gpio.obj                 520     0                  0                 
       F2837xD_PieVect.obj              17      448                0                 
       F2837xD_Adc.obj                  233     0                  0                 
       F2837xD_usDelay.obj              4       0                  0                 
       F2837xD_CodeStartBranch.obj      2       0                  0                 
    +--+--------------------------------+-------+------------------+--------------------+
       Total:                           3483    448                8695              
                                                                                     
    ./common/
       ti_launchpad.obj                 1113    668                240               
       daughterboard.obj                405     157                208               
       em_main.obj                      231     0                  0                 
       version.obj                      0       0                  6                 
    +--+--------------------------------+-------+------------------+--------------------+
       Total:                           1749    825                454               
                                                                                     
    ./common/analog_io/
       analog_input.obj                 523     391                48                
       ADS8688_adc.obj                  324     202                40                
       internal_adc.obj                 304     114                23                
       ADS8688_adc_cla.obj              382     0                  10                
       internal_adc_cla.obj             156     0                  2                 
    +--+--------------------------------+-------+------------------+--------------------+
       Total:                           1689    707                123               
                                                                                     
    ./common/digital_io/
       digital_io.obj                   590     420                48                
    +--+--------------------------------+-------+------------------+--------------------+
       Total:                           590     420                48                
                                                                                     
    ./common/dsp_output/
       dsp_output.obj                   1153    889                100               
    +--+--------------------------------+-------+------------------+--------------------+
       Total:                           1153    889                100               
                                                                                     
    ./common/experiment/
       experimental_inputs.obj          4018    2314               892               
       io_controller.obj                2110    1180               208               
       experimental_outputs.obj         1485    0                  202               
       io_controller_cla.obj            52      0                  0                 
    +--+--------------------------------+-------+------------------+--------------------+
       Total:                           7665    3494               1302              
                                                                                     
    ./common/internal/
       tic_toc.obj                      1260    397                166               
       cpu_timers.obj                   822     109                188               
       scia.obj                         551     123                32                
       spi.obj                          531     60                 0                 
       cla.obj                          276     84                 8                 
       status_messages.obj              100     0                  0                 
       leds.obj                         86      0                  0                 
       sci.obj                          0       79                 0                 
       tic_toc_cla.obj                  68      0                  0                 
    +--+--------------------------------+-------+------------------+--------------------+
       Total:                           3694    852                394               
                                                                                     
    ./common/serial/
       printf_json.obj                  3018    680                36                
       extract_json.obj                 1445    385                0                 
       serial_link.obj                  790     637                88                
       printf_raw.obj                   1107    2                  0                 
       tiny_json.obj                    610     57                 0                 
    +--+--------------------------------+-------+------------------+--------------------+
       Total:                           6970    1761               124               
                                                                                     
    ./common/support/
       misc.obj                         1049    400                4                 
       ring_buffer.obj                  411     19                 0                 
       memcpy_fast.obj                  7       0                  0                 
    +--+--------------------------------+-------+------------------+--------------------+
       Total:                           1467    419                4                 
                                                                                     
    /var/tmp/
       TI9XAGkCSet                      0       1311               0                 
    +--+--------------------------------+-------+------------------+--------------------+
       Total:                           0       1311               0                 
                                                                                     
    /Applications/ti/ccs1010/ccs/tools/compiler/ti-cgt-c2000_20.2.1.LTS/lib/rts2800_fpu32.lib
       strtod.c.obj                     504     44                 0                 
       memory.c.obj                     467     0                  4                 
       strtoll.c.obj                    319     0                  0                 
       ll_div28.asm.obj                 263     0                  0                 
       strtoull.c.obj                   259     0                  0                 
       ctype.c.obj                      0       257                0                 
       s_floor.c.obj                    233     0                  0                 
       e_fmodf.c.obj                    207     4                  0                 
       strtol.c.obj                     211     0                  0                 
       strtoul.c.obj                    177     0                  0                 
       fd_add28.asm.obj                 156     0                  0                 
       s_round.c.obj                    148     0                  0                 
       fd_div28.asm.obj                 139     0                  0                 
       fs_div28.asm.obj                 136     0                  0                 
       fd_mpy28.asm.obj                 131     0                  0                 
       vec_newdel.c.obj                 122     2                  0                 
       signal.c.obj                     37      0                  64                
       s_scalbnf.c.obj                  94      0                  0                 
       s_floorf.c.obj                   89      0                  0                 
       boot28.asm.obj                   86      0                  0                 
       dtor_list.c.obj                  56      0                  12                
       exit.c.obj                       41      14                 6                 
       s_lroundl.c.obj                  45      0                  0                 
       fd_cmp28.asm.obj                 42      0                  0                 
       fs_toullfpu32.asm.obj            37      0                  0                 
       cpy_tbl.c.obj                    36      0                  0                 
       ll_tofd28.asm.obj                36      0                  0                 
       fd_tofsfpu32.asm.obj             35      0                  0                 
       ull_tofd28.asm.obj               32      0                  0                 
       fd_tol28.asm.obj                 31      0                  0                 
       fd_toll28.asm.obj                31      0                  0                 
       ll_cmp28.asm.obj                 30      0                  0                 
       i_tofd28.asm.obj                 29      0                  0                 
       fd_toull28.asm.obj               28      0                  0                 
       fs_tofdfpu32.asm.obj             28      0                  0                 
       l_tofd28.asm.obj                 28      0                  0                 
       memcpy.c.obj                     28      0                  0                 
       fd_toul28.asm.obj                27      0                  0                 
       ti_fenv.c.obj                    24      0                  3                 
       fd_tou28.asm.obj                 26      0                  0                 
       ll_aox28.asm.obj                 24      0                  0                 
       s_fabs.c.obj                     23      0                  0                 
       u_tofd28.asm.obj                 23      0                  0                 
       ul_tofd28.asm.obj                22      0                  0                 
       ll_mpy28.asm.obj                 20      0                  0                 
       s_llroundl.c.obj                 20      0                  0                 
       args_main.c.obj                  18      0                  0                 
       ull_tofsfpu32.asm.obj            17      0                  0                 
       fd_sub28.asm.obj                 14      0                  0                 
       new.c.obj                        14      0                  0                 
       u_div28.asm.obj                  11      0                  0                 
       strcmp.c.obj                     10      0                  0                 
       fd_neg28.asm.obj                 9       0                  0                 
       memset.c.obj                     6       0                  0                 
       delete.c.obj                     5       0                  0                 
       _lock.c.obj                      1       0                  2                 
       error.c.obj                      3       0                  0                 
       pre_init.c.obj                   2       0                  0                 
       vars.c.obj                       0       2                  0                 
       errno.c.obj                      0       0                  1                 
       startup.c.obj                    1       0                  0                 
    +--+--------------------------------+-------+------------------+--------------------+
       Total:                           4691    323                92                
                                                                                     
       Heap:                            0       0                  28672             
       Stack:                           0       0                  1744              
    +--+--------------------------------+-------+------------------+--------------------+
       Grand Total:                     33151   11449              41752             


GLOBAL DATA SYMBOLS: SORTED BY DATA PAGE

address     data page           name
--------    ----------------    ----
00000130       4 (00000100)     __stack

00000b00      2c (00000b00)     _AdcaResultRegs
00000b20      2c (00000b00)     _AdcbResultRegs

00000b40      2d (00000b40)     _AdccResultRegs
00000b60      2d (00000b40)     _AdcdResultRegs

00000c00      30 (00000c00)     _CpuTimer0Regs
00000c08      30 (00000c00)     _CpuTimer1Regs
00000c10      30 (00000c00)     _CpuTimer2Regs

00000ce0      33 (00000cc0)     _Cla1SoftIntRegs
00000ce0      33 (00000cc0)     _PieCtrlRegs

00000d00      34 (00000d00)     _EmuBMode
00000d00      34 (00000d00)     _PieVectTable
00000d01      34 (00000d00)     _EmuBootPins

00001000      40 (00001000)     _DmaRegs

00001400      50 (00001400)     _Cla1Regs

00004000     100 (00004000)     _EPwm1Regs

00004100     104 (00004100)     _EPwm2Regs

00004200     108 (00004200)     _EPwm3Regs

00004300     10c (00004300)     _EPwm4Regs

00004400     110 (00004400)     _EPwm5Regs

00004500     114 (00004500)     _EPwm6Regs

00004600     118 (00004600)     _EPwm7Regs

00004700     11c (00004700)     _EPwm8Regs

00004800     120 (00004800)     _EPwm9Regs

00004900     124 (00004900)     _EPwm10Regs

00004a00     128 (00004a00)     _EPwm11Regs

00004b00     12c (00004b00)     _EPwm12Regs

00005000     140 (00005000)     _ECap1Regs
00005020     140 (00005000)     _ECap2Regs

00005040     141 (00005040)     _ECap3Regs
00005060     141 (00005040)     _ECap4Regs

00005080     142 (00005080)     _ECap5Regs
000050a0     142 (00005080)     _ECap6Regs

00005100     144 (00005100)     _EQep1Regs

00005140     145 (00005140)     _EQep2Regs

00005180     146 (00005180)     _EQep3Regs

00005c00     170 (00005c00)     _DacaRegs
00005c10     170 (00005c00)     _DacbRegs
00005c20     170 (00005c00)     _DaccRegs

00005c80     172 (00005c80)     _Cmpss1Regs
00005ca0     172 (00005c80)     _Cmpss2Regs

00005cc0     173 (00005cc0)     _Cmpss3Regs
00005ce0     173 (00005cc0)     _Cmpss4Regs

00005d00     174 (00005d00)     _Cmpss5Regs
00005d20     174 (00005d00)     _Cmpss6Regs

00005d40     175 (00005d40)     _Cmpss7Regs
00005d60     175 (00005d40)     _Cmpss8Regs

00005e00     178 (00005e00)     _Sdfm1Regs

00005e80     17a (00005e80)     _Sdfm2Regs

00006000     180 (00006000)     _McbspaRegs

00006040     181 (00006040)     _McbspbRegs

00006100     184 (00006100)     _SpiaRegs
00006110     184 (00006100)     _SpibRegs
00006120     184 (00006100)     _SpicRegs

00006200     188 (00006200)     _UppRegs

00007000     1c0 (00007000)     _WdRegs

00007060     1c1 (00007040)     _NmiIntruptRegs
00007070     1c1 (00007040)     _XintRegs

00007200     1c8 (00007200)     _SciaRegs
00007210     1c8 (00007200)     _ScibRegs
00007220     1c8 (00007200)     _ScicRegs
00007230     1c8 (00007200)     _ScidRegs

00007300     1cc (00007300)     _I2caRegs

00007340     1cd (00007340)     _I2cbRegs

00007400     1d0 (00007400)     _AdcaRegs

00007480     1d2 (00007480)     _AdcbRegs

00007500     1d4 (00007500)     _AdccRegs

00007580     1d6 (00007580)     _AdcdRegs

00007900     1e4 (00007900)     _InputXbarRegs
00007920     1e4 (00007900)     _XbarRegs

00007940     1e5 (00007940)     _SyncSocRegs

00007980     1e6 (00007980)     _DmaClaSrcSelRegs

00007a00     1e8 (00007a00)     _EPwmXbarRegs

00007a80     1ea (00007a80)     _OutputXbarRegs

00007c00     1f0 (00007c00)     _GpioCtrlRegs

00007f00     1fc (00007f00)     _GpioDataRegs

00008800     220 (00008800)     _cla_internal_adc_cycle_count
00008801     220 (00008800)     _cla_internal_adc_conversion_offset
00008802     220 (00008800)     _cla_internal_adc_enabled
00008804     220 (00008800)     _cla_internal_adc_conversion_scale
00008806     220 (00008800)     _cla_ain_result_ptrs
00008816     220 (00008800)     _cla_ADS8688_cycle_count
00008817     220 (00008800)     _cla_ADS8688_adc_enabled
00008818     220 (00008800)     _has_had_fatal_adc_error
0000881a     220 (00008800)     _cla_ADS8688_spi_regs
0000881c     220 (00008800)     _cla_ads8688_channel_to_ain
00008824     220 (00008800)     _cla_analog_in_count
00008825     220 (00008800)     _cla_analog_in_type
00008826     220 (00008800)     _cla_analog_in_voltages
0000882e     220 (00008800)     _cla_uptime_count_32
00008830     220 (00008800)     _cla_uptime_overflow

0001312e     4c4 (00013100)     _PieVectTableInit

000139bb     4e6 (00013980)     __ctypes_

00013ea2     4fa (00013e80)     _base64_char
00013ea4     4fa (00013e80)     __new_handler
00013ea6     4fa (00013e80)     ___array_new_prefix_size

00014280     50a (00014280)     _command_twiddle
0001428c     50a (00014280)     _command_uptime
00014298     50a (00014280)     _command_reset_clock
000142a4     50a (00014280)     _command_timestamp
000142b0     50a (00014280)     _command_set_input_settings

000142c0     50b (000142c0)     _command_get_input_settings
000142cc     50b (000142c0)     _command_set_input_actions
000142d8     50b (000142c0)     _command_get_input_history
000142e4     50b (000142c0)     _command_set_output_settings
000142f0     50b (000142c0)     _command_get_output_settings

00014300     50c (00014300)     _command_set_output_actions
00014324     50c (00014300)     _command_get_digital_values
00014330     50c (00014300)     _command_set_digital_values

0001440b     510 (00014400)     _voltage_conversion_factor
0001440c     510 (00014400)     _command_get_values
00014418     510 (00014400)     _command_get_conversion
00014424     510 (00014400)     _command_multiplier
00014430     510 (00014400)     _blank_json_object
0001443c     510 (00014400)     ___softfloat_float_exception_flags
0001443d     510 (00014400)     ___softfloat_float_exception_mask
0001443e     510 (00014400)     ___softfloat_float_rounding_mode

00014440     511 (00014440)     _cpu_timer0

00014480     512 (00014480)     _cpu_timer1

000144c0     513 (000144c0)     _cpu_timer2
000144fc     513 (000144c0)     __lock
000144fe     513 (000144c0)     _errno

00014500     514 (00014500)     _calibration_step
00014502     514 (00014500)     _cla_us_per_div
00014504     514 (00014500)     _cpu_us_per_div
00014506     514 (00014500)     _cpu_hs_us_per_div
00014508     514 (00014500)     _cpu_ts_tics_us_per_div
0001450a     514 (00014500)     _sync_counts
0001450c     514 (00014500)     _sync_counts_needed
0001450e     514 (00014500)     _total_sync_tics
00014510     514 (00014500)     _target_calibration_tics
00014514     514 (00014500)     _sync_us_per_div
00014518     514 (00014500)     _seconds_per_step
0001451c     514 (00014500)     _command_calibrate

00014540     515 (00014540)     _debug_timestamps

00014642     519 (00014640)     _command_ti_config
0001464e     519 (00014640)     _command_clock_scale

00014680     51a (00014680)     _ti_board
000146b0     51a (00014680)     _total_tics_per_step

00014727     51c (00014700)     _has_printed_fatal_error_count

00014766     51d (00014740)     _command_db_config

00014780     51e (00014780)     _db_board
000147a4     51e (00014780)     ___atexit_func_id__
000147a8     51e (00014780)     ___dummy_variable_used_to_force_definition_of__link
000147b8     51e (00014780)     ___TI_enable_exit_profile_output
000147ba     51e (00014780)     ___TI_cleanup_ptr
000147bc     51e (00014780)     ___TI_dtors_ptr

000147f0     51f (000147c0)     _command_send_codes

00014800     520 (00014800)     _command_dsp_test
0001480c     520 (00014800)     _command_get_queue
00014818     520 (00014800)     _command_set_queue
00014824     520 (00014800)     _experimental_monitor_version_str
00014826     520 (00014800)     _compile_date_str
00014828     520 (00014800)     _compile_time_str

00014842     521 (00014840)     _waiting_count
00014843     521 (00014840)     _sec_until_waiting
00014844     521 (00014840)     _sec_until_waiting_reload
00014845     521 (00014840)     _received_input
00014846     521 (00014840)     _current_serial_command_len
00014847     521 (00014840)     _serial_command_is_being_validated
0001484c     521 (00014840)     _serial_command_list
00014858     521 (00014840)     _command_test_connection
00014864     521 (00014840)     _command_serial_config
00014870     521 (00014840)     _command_echo

00014880     522 (00014880)     _command_status
0001488c     522 (00014880)     _command_waiting_delay

00015000     540 (00015000)     __sys_memory

00047000    11c0 (00047000)     _Emif1Regs

00047800    11e0 (00047800)     _Emif2Regs

00048000    1200 (00048000)     _CanaRegs

0004a000    1280 (0004a000)     _CanbRegs

00050000    1400 (00050000)     _IpcRegs
00050024    1400 (00050000)     _FlashPumpSemaphoreRegs

0005d000    1740 (0005d000)     _DevCfgRegs

0005d180    1746 (0005d180)     _AnalogSubsysRegs

0005d200    1748 (0005d200)     _ClkCfgRegs

0005d300    174c (0005d300)     _CpuSysRegs

0005e608    1798 (0005e600)     _RomPrefetchRegs

0005f000    17c0 (0005f000)     _DcsmZ1Regs

0005f040    17c1 (0005f040)     _DcsmZ2Regs
0005f070    17c1 (0005f040)     _DcsmCommonRegs

0005f400    17d0 (0005f400)     _MemCfgRegs

0005f480    17d2 (0005f480)     _Emif1ConfigRegs
0005f4a0    17d2 (0005f480)     _Emif2ConfigRegs

0005f4c0    17d3 (0005f4c0)     _AccessProtectionRegs

0005f500    17d4 (0005f500)     _MemoryErrorRegs

0005f540    17d5 (0005f540)     _RomWaitStateRegs

0005f800    17e0 (0005f800)     _Flash0CtrlRegs

0005fb00    17ec (0005fb00)     _Flash0EccRegs


GLOBAL SYMBOLS: SORTED ALPHABETICALLY BY Name 

page  address   name                                                                            
----  -------   ----                                                                            
abs   ffffffff  .text                                                                           
0     000116ca  C$$EXIT                                                                         
0     0000b599  FD$$ADD                                                                         
0     0000baca  FD$$CMP                                                                         
0     0000b6c6  FD$$DIV                                                                         
0     0000b7d9  FD$$MPY                                                                         
0     0000bd6e  FD$$NEG                                                                         
0     0000bd60  FD$$SUB                                                                         
0     0000bb66  FD$$TOFS                                                                        
0     0000bbc9  FD$$TOL                                                                         
0     0000bbe8  FD$$TOLL                                                                        
0     0000bcb1  FD$$TOU                                                                         
0     0000bc96  FD$$TOUL                                                                        
0     0000bc42  FD$$TOULL                                                                       
0     0000b751  FS$$DIV                                                                         
0     0000bc5e  FS$$TOFD                                                                        
0     0000bb1d  FS$$TOULL                                                                       
0     0000bc25  I$$TOFD                                                                         
0     0000bc7a  L$$TOFD                                                                         
0     0000bccb  LL$$AND                                                                         
0     0000bc07  LL$$CMP                                                                         
0     0000b085  LL$$DIV                                                                         
0     0000b0c1  LL$$MOD                                                                         
0     0000bd27  LL$$MPY                                                                         
0     0000bcd3  LL$$OR                                                                          
0     0000bb42  LL$$TOFD                                                                        
0     0000bcdb  LL$$XOR                                                                         
0     000117a1  U$$DIV                                                                          
0     000117a6  U$$MOD                                                                          
0     0000bcfa  U$$TOFD                                                                         
0     0000bd11  UL$$TOFD                                                                        
0     0000bc19  ULL$$CMP                                                                        
0     0000b0fb  ULL$$DIV                                                                        
0     0000b12a  ULL$$MOD                                                                        
0     0000bba9  ULL$$TOFD                                                                       
0     0000bd4f  ULL$$TOFS                                                                       
0     0000dcc3  _ADCA1_ISR                                                                      
0     0000dcb9  _ADCA2_ISR                                                                      
0     0000dcaf  _ADCA3_ISR                                                                      
0     0000dca5  _ADCA4_ISR                                                                      
0     0000dc9b  _ADCA_EVT_ISR                                                                   
0     0000dc91  _ADCB1_ISR                                                                      
0     0000dc87  _ADCB2_ISR                                                                      
0     0000dc7d  _ADCB3_ISR                                                                      
0     0000dc73  _ADCB4_ISR                                                                      
0     0000dc69  _ADCB_EVT_ISR                                                                   
0     0000dc5f  _ADCC1_ISR                                                                      
0     0000dc55  _ADCC2_ISR                                                                      
0     0000dc4b  _ADCC3_ISR                                                                      
0     0000dc41  _ADCC4_ISR                                                                      
0     0000dc37  _ADCC_EVT_ISR                                                                   
0     0000dc2d  _ADCD1_ISR                                                                      
0     0000dc23  _ADCD2_ISR                                                                      
0     0000dc19  _ADCD3_ISR                                                                      
0     0000dc0f  _ADCD4_ISR                                                                      
0     0000dc05  _ADCD_EVT_ISR                                                                   
0     00010e15  _ADS8688_adc_cla_task_length_in_us__Fv                                          
0     0000dbfb  _AUX_PLL_SLIP_ISR                                                               
1     0005f4c0  _AccessProtectionRegs                                                           
0     00010f1e  _AdcSetMode                                                                     
1     00007400  _AdcaRegs                                                                       
1     00000b00  _AdcaResultRegs                                                                 
1     00007480  _AdcbRegs                                                                       
1     00000b20  _AdcbResultRegs                                                                 
1     00007500  _AdccRegs                                                                       
1     00000b40  _AdccResultRegs                                                                 
1     00007580  _AdcdRegs                                                                       
1     00000b60  _AdcdResultRegs                                                                 
1     0005d180  _AnalogSubsysRegs                                                               
0     0000e023  _AuxAuxClkSel                                                                   
0     0000e03e  _AuxIntOsc2Sel                                                                  
0     0000e02d  _AuxXtalOscSel                                                                  
0     0000dbf1  _CANA0_ISR                                                                      
0     0000dbe7  _CANA1_ISR                                                                      
0     0000dbdd  _CANB0_ISR                                                                      
0     0000dbd3  _CANB1_ISR                                                                      
0     0000dbc9  _CLA1_1_ISR                                                                     
0     0000dbbf  _CLA1_2_ISR                                                                     
0     0000dbb5  _CLA1_3_ISR                                                                     
0     0000dbab  _CLA1_4_ISR                                                                     
0     0000dba1  _CLA1_5_ISR                                                                     
0     0000db97  _CLA1_6_ISR                                                                     
0     0000db8d  _CLA1_7_ISR                                                                     
0     0000db83  _CLA1_8_ISR                                                                     
0     0000db79  _CLA_OVERFLOW_ISR                                                               
0     0000db6f  _CLA_UNDERFLOW_ISR                                                              
1     00048000  _CanaRegs                                                                       
1     0004a000  _CanbRegs                                                                       
1     00001400  _Cla1Regs                                                                       
0     00000ce0  _Cla1SoftIntRegs                                                                
1     0005d200  _ClkCfgRegs                                                                     
1     00005c80  _Cmpss1Regs                                                                     
1     00005ca0  _Cmpss2Regs                                                                     
1     00005cc0  _Cmpss3Regs                                                                     
1     00005ce0  _Cmpss4Regs                                                                     
1     00005d00  _Cmpss5Regs                                                                     
1     00005d20  _Cmpss6Regs                                                                     
1     00005d40  _Cmpss7Regs                                                                     
1     00005d60  _Cmpss8Regs                                                                     
0     0000df38  _ConfigureTMXAnalogTrim                                                         
1     0005d300  _CpuSysRegs                                                                     
1     00000c00  _CpuTimer0Regs                                                                  
1     00000c08  _CpuTimer1Regs                                                                  
1     00000c10  _CpuTimer2Regs                                                                  
0     0000e1ba  _CsmUnlock                                                                      
0     0000db65  _DATALOG_ISR                                                                    
0     0000db5b  _DMA_CH1_ISR                                                                    
0     0000db51  _DMA_CH2_ISR                                                                    
0     0000db47  _DMA_CH3_ISR                                                                    
0     0000db3d  _DMA_CH4_ISR                                                                    
0     0000db33  _DMA_CH5_ISR                                                                    
0     0000db29  _DMA_CH6_ISR                                                                    
1     00005c00  _DacaRegs                                                                       
1     00005c10  _DacbRegs                                                                       
1     00005c20  _DaccRegs                                                                       
1     0005f070  _DcsmCommonRegs                                                                 
1     0005f000  _DcsmZ1Regs                                                                     
1     0005f040  _DcsmZ2Regs                                                                     
1     0005d000  _DevCfgRegs                                                                     
0     0000df2b  _DisableDog                                                                     
0     0000e164  _DisablePeripheralClocks                                                        
[...]
0     000117bc  ___dla__FPv                                                                     
0     000117c1  ___abort_execution                                                              
0     000117c4  __system_pre_init                                                               
0     000117c6  __nop                                                                           
0     000117c7  __system_post_cinit                                                             
1     00000130  __stack                                                                         
1     00000800  __STACK_END                                                                     
1     00000b00  _AdcaResultRegs                                                                 
1     00000b20  _AdcbResultRegs                                                                 
1     00000b40  _AdccResultRegs                                                                 
1     00000b60  _AdcdResultRegs                                                                 
1     00000c00  _CpuTimer0Regs                                                                  
1     00000c08  _CpuTimer1Regs                                                                  
1     00000c10  _CpuTimer2Regs                                                                  
1     00000ce0  _PieCtrlRegs                                                                    
1     00000d00  _EmuBMode                                                                       
1     00000d00  _PieVectTable                                                                   
1     00000d01  _EmuBootPins                                                                    
1     00001000  _DmaRegs                                                                        
1     00001400  _Cla1Regs                                                                       
1     00004000  _EPwm1Regs                                                                      
1     00004100  _EPwm2Regs                                                                      
1     00004200  _EPwm3Regs                                                                      
1     00004300  _EPwm4Regs                                                                      
1     00004400  _EPwm5Regs                                                                      
1     00004500  _EPwm6Regs                                                                      
1     00004600  _EPwm7Regs                                                                      
1     00004700  _EPwm8Regs                                                                      
1     00004800  _EPwm9Regs                                                                      
1     00004900  _EPwm10Regs                                                                     
1     00004a00  _EPwm11Regs                                                                     
1     00004b00  _EPwm12Regs                                                                     
1     00005000  _ECap1Regs                                                                      
1     00005020  _ECap2Regs                                                                      
1     00005040  _ECap3Regs                                                                      
1     00005060  _ECap4Regs                                                                      
1     00005080  _ECap5Regs                                                                      
1     000050a0  _ECap6Regs                                                                      
1     00005100  _EQep1Regs                                                                      
1     00005140  _EQep2Regs                                                                      
1     00005180  _EQep3Regs                                                                      
1     00005c00  _DacaRegs                                                                       
1     00005c10  _DacbRegs                                                                       
1     00005c20  _DaccRegs                                                                       
1     00005c80  _Cmpss1Regs                                                                     
1     00005ca0  _Cmpss2Regs                                                                     
1     00005cc0  _Cmpss3Regs                                                                     
1     00005ce0  _Cmpss4Regs                                                                     
1     00005d00  _Cmpss5Regs                                                                     
1     00005d20  _Cmpss6Regs                                                                     
1     00005d40  _Cmpss7Regs                                                                     
1     00005d60  _Cmpss8Regs                                                                     
1     00005e00  _Sdfm1Regs                                                                      
1     00005e80  _Sdfm2Regs                                                                      
1     00006000  _McbspaRegs                                                                     
1     00006040  _McbspbRegs                                                                     
1     00006100  _SpiaRegs                                                                       
1     00006110  _SpibRegs                                                                       
1     00006120  _SpicRegs                                                                       
1     00006200  _UppRegs                                                                        
1     00007000  _WdRegs                                                                         
1     00007060  _NmiIntruptRegs                                                                 
1     00007070  _XintRegs                                                                       
1     00007200  _SciaRegs                                                                       
1     00007210  _ScibRegs                                                                       
1     00007220  _ScicRegs                                                                       
1     00007230  _ScidRegs                                                                       
1     00007300  _I2caRegs                                                                       
1     00007340  _I2cbRegs                                                                       
1     00007400  _AdcaRegs                                                                       
1     00007480  _AdcbRegs                                                                       
1     00007500  _AdccRegs                                                                       
1     00007580  _AdcdRegs                                                                       
1     00007900  _InputXbarRegs                                                                  
1     00007920  _XbarRegs                                                                       
1     00007940  _SyncSocRegs                                                                    
1     00007980  _DmaClaSrcSelRegs                                                               
1     00007a00  _EPwmXbarRegs                                                                   
1     00007a80  _OutputXbarRegs                                                                 
1     00007c00  _GpioCtrlRegs                                                                   
1     00007f00  _GpioDataRegs                                                                   
1     00008800  _cla_internal_adc_cycle_count                                                   
1     00008801  _cla_internal_adc_conversion_offset                                             
1     00008802  _cla_internal_adc_enabled                                                       
1     00008804  _cla_internal_adc_conversion_scale                                              
1     00008806  _cla_ain_result_ptrs                                                            
1     00008816  _cla_ADS8688_cycle_count                                                        
1     00008817  _cla_ADS8688_adc_enabled                                                        
1     00008818  _has_had_fatal_adc_error                                                        
1     0000881a  _cla_ADS8688_spi_regs                                                           
1     0000881c  _cla_ads8688_channel_to_ain                                                     
1     00008824  _cla_analog_in_count                                                            
1     00008825  _cla_analog_in_type                                                             
1     00008826  _cla_analog_in_voltages                                                         
1     0000882e  _cla_uptime_count_32                                                            
1     00008830  _cla_uptime_overflow                                                            
1     0001312e  _PieVectTableInit                                                               
1     000139bb  __ctypes_                                                                       
1     00013ea2  _base64_char                                                                    
1     00013ea4  __new_handler                                                                   
1     00013ea6  ___array_new_prefix_size                                                        
1     00014280  _command_twiddle                                                                
1     0001428c  _command_uptime                                                                 
1     00014298  _command_reset_clock                                                            
1     000142a4  _command_timestamp                                                              
1     000142b0  _command_set_input_settings                                                     
1     000142c0  _command_get_input_settings                                                     
1     000142cc  _command_set_input_actions                                                      
1     000142d8  _command_get_input_history                                                      
1     000142e4  _command_set_output_settings                                                    
1     000142f0  _command_get_output_settings                                                    
1     00014300  _command_set_output_actions                                                     
1     00014324  _command_get_digital_values                                                     
1     00014330  _command_set_digital_values                                                     
1     0001440b  _voltage_conversion_factor                                                      
1     0001440c  _command_get_values                                                             
1     00014418  _command_get_conversion                                                         
1     00014424  _command_multiplier                                                             
1     00014430  _blank_json_object                                                              
1     0001443c  ___softfloat_float_exception_flags                                              
1     0001443d  ___softfloat_float_exception_mask                                               
1     0001443e  ___softfloat_float_rounding_mode                                                
1     00014440  _cpu_timer0                                                                     
1     00014480  _cpu_timer1                                                                     
1     000144c0  _cpu_timer2                                                                     
1     000144fc  __lock                                                                          
1     000144fe  _errno                                                                          
1     00014500  _calibration_step                                                               
1     00014502  _cla_us_per_div                                                                 
1     00014504  _cpu_us_per_div                                                                 
1     00014506  _cpu_hs_us_per_div                                                              
1     00014508  _cpu_ts_tics_us_per_div                                                         
1     0001450a  _sync_counts                                                                    
1     0001450c  _sync_counts_needed                                                             
1     0001450e  _total_sync_tics                                                                
1     00014510  _target_calibration_tics                                                        
1     00014514  _sync_us_per_div                                                                
1     00014518  _seconds_per_step                                                               
1     0001451c  _command_calibrate                                                              
1     00014540  _debug_timestamps                                                               
1     00014642  _command_ti_config                                                              
1     0001464e  _command_clock_scale                                                            
1     00014680  _ti_board                                                                       
1     000146b0  _total_tics_per_step                                                            
1     00014727  _has_printed_fatal_error_count                                                  
1     00014766  _command_db_config                                                              
1     00014780  _db_board                                                                       
1     000147a4  ___atexit_func_id__                                                             
1     000147a8  ___dummy_variable_used_to_force_definition_of__link                             
1     000147b8  ___TI_enable_exit_profile_output                                                
1     000147ba  ___TI_cleanup_ptr                                                               
1     000147bc  ___TI_dtors_ptr                                                                 
1     000147f0  _command_send_codes                                                             
1     00014800  _command_dsp_test                                                               
1     0001480c  _command_get_queue                                                              
1     00014818  _command_set_queue                                                              
1     00014824  _experimental_monitor_version_str                                               
1     00014826  _compile_date_str                                                               
1     00014828  _compile_time_str                                                               
1     00014842  _waiting_count                                                                  
1     00014843  _sec_until_waiting                                                              
1     00014844  _sec_until_waiting_reload                                                       
1     00014845  _received_input                                                                 
1     00014846  _current_serial_command_len                                                     
1     00014847  _serial_command_is_being_validated                                              
1     0001484c  _serial_command_list                                                            
1     00014858  _command_test_connection                                                        
1     00014864  _command_serial_config                                                          
1     00014870  _command_echo                                                                   
1     00014880  _command_status                                                                 
1     0001488c  _command_waiting_delay                                                          
1     00015000  __sys_memory                                                                    
1     00047000  _Emif1Regs                                                                      
1     00047800  _Emif2Regs                                                                      
1     00048000  _CanaRegs                                                                       
1     0004a000  _CanbRegs                                                                       
1     00050000  _IpcRegs                                                                        
1     00050024  _FlashPumpSemaphoreRegs                                                         
1     0005d000  _DevCfgRegs                                                                     
1     0005d180  _AnalogSubsysRegs                                                               
1     0005d200  _ClkCfgRegs                                                                     
1     0005d300  _CpuSysRegs                                                                     
1     0005e608  _RomPrefetchRegs                                                                
1     0005f000  _DcsmZ1Regs                                                                     
1     0005f040  _DcsmZ2Regs                                                                     
1     0005f070  _DcsmCommonRegs                                                                 
1     0005f400  _MemCfgRegs                                                                     
1     0005f480  _Emif1ConfigRegs                                                                
1     0005f4a0  _Emif2ConfigRegs                                                                
1     0005f4c0  _AccessProtectionRegs                                                           
1     0005f500  _MemoryErrorRegs                                                                
1     0005f540  _RomWaitStateRegs                                                               
1     0005f800  _Flash0CtrlRegs                                                                 
1     0005fb00  _Flash0EccRegs                                                                  
abs   000006d0  __STACK_SIZE                                                                    
abs   00007000  __SYSMEM_SIZE                                                                   
abs   ffffffff  .text                                                                           
abs   ffffffff  ___TI_pprof_out_hndl                                                            
abs   ffffffff  ___TI_prof_data_size                                                            
abs   ffffffff  ___TI_prof_data_start                                                           
abs   ffffffff  ___binit__                                                                      
abs   ffffffff  ___c_args__                                                                     
abs   ffffffff  ___etext__                                                                      
abs   ffffffff  ___text__                                                                       
abs   ffffffff  binit                                                                           
abs   ffffffff  etext                                                                           

[802 symbols]
