<?xml version="1.0" encoding="ISO-8859-1" ?>
<link_info>
   <banner>TMS320C2000 Linker Unix v20.2.1.LTS</banner>
   <copyright>Copyright (c) 1996-2018 Texas Instruments Incorporated</copyright>
   <link_time>0x5f66c498</link_time>
   <link_errors>0x0</link_errors>
   <output_file>EM_CPU1.out</output_file>
   <entry_point>
      <name>_c_int00</name>
      <address>0x84baf</address>
   </entry_point>
   <input_file_list>
      <input_file id="fl-3">
         <path>./77S_ti_source/</path>
         <kind>object</kind>
         <file>F2837xS_Adc.obj</file>
         <name>F2837xS_Adc.obj</name>
      </input_file>
      <input_file id="fl-6">
         <path>./77S_ti_source/</path>
         <kind>object</kind>
         <file>F2837xS_GlobalVariableDefs.obj</file>
         <name>F2837xS_GlobalVariableDefs.obj</name>
      </input_file>
      <input_file id="fl-11">
         <path>./common/</path>
         <kind>object</kind>
         <file>daughterboard.obj</file>
         <name>daughterboard.obj</name>
      </input_file>
      <input_file id="fl-12">
         <path>./common/</path>
         <kind>object</kind>
         <file>em_main.obj</file>
         <name>em_main.obj</name>
      </input_file>
      <input_file id="fl-14">
         <path>./common/</path>
         <kind>object</kind>
         <file>version.obj</file>
         <name>version.obj</name>
      </input_file>
      <input_file id="fl-18">
         <path>./common/experiment/</path>
         <kind>object</kind>
         <file>experimental_outputs.obj</file>
         <name>experimental_outputs.obj</name>
      </input_file>
      <input_file id="fl-1d">
         <path>./common/internal/</path>
         <kind>object</kind>
         <file>leds.obj</file>
         <name>leds.obj</name>
      </input_file>
      <input_file id="fl-21">
         <path>./common/internal/</path>
         <kind>object</kind>
         <file>status_messages.obj</file>
         <name>status_messages.obj</name>
      </input_file>
      <input_file id="fl-26">
         <path>./common/serial/</path>
         <kind>object</kind>
         <file>printf_raw.obj</file>
         <name>printf_raw.obj</name>
      </input_file>
      <input_file id="fl-28">
         <path>./common/serial/</path>
         <kind>object</kind>
         <file>tiny_json.obj</file>
         <name>tiny_json.obj</name>
      </input_file>
      <input_file id="fl-48">
         <path>/Applications/ti/ccs1010/ccs/tools/compiler/ti-cgt-c2000_20.2.1.LTS/lib/</path>
         <kind>archive</kind>
         <file>rts2800_fpu32.lib</file>
         <name>memory.c.obj</name>
      </input_file>
      <input_file id="fl-49">
         <path>/Applications/ti/ccs1010/ccs/tools/compiler/ti-cgt-c2000_20.2.1.LTS/lib/</path>
         <kind>archive</kind>
         <file>rts2800_fpu32.lib</file>
         <name>vec_newdel.c.obj</name>
      </input_file>
      <input_file id="fl-4a">
         <path>/Applications/ti/ccs1010/ccs/tools/compiler/ti-cgt-c2000_20.2.1.LTS/lib/</path>
         <kind>archive</kind>
         <file>rts2800_fpu32.lib</file>
         <name>error.c.obj</name>
      </input_file>
      <input_file id="fl-4b">
         <path>/Applications/ti/ccs1010/ccs/tools/compiler/ti-cgt-c2000_20.2.1.LTS/lib/</path>
         <kind>archive</kind>
         <file>rts2800_fpu32.lib</file>
         <name>delete.c.obj</name>
      </input_file>
      <input_file id="fl-4c">
         <path>/Applications/ti/ccs1010/ccs/tools/compiler/ti-cgt-c2000_20.2.1.LTS/lib/</path>
         <kind>archive</kind>
         <file>rts2800_fpu32.lib</file>
         <name>array_del.c.obj</name>
      </input_file>
      <input_file id="fl-4d">
         <path>/Applications/ti/ccs1010/ccs/tools/compiler/ti-cgt-c2000_20.2.1.LTS/lib/</path>
         <kind>archive</kind>
         <file>rts2800_fpu32.lib</file>
         <name>memzero.c.obj</name>
      </input_file>
      <input_file id="fl-4e">
         <path>/Applications/ti/ccs1010/ccs/tools/compiler/ti-cgt-c2000_20.2.1.LTS/lib/</path>
         <kind>archive</kind>
         <file>rts2800_fpu32.lib</file>
         <name>new.c.obj</name>
      </input_file>
      <input_file id="fl-4f">
         <path>/Applications/ti/ccs1010/ccs/tools/compiler/ti-cgt-c2000_20.2.1.LTS/lib/</path>
         <kind>archive</kind>
         <file>rts2800_fpu32.lib</file>
         <name>newhandler.c.obj</name>
      </input_file>
      <input_file id="fl-50">
         <path>/Applications/ti/ccs1010/ccs/tools/compiler/ti-cgt-c2000_20.2.1.LTS/lib/</path>
         <kind>archive</kind>
         <file>rts2800_fpu32.lib</file>
         <name>array_new.c.obj</name>
      </input_file>
      <input_file id="fl-51">
         <path>/Applications/ti/ccs1010/ccs/tools/compiler/ti-cgt-c2000_20.2.1.LTS/lib/</path>
         <kind>archive</kind>
         <file>rts2800_fpu32.lib</file>
         <name>dtor_list.c.obj</name>
      </input_file>
      <input_file id="fl-53">
         <path>/Applications/ti/ccs1010/ccs/tools/compiler/ti-cgt-c2000_20.2.1.LTS/lib/</path>
         <kind>archive</kind>
         <file>rts2800_fpu32.lib</file>
         <name>_lock.c.obj</name>
      </input_file>
      <input_file id="fl-54">
         <path>/Applications/ti/ccs1010/ccs/tools/compiler/ti-cgt-c2000_20.2.1.LTS/lib/</path>
         <kind>archive</kind>
         <file>rts2800_fpu32.lib</file>
         <name>vars.c.obj</name>
      </input_file>
      <input_file id="fl-58">
         <path>/Applications/ti/ccs1010/ccs/tools/compiler/ti-cgt-c2000_20.2.1.LTS/lib/</path>
         <kind>archive</kind>
         <file>rts2800_fpu32.lib</file>
         <name>pre_init.c.obj</name>
      </input_file>
      <input_file id="fl-59">
         <path>/Applications/ti/ccs1010/ccs/tools/compiler/ti-cgt-c2000_20.2.1.LTS/lib/</path>
         <kind>archive</kind>
         <file>rts2800_fpu32.lib</file>
         <name>cpy_tbl.c.obj</name>
      </input_file>
      <input_file id="fl-5a">
         <path>/Applications/ti/ccs1010/ccs/tools/compiler/ti-cgt-c2000_20.2.1.LTS/lib/</path>
         <kind>archive</kind>
         <file>rts2800_fpu32.lib</file>
         <name>errno.c.obj</name>
      </input_file>
      <input_file id="fl-5b">
         <path>/Applications/ti/ccs1010/ccs/tools/compiler/ti-cgt-c2000_20.2.1.LTS/lib/</path>
         <kind>archive</kind>
         <file>rts2800_fpu32.lib</file>
         <name>s_fabs.c.obj</name>
      </input_file>
      <input_file id="fl-5c">
         <path>/Applications/ti/ccs1010/ccs/tools/compiler/ti-cgt-c2000_20.2.1.LTS/lib/</path>
         <kind>archive</kind>
         <file>rts2800_fpu32.lib</file>
         <name>s_floorf.c.obj</name>
      </input_file>
      <input_file id="fl-5d">
         <path>/Applications/ti/ccs1010/ccs/tools/compiler/ti-cgt-c2000_20.2.1.LTS/lib/</path>
         <kind>archive</kind>
         <file>rts2800_fpu32.lib</file>
         <name>s_floor.c.obj</name>
      </input_file>
      <input_file id="fl-5e">
         <path>/Applications/ti/ccs1010/ccs/tools/compiler/ti-cgt-c2000_20.2.1.LTS/lib/</path>
         <kind>archive</kind>
         <file>rts2800_fpu32.lib</file>
         <name>e_fmodf.c.obj</name>
      </input_file>
      <input_file id="fl-60">
         <path>/Applications/ti/ccs1010/ccs/tools/compiler/ti-cgt-c2000_20.2.1.LTS/lib/</path>
         <kind>archive</kind>
         <file>rts2800_fpu32.lib</file>
         <name>s_llroundl.c.obj</name>
      </input_file>
      <input_file id="fl-62">
         <path>/Applications/ti/ccs1010/ccs/tools/compiler/ti-cgt-c2000_20.2.1.LTS/lib/</path>
         <kind>archive</kind>
         <file>rts2800_fpu32.lib</file>
         <name>ti_fenv.c.obj</name>
      </input_file>
      <input_file id="fl-63">
         <path>/Applications/ti/ccs1010/ccs/tools/compiler/ti-cgt-c2000_20.2.1.LTS/lib/</path>
         <kind>archive</kind>
         <file>rts2800_fpu32.lib</file>
         <name>s_lroundl.c.obj</name>
      </input_file>
      <input_file id="fl-65">
         <path>/Applications/ti/ccs1010/ccs/tools/compiler/ti-cgt-c2000_20.2.1.LTS/lib/</path>
         <kind>archive</kind>
         <file>rts2800_fpu32.lib</file>
         <name>memcpy.c.obj</name>
      </input_file>
      <input_file id="fl-66">
         <path>/Applications/ti/ccs1010/ccs/tools/compiler/ti-cgt-c2000_20.2.1.LTS/lib/</path>
         <kind>archive</kind>
         <file>rts2800_fpu32.lib</file>
         <name>memset.c.obj</name>
      </input_file>
      <input_file id="fl-67">
         <path>/Applications/ti/ccs1010/ccs/tools/compiler/ti-cgt-c2000_20.2.1.LTS/lib/</path>
         <kind>archive</kind>
         <file>rts2800_fpu32.lib</file>
         <name>signal.c.obj</name>
      </input_file>
      <input_file id="fl-68">
         <path>/Applications/ti/ccs1010/ccs/tools/compiler/ti-cgt-c2000_20.2.1.LTS/lib/</path>
         <kind>archive</kind>
         <file>rts2800_fpu32.lib</file>
         <name>s_round.c.obj</name>
      </input_file>
      <input_file id="fl-69">
         <path>/Applications/ti/ccs1010/ccs/tools/compiler/ti-cgt-c2000_20.2.1.LTS/lib/</path>
         <kind>archive</kind>
         <file>rts2800_fpu32.lib</file>
         <name>strcmp.c.obj</name>
      </input_file>
      <input_file id="fl-6a">
         <path>/Applications/ti/ccs1010/ccs/tools/compiler/ti-cgt-c2000_20.2.1.LTS/lib/</path>
         <kind>archive</kind>
         <file>rts2800_fpu32.lib</file>
         <name>strtod.c.obj</name>
      </input_file>
      <input_file id="fl-6b">
         <path>/Applications/ti/ccs1010/ccs/tools/compiler/ti-cgt-c2000_20.2.1.LTS/lib/</path>
         <kind>archive</kind>
         <file>rts2800_fpu32.lib</file>
         <name>ctype.c.obj</name>
      </input_file>
      <input_file id="fl-6c">
         <path>/Applications/ti/ccs1010/ccs/tools/compiler/ti-cgt-c2000_20.2.1.LTS/lib/</path>
         <kind>archive</kind>
         <file>rts2800_fpu32.lib</file>
         <name>s_scalbnf.c.obj</name>
      </input_file>
      <input_file id="fl-6d">
         <path>/Applications/ti/ccs1010/ccs/tools/compiler/ti-cgt-c2000_20.2.1.LTS/lib/</path>
         <kind>archive</kind>
         <file>rts2800_fpu32.lib</file>
         <name>s_copysignf.c.obj</name>
      </input_file>
      <input_file id="fl-6e">
         <path>/Applications/ti/ccs1010/ccs/tools/compiler/ti-cgt-c2000_20.2.1.LTS/lib/</path>
         <kind>archive</kind>
         <file>rts2800_fpu32.lib</file>
         <name>strtol.c.obj</name>
      </input_file>
      <input_file id="fl-6f">
         <path>/Applications/ti/ccs1010/ccs/tools/compiler/ti-cgt-c2000_20.2.1.LTS/lib/</path>
         <kind>archive</kind>
         <file>rts2800_fpu32.lib</file>
         <name>strtoll.c.obj</name>
      </input_file>
      <input_file id="fl-70">
         <path>/Applications/ti/ccs1010/ccs/tools/compiler/ti-cgt-c2000_20.2.1.LTS/lib/</path>
         <kind>archive</kind>
         <file>rts2800_fpu32.lib</file>
         <name>strtoul.c.obj</name>
      </input_file>
      <input_file id="fl-71">
         <path>/Applications/ti/ccs1010/ccs/tools/compiler/ti-cgt-c2000_20.2.1.LTS/lib/</path>
         <kind>archive</kind>
         <file>rts2800_fpu32.lib</file>
         <name>strtoull.c.obj</name>
      </input_file>
      <input_file id="fl-72">
         <path>/var/tmp/</path>
         <kind>object</kind>
         <file>TIcwQlaoEzF</file>
         <name>TIcwQlaoEzF</name>
      </input_file>
      <input_file id="fl-4">
         <path>./77S_ti_source/</path>
         <kind>object</kind>
         <file>F2837xS_CodeStartBranch.obj</file>
         <name>F2837xS_CodeStartBranch.obj</name>
      </input_file>
      <input_file id="fl-5">
         <path>./77S_ti_source/</path>
         <kind>object</kind>
         <file>F2837xS_DefaultISR.obj</file>
         <name>F2837xS_DefaultISR.obj</name>
      </input_file>
      <input_file id="fl-7">
         <path>./77S_ti_source/</path>
         <kind>object</kind>
         <file>F2837xS_Gpio.obj</file>
         <name>F2837xS_Gpio.obj</name>
      </input_file>
      <input_file id="fl-8">
         <path>./77S_ti_source/</path>
         <kind>object</kind>
         <file>F2837xS_PieCtrl.obj</file>
         <name>F2837xS_PieCtrl.obj</name>
      </input_file>
      <input_file id="fl-9">
         <path>./77S_ti_source/</path>
         <kind>object</kind>
         <file>F2837xS_PieVect.obj</file>
         <name>F2837xS_PieVect.obj</name>
      </input_file>
      <input_file id="fl-a">
         <path>./77S_ti_source/</path>
         <kind>object</kind>
         <file>F2837xS_SysCtrl.obj</file>
         <name>F2837xS_SysCtrl.obj</name>
      </input_file>
      <input_file id="fl-b">
         <path>./77S_ti_source/</path>
         <kind>object</kind>
         <file>F2837xS_usDelay.obj</file>
         <name>F2837xS_usDelay.obj</name>
      </input_file>
      <input_file id="fl-c">
         <path>./common/analog_io/</path>
         <kind>object</kind>
         <file>ADS8688_adc.obj</file>
         <name>ADS8688_adc.obj</name>
      </input_file>
      <input_file id="fl-d">
         <path>./common/analog_io/</path>
         <kind>object</kind>
         <file>ADS8688_adc_cla.obj</file>
         <name>ADS8688_adc_cla.obj</name>
      </input_file>
      <input_file id="fl-e">
         <path>./common/analog_io/</path>
         <kind>object</kind>
         <file>analog_input.obj</file>
         <name>analog_input.obj</name>
      </input_file>
      <input_file id="fl-f">
         <path>./common/analog_io/</path>
         <kind>object</kind>
         <file>internal_adc.obj</file>
         <name>internal_adc.obj</name>
      </input_file>
      <input_file id="fl-10">
         <path>./common/analog_io/</path>
         <kind>object</kind>
         <file>internal_adc_cla.obj</file>
         <name>internal_adc_cla.obj</name>
      </input_file>
      <input_file id="fl-13">
         <path>./common/</path>
         <kind>object</kind>
         <file>ti_launchpad.obj</file>
         <name>ti_launchpad.obj</name>
      </input_file>
      <input_file id="fl-15">
         <path>./common/digital_io/</path>
         <kind>object</kind>
         <file>digital_io.obj</file>
         <name>digital_io.obj</name>
      </input_file>
      <input_file id="fl-16">
         <path>./common/dsp_output/</path>
         <kind>object</kind>
         <file>dsp_output.obj</file>
         <name>dsp_output.obj</name>
      </input_file>
      <input_file id="fl-17">
         <path>./common/experiment/</path>
         <kind>object</kind>
         <file>experimental_inputs.obj</file>
         <name>experimental_inputs.obj</name>
      </input_file>
      <input_file id="fl-19">
         <path>./common/experiment/</path>
         <kind>object</kind>
         <file>io_controller.obj</file>
         <name>io_controller.obj</name>
      </input_file>
      <input_file id="fl-1a">
         <path>./common/experiment/</path>
         <kind>object</kind>
         <file>io_controller_cla.obj</file>
         <name>io_controller_cla.obj</name>
      </input_file>
      <input_file id="fl-1b">
         <path>./common/internal/</path>
         <kind>object</kind>
         <file>cla.obj</file>
         <name>cla.obj</name>
      </input_file>
      <input_file id="fl-1c">
         <path>./common/internal/</path>
         <kind>object</kind>
         <file>cpu_timers.obj</file>
         <name>cpu_timers.obj</name>
      </input_file>
      <input_file id="fl-1e">
         <path>./common/internal/</path>
         <kind>object</kind>
         <file>sci.obj</file>
         <name>sci.obj</name>
      </input_file>
      <input_file id="fl-1f">
         <path>./common/internal/</path>
         <kind>object</kind>
         <file>scia.obj</file>
         <name>scia.obj</name>
      </input_file>
      <input_file id="fl-20">
         <path>./common/internal/</path>
         <kind>object</kind>
         <file>spi.obj</file>
         <name>spi.obj</name>
      </input_file>
      <input_file id="fl-22">
         <path>./common/internal/</path>
         <kind>object</kind>
         <file>tic_toc.obj</file>
         <name>tic_toc.obj</name>
      </input_file>
      <input_file id="fl-23">
         <path>./common/internal/</path>
         <kind>object</kind>
         <file>tic_toc_cla.obj</file>
         <name>tic_toc_cla.obj</name>
      </input_file>
      <input_file id="fl-24">
         <path>./common/serial/</path>
         <kind>object</kind>
         <file>extract_json.obj</file>
         <name>extract_json.obj</name>
      </input_file>
      <input_file id="fl-25">
         <path>./common/serial/</path>
         <kind>object</kind>
         <file>printf_json.obj</file>
         <name>printf_json.obj</name>
      </input_file>
      <input_file id="fl-27">
         <path>./common/serial/</path>
         <kind>object</kind>
         <file>serial_link.obj</file>
         <name>serial_link.obj</name>
      </input_file>
      <input_file id="fl-29">
         <path>./common/support/</path>
         <kind>object</kind>
         <file>memcpy_fast.obj</file>
         <name>memcpy_fast.obj</name>
      </input_file>
      <input_file id="fl-2a">
         <path>./common/support/</path>
         <kind>object</kind>
         <file>misc.obj</file>
         <name>misc.obj</name>
      </input_file>
      <input_file id="fl-2b">
         <path>./common/support/</path>
         <kind>object</kind>
         <file>ring_buffer.obj</file>
         <name>ring_buffer.obj</name>
      </input_file>
      <input_file id="fl-2f">
         <kind>object</kind>
         <file>&lt;internal&gt;</file>
         <name>&lt;internal&gt;</name>
      </input_file>
      <input_file id="fl-30">
         <path>/Applications/ti/ccs1010/ccs/tools/compiler/ti-cgt-c2000_20.2.1.LTS/lib/</path>
         <kind>archive</kind>
         <file>rts2800_fpu32.lib</file>
         <name>fd_add28.asm.obj</name>
      </input_file>
      <input_file id="fl-31">
         <path>/Applications/ti/ccs1010/ccs/tools/compiler/ti-cgt-c2000_20.2.1.LTS/lib/</path>
         <kind>archive</kind>
         <file>rts2800_fpu32.lib</file>
         <name>fd_cmp28.asm.obj</name>
      </input_file>
      <input_file id="fl-32">
         <path>/Applications/ti/ccs1010/ccs/tools/compiler/ti-cgt-c2000_20.2.1.LTS/lib/</path>
         <kind>archive</kind>
         <file>rts2800_fpu32.lib</file>
         <name>fd_div28.asm.obj</name>
      </input_file>
      <input_file id="fl-33">
         <path>/Applications/ti/ccs1010/ccs/tools/compiler/ti-cgt-c2000_20.2.1.LTS/lib/</path>
         <kind>archive</kind>
         <file>rts2800_fpu32.lib</file>
         <name>fd_mpy28.asm.obj</name>
      </input_file>
      <input_file id="fl-34">
         <path>/Applications/ti/ccs1010/ccs/tools/compiler/ti-cgt-c2000_20.2.1.LTS/lib/</path>
         <kind>archive</kind>
         <file>rts2800_fpu32.lib</file>
         <name>fd_neg28.asm.obj</name>
      </input_file>
      <input_file id="fl-35">
         <path>/Applications/ti/ccs1010/ccs/tools/compiler/ti-cgt-c2000_20.2.1.LTS/lib/</path>
         <kind>archive</kind>
         <file>rts2800_fpu32.lib</file>
         <name>fd_sub28.asm.obj</name>
      </input_file>
      <input_file id="fl-36">
         <path>/Applications/ti/ccs1010/ccs/tools/compiler/ti-cgt-c2000_20.2.1.LTS/lib/</path>
         <kind>archive</kind>
         <file>rts2800_fpu32.lib</file>
         <name>fd_tofsfpu32.asm.obj</name>
      </input_file>
      <input_file id="fl-37">
         <path>/Applications/ti/ccs1010/ccs/tools/compiler/ti-cgt-c2000_20.2.1.LTS/lib/</path>
         <kind>archive</kind>
         <file>rts2800_fpu32.lib</file>
         <name>fd_tou28.asm.obj</name>
      </input_file>
      <input_file id="fl-38">
         <path>/Applications/ti/ccs1010/ccs/tools/compiler/ti-cgt-c2000_20.2.1.LTS/lib/</path>
         <kind>archive</kind>
         <file>rts2800_fpu32.lib</file>
         <name>fd_toul28.asm.obj</name>
      </input_file>
      <input_file id="fl-39">
         <path>/Applications/ti/ccs1010/ccs/tools/compiler/ti-cgt-c2000_20.2.1.LTS/lib/</path>
         <kind>archive</kind>
         <file>rts2800_fpu32.lib</file>
         <name>fd_toull28.asm.obj</name>
      </input_file>
      <input_file id="fl-3a">
         <path>/Applications/ti/ccs1010/ccs/tools/compiler/ti-cgt-c2000_20.2.1.LTS/lib/</path>
         <kind>archive</kind>
         <file>rts2800_fpu32.lib</file>
         <name>fs_tofdfpu32.asm.obj</name>
      </input_file>
      <input_file id="fl-3b">
         <path>/Applications/ti/ccs1010/ccs/tools/compiler/ti-cgt-c2000_20.2.1.LTS/lib/</path>
         <kind>archive</kind>
         <file>rts2800_fpu32.lib</file>
         <name>fs_toullfpu32.asm.obj</name>
      </input_file>
      <input_file id="fl-3c">
         <path>/Applications/ti/ccs1010/ccs/tools/compiler/ti-cgt-c2000_20.2.1.LTS/lib/</path>
         <kind>archive</kind>
         <file>rts2800_fpu32.lib</file>
         <name>i_tofd28.asm.obj</name>
      </input_file>
      <input_file id="fl-3d">
         <path>/Applications/ti/ccs1010/ccs/tools/compiler/ti-cgt-c2000_20.2.1.LTS/lib/</path>
         <kind>archive</kind>
         <file>rts2800_fpu32.lib</file>
         <name>l_tofd28.asm.obj</name>
      </input_file>
      <input_file id="fl-3e">
         <path>/Applications/ti/ccs1010/ccs/tools/compiler/ti-cgt-c2000_20.2.1.LTS/lib/</path>
         <kind>archive</kind>
         <file>rts2800_fpu32.lib</file>
         <name>ll_aox28.asm.obj</name>
      </input_file>
      <input_file id="fl-3f">
         <path>/Applications/ti/ccs1010/ccs/tools/compiler/ti-cgt-c2000_20.2.1.LTS/lib/</path>
         <kind>archive</kind>
         <file>rts2800_fpu32.lib</file>
         <name>ll_cmp28.asm.obj</name>
      </input_file>
      <input_file id="fl-40">
         <path>/Applications/ti/ccs1010/ccs/tools/compiler/ti-cgt-c2000_20.2.1.LTS/lib/</path>
         <kind>archive</kind>
         <file>rts2800_fpu32.lib</file>
         <name>ll_div28.asm.obj</name>
      </input_file>
      <input_file id="fl-41">
         <path>/Applications/ti/ccs1010/ccs/tools/compiler/ti-cgt-c2000_20.2.1.LTS/lib/</path>
         <kind>archive</kind>
         <file>rts2800_fpu32.lib</file>
         <name>ll_mpy28.asm.obj</name>
      </input_file>
      <input_file id="fl-42">
         <path>/Applications/ti/ccs1010/ccs/tools/compiler/ti-cgt-c2000_20.2.1.LTS/lib/</path>
         <kind>archive</kind>
         <file>rts2800_fpu32.lib</file>
         <name>ll_tofd28.asm.obj</name>
      </input_file>
      <input_file id="fl-43">
         <path>/Applications/ti/ccs1010/ccs/tools/compiler/ti-cgt-c2000_20.2.1.LTS/lib/</path>
         <kind>archive</kind>
         <file>rts2800_fpu32.lib</file>
         <name>u_div28.asm.obj</name>
      </input_file>
      <input_file id="fl-44">
         <path>/Applications/ti/ccs1010/ccs/tools/compiler/ti-cgt-c2000_20.2.1.LTS/lib/</path>
         <kind>archive</kind>
         <file>rts2800_fpu32.lib</file>
         <name>u_tofd28.asm.obj</name>
      </input_file>
      <input_file id="fl-45">
         <path>/Applications/ti/ccs1010/ccs/tools/compiler/ti-cgt-c2000_20.2.1.LTS/lib/</path>
         <kind>archive</kind>
         <file>rts2800_fpu32.lib</file>
         <name>ul_tofd28.asm.obj</name>
      </input_file>
      <input_file id="fl-46">
         <path>/Applications/ti/ccs1010/ccs/tools/compiler/ti-cgt-c2000_20.2.1.LTS/lib/</path>
         <kind>archive</kind>
         <file>rts2800_fpu32.lib</file>
         <name>ull_tofd28.asm.obj</name>
      </input_file>
      <input_file id="fl-47">
         <path>/Applications/ti/ccs1010/ccs/tools/compiler/ti-cgt-c2000_20.2.1.LTS/lib/</path>
         <kind>archive</kind>
         <file>rts2800_fpu32.lib</file>
         <name>ull_tofsfpu32.asm.obj</name>
      </input_file>
      <input_file id="fl-52">
         <path>/Applications/ti/ccs1010/ccs/tools/compiler/ti-cgt-c2000_20.2.1.LTS/lib/</path>
         <kind>archive</kind>
         <file>rts2800_fpu32.lib</file>
         <name>exit.c.obj</name>
      </input_file>
      <input_file id="fl-55">
         <path>/Applications/ti/ccs1010/ccs/tools/compiler/ti-cgt-c2000_20.2.1.LTS/lib/</path>
         <kind>archive</kind>
         <file>rts2800_fpu32.lib</file>
         <name>boot28.asm.obj</name>
      </input_file>
      <input_file id="fl-56">
         <path>/Applications/ti/ccs1010/ccs/tools/compiler/ti-cgt-c2000_20.2.1.LTS/lib/</path>
         <kind>archive</kind>
         <file>rts2800_fpu32.lib</file>
         <name>args_main.c.obj</name>
      </input_file>
      <input_file id="fl-57">
         <path>/Applications/ti/ccs1010/ccs/tools/compiler/ti-cgt-c2000_20.2.1.LTS/lib/</path>
         <kind>archive</kind>
         <file>rts2800_fpu32.lib</file>
         <name>startup.c.obj</name>
      </input_file>
      <input_file id="fl-5f">
         <path>/Applications/ti/ccs1010/ccs/tools/compiler/ti-cgt-c2000_20.2.1.LTS/lib/</path>
         <kind>archive</kind>
         <file>rts2800_fpu32.lib</file>
         <name>fs_div28.asm.obj</name>
      </input_file>
      <input_file id="fl-61">
         <path>/Applications/ti/ccs1010/ccs/tools/compiler/ti-cgt-c2000_20.2.1.LTS/lib/</path>
         <kind>archive</kind>
         <file>rts2800_fpu32.lib</file>
         <name>fd_toll28.asm.obj</name>
      </input_file>
      <input_file id="fl-64">
         <path>/Applications/ti/ccs1010/ccs/tools/compiler/ti-cgt-c2000_20.2.1.LTS/lib/</path>
         <kind>archive</kind>
         <file>rts2800_fpu32.lib</file>
         <name>fd_tol28.asm.obj</name>
      </input_file>
   </input_file_list>
   <object_component_list>
      <object_component id="oc-f4">
         <name>codestart</name>
         <load_address>0x80000</load_address>
         <run_address>0x80000</run_address>
         <size>0x2</size>
         <input_file_ref idref="fl-4"/>
      </object_component>
      <object_component id="oc-170">
         <name>.cinit</name>
         <load_address>0x8a44c</load_address>
         <run_address>0x8a44c</run_address>
         <size>0x12d</size>
         <input_file_ref idref="fl-19"/>
      </object_component>
      <object_component id="oc-7e">
         <name>.cinit</name>
         <load_address>0x8a579</load_address>
         <run_address>0x8a579</run_address>
         <size>0x104</size>
         <input_file_ref idref="fl-72"/>
      </object_component>
      <object_component id="oc-165">
         <name>.cinit</name>
         <load_address>0x8a67d</load_address>
         <run_address>0x8a67d</run_address>
         <size>0xfc</size>
         <input_file_ref idref="fl-17"/>
      </object_component>
      <object_component id="oc-14b">
         <name>.cinit:_ti_board_settings</name>
         <load_address>0x8a779</load_address>
         <run_address>0x8a779</run_address>
         <size>0x7b</size>
         <input_file_ref idref="fl-13"/>
      </object_component>
      <object_component id="oc-1cd">
         <name>.cinit</name>
         <load_address>0x8a7f4</load_address>
         <run_address>0x8a7f4</run_address>
         <size>0x7a</size>
         <input_file_ref idref="fl-27"/>
      </object_component>
      <object_component id="oc-15b">
         <name>.cinit</name>
         <load_address>0x8a86e</load_address>
         <run_address>0x8a86e</run_address>
         <size>0x74</size>
         <input_file_ref idref="fl-16"/>
      </object_component>
      <object_component id="oc-ef">
         <name>.cinit:_db_board_settings$2</name>
         <load_address>0x8a8e2</load_address>
         <run_address>0x8a8e2</run_address>
         <size>0x5b</size>
         <input_file_ref idref="fl-72"/>
      </object_component>
      <object_component id="oc-12c">
         <name>.cinit</name>
         <load_address>0x8a93d</load_address>
         <run_address>0x8a93d</run_address>
         <size>0x3d</size>
         <input_file_ref idref="fl-e"/>
      </object_component>
      <object_component id="oc-152">
         <name>.cinit</name>
         <load_address>0x8a97a</load_address>
         <run_address>0x8a97a</run_address>
         <size>0x2a</size>
         <input_file_ref idref="fl-15"/>
      </object_component>
      <object_component id="oc-146">
         <name>.cinit</name>
         <load_address>0x8a9a4</load_address>
         <run_address>0x8a9a4</run_address>
         <size>0x22</size>
         <input_file_ref idref="fl-13"/>
      </object_component>
      <object_component id="oc-1c3">
         <name>.cinit</name>
         <load_address>0x8a9c6</load_address>
         <run_address>0x8a9c6</run_address>
         <size>0x20</size>
         <input_file_ref idref="fl-25"/>
      </object_component>
      <object_component id="oc-197">
         <name>.cinit</name>
         <load_address>0x8a9e6</load_address>
         <run_address>0x8a9e6</run_address>
         <size>0x1e</size>
         <input_file_ref idref="fl-1f"/>
      </object_component>
      <object_component id="oc-135">
         <name>.cinit</name>
         <load_address>0x8aa04</load_address>
         <run_address>0x8aa04</run_address>
         <size>0x15</size>
         <input_file_ref idref="fl-f"/>
      </object_component>
      <object_component id="oc-119">
         <name>.cinit</name>
         <load_address>0x8aa19</load_address>
         <run_address>0x8aa19</run_address>
         <size>0x14</size>
         <input_file_ref idref="fl-c"/>
      </object_component>
      <object_component id="oc-1a9">
         <name>.cinit</name>
         <load_address>0x8aa2d</load_address>
         <run_address>0x8aa2d</run_address>
         <size>0x13</size>
         <input_file_ref idref="fl-22"/>
      </object_component>
      <object_component id="oc-264">
         <name>.cinit</name>
         <load_address>0x8aa40</load_address>
         <run_address>0x8aa40</run_address>
         <size>0xe</size>
         <input_file_ref idref="fl-52"/>
      </object_component>
      <object_component id="oc-1dc">
         <name>.cinit</name>
         <load_address>0x8aa4e</load_address>
         <run_address>0x8aa4e</run_address>
         <size>0xd</size>
         <input_file_ref idref="fl-2a"/>
      </object_component>
      <object_component id="oc-2d5">
         <name>.cinit:_sci_settings</name>
         <load_address>0x8aa5b</load_address>
         <run_address>0x8aa5b</run_address>
         <size>0xb</size>
         <input_file_ref idref="fl-13"/>
      </object_component>
      <object_component id="oc-2c3">
         <name>.cinit:_db_board_sense$2</name>
         <load_address>0x8aa66</load_address>
         <run_address>0x8aa66</run_address>
         <size>0x9</size>
         <input_file_ref idref="fl-72"/>
      </object_component>
      <object_component id="oc-2bd">
         <name>.cinit:__lock</name>
         <load_address>0x8aa6f</load_address>
         <run_address>0x8aa6f</run_address>
         <size>0x5</size>
         <input_file_ref idref="fl-72"/>
      </object_component>
      <object_component id="oc-302">
         <name>.cinit:_sigTable$34</name>
         <load_address>0x8aa74</load_address>
         <run_address>0x8aa74</run_address>
         <size>0x5</size>
         <input_file_ref idref="fl-72"/>
      </object_component>
      <object_component id="oc-ec">
         <name>.pinit</name>
         <load_address>0x8aa94</load_address>
         <run_address>0x8aa94</run_address>
         <size>0x4</size>
         <input_file_ref idref="fl-72"/>
      </object_component>
      <object_component id="oc-11d">
         <name>.pinit</name>
         <load_address>0x8aa98</load_address>
         <run_address>0x8aa98</run_address>
         <size>0x2</size>
         <input_file_ref idref="fl-c"/>
      </object_component>
      <object_component id="oc-188">
         <name>.pinit</name>
         <load_address>0x8aa9a</load_address>
         <run_address>0x8aa9a</run_address>
         <size>0x2</size>
         <input_file_ref idref="fl-1c"/>
      </object_component>
      <object_component id="oc-15d">
         <name>.pinit</name>
         <load_address>0x8aa9c</load_address>
         <run_address>0x8aa9c</run_address>
         <size>0x2</size>
         <input_file_ref idref="fl-16"/>
      </object_component>
      <object_component id="oc-168">
         <name>.pinit</name>
         <load_address>0x8aa9e</load_address>
         <run_address>0x8aa9e</run_address>
         <size>0x2</size>
         <input_file_ref idref="fl-17"/>
      </object_component>
      <object_component id="oc-1c5">
         <name>.pinit</name>
         <load_address>0x8aaa0</load_address>
         <run_address>0x8aaa0</run_address>
         <size>0x2</size>
         <input_file_ref idref="fl-25"/>
      </object_component>
      <object_component id="oc-19a">
         <name>.pinit</name>
         <load_address>0x8aaa2</load_address>
         <run_address>0x8aaa2</run_address>
         <size>0x2</size>
         <input_file_ref idref="fl-1f"/>
      </object_component>
      <object_component id="oc-149">
         <name>.pinit</name>
         <load_address>0x8aaa4</load_address>
         <run_address>0x8aaa4</run_address>
         <size>0x2</size>
         <input_file_ref idref="fl-13"/>
      </object_component>
      <object_component id="oc-1ac">
         <name>.pinit</name>
         <load_address>0x8aaa6</load_address>
         <run_address>0x8aaa6</run_address>
         <size>0x2</size>
         <input_file_ref idref="fl-22"/>
      </object_component>
      <object_component id="oc-2ae">
         <name>.text</name>
         <load_address>0x80004</load_address>
         <run_address>0x80004</run_address>
         <size>0xa97</size>
         <input_file_ref idref="fl-17"/>
      </object_component>
      <object_component id="oc-2b8">
         <name>.text</name>
         <load_address>0x80a9b</load_address>
         <run_address>0x80a9b</run_address>
         <size>0x5dc</size>
         <input_file_ref idref="fl-25"/>
      </object_component>
      <object_component id="oc-fa">
         <name>.text:retain</name>
         <load_address>0x81077</load_address>
         <run_address>0x81077</run_address>
         <size>0x585</size>
         <input_file_ref idref="fl-5"/>
      </object_component>
      <object_component id="oc-2d0">
         <name>.text</name>
         <load_address>0x815fc</load_address>
         <run_address>0x815fc</run_address>
         <size>0x4fc</size>
         <input_file_ref idref="fl-a"/>
      </object_component>
      <object_component id="oc-29f">
         <name>.text</name>
         <load_address>0x81af8</load_address>
         <run_address>0x81af8</run_address>
         <size>0x4e0</size>
         <input_file_ref idref="fl-18"/>
      </object_component>
      <object_component id="oc-2af">
         <name>.text</name>
         <load_address>0x81fd8</load_address>
         <run_address>0x81fd8</run_address>
         <size>0x428</size>
         <input_file_ref idref="fl-19"/>
      </object_component>
      <object_component id="oc-2a8">
         <name>.text</name>
         <load_address>0x82400</load_address>
         <run_address>0x82400</run_address>
         <size>0x3f7</size>
         <input_file_ref idref="fl-13"/>
      </object_component>
      <object_component id="oc-2b5">
         <name>.text</name>
         <load_address>0x827f7</load_address>
         <run_address>0x827f7</run_address>
         <size>0x3e9</size>
         <input_file_ref idref="fl-22"/>
      </object_component>
      <object_component id="oc-2b3">
         <name>.text</name>
         <load_address>0x82be0</load_address>
         <run_address>0x82be0</run_address>
         <size>0x2b1</size>
         <input_file_ref idref="fl-2a"/>
      </object_component>
      <object_component id="oc-2b1">
         <name>.text</name>
         <load_address>0x82e91</load_address>
         <run_address>0x82e91</run_address>
         <size>0x247</size>
         <input_file_ref idref="fl-1c"/>
      </object_component>
      <object_component id="oc-2cd">
         <name>.text</name>
         <load_address>0x830d8</load_address>
         <run_address>0x830d8</run_address>
         <size>0x20e</size>
         <input_file_ref idref="fl-20"/>
      </object_component>
      <object_component id="oc-2e8">
         <name>.text</name>
         <load_address>0x832e6</load_address>
         <run_address>0x832e6</run_address>
         <size>0x1f8</size>
         <input_file_ref idref="fl-6a"/>
      </object_component>
      <object_component id="oc-2e7">
         <name>.text</name>
         <load_address>0x834de</load_address>
         <run_address>0x834de</run_address>
         <size>0x1d3</size>
         <input_file_ref idref="fl-48"/>
      </object_component>
      <object_component id="oc-2c4">
         <name>.text</name>
         <load_address>0x836b1</load_address>
         <run_address>0x836b1</run_address>
         <size>0x1c9</size>
         <input_file_ref idref="fl-7"/>
      </object_component>
      <object_component id="oc-29d">
         <name>.text</name>
         <load_address>0x8387a</load_address>
         <run_address>0x8387a</run_address>
         <size>0x188</size>
         <input_file_ref idref="fl-11"/>
      </object_component>
      <object_component id="oc-2b9">
         <name>.text</name>
         <load_address>0x83a02</load_address>
         <run_address>0x83a02</run_address>
         <size>0x14d</size>
         <input_file_ref idref="fl-27"/>
      </object_component>
      <object_component id="oc-2e9">
         <name>.text</name>
         <load_address>0x83b4f</load_address>
         <run_address>0x83b4f</run_address>
         <size>0x13f</size>
         <input_file_ref idref="fl-6f"/>
      </object_component>
      <object_component id="oc-2ad">
         <name>.text</name>
         <load_address>0x83c8e</load_address>
         <run_address>0x83c8e</run_address>
         <size>0x138</size>
         <input_file_ref idref="fl-16"/>
      </object_component>
      <object_component id="oc-2cf">
         <name>.text</name>
         <load_address>0x83dc6</load_address>
         <run_address>0x83dc6</run_address>
         <size>0x12d</size>
         <input_file_ref idref="fl-f"/>
      </object_component>
      <object_component id="oc-2ce">
         <name>.text</name>
         <load_address>0x83ef3</load_address>
         <run_address>0x83ef3</run_address>
         <size>0x129</size>
         <input_file_ref idref="fl-1b"/>
      </object_component>
      <object_component id="oc-2b4">
         <name>.text</name>
         <load_address>0x8401c</load_address>
         <run_address>0x8401c</run_address>
         <size>0x125</size>
         <input_file_ref idref="fl-1f"/>
      </object_component>
      <object_component id="oc-2c5">
         <name>.text</name>
         <load_address>0x84141</load_address>
         <run_address>0x84141</run_address>
         <size>0x11f</size>
         <input_file_ref idref="fl-15"/>
      </object_component>
      <object_component id="oc-2a5">
         <name>.text</name>
         <load_address>0x84260</load_address>
         <run_address>0x84260</run_address>
         <size>0x108</size>
         <input_file_ref idref="fl-c"/>
      </object_component>
      <object_component id="oc-2a7">
         <name>.text</name>
         <load_address>0x84368</load_address>
         <run_address>0x84368</run_address>
         <size>0x108</size>
         <input_file_ref idref="fl-e"/>
      </object_component>
      <object_component id="oc-2ea">
         <name>.text</name>
         <load_address>0x84470</load_address>
         <run_address>0x84470</run_address>
         <size>0x103</size>
         <input_file_ref idref="fl-71"/>
      </object_component>
      <object_component id="oc-2ef">
         <name>.text</name>
         <load_address>0x84573</load_address>
         <run_address>0x84573</run_address>
         <size>0xe9</size>
         <input_file_ref idref="fl-3"/>
      </object_component>
      <object_component id="oc-2dc">
         <name>.text</name>
         <load_address>0x8465c</load_address>
         <run_address>0x8465c</run_address>
         <size>0xe9</size>
         <input_file_ref idref="fl-5d"/>
      </object_component>
      <object_component id="oc-2eb">
         <name>.text</name>
         <load_address>0x84745</load_address>
         <run_address>0x84745</run_address>
         <size>0xd3</size>
         <input_file_ref idref="fl-6e"/>
      </object_component>
      <object_component id="oc-2ed">
         <name>.text</name>
         <load_address>0x84818</load_address>
         <run_address>0x84818</run_address>
         <size>0xcf</size>
         <input_file_ref idref="fl-5e"/>
      </object_component>
      <object_component id="oc-2d6">
         <name>.text</name>
         <load_address>0x848e7</load_address>
         <run_address>0x848e7</run_address>
         <size>0xb1</size>
         <input_file_ref idref="fl-70"/>
      </object_component>
      <object_component id="oc-2ab">
         <name>.text</name>
         <load_address>0x84998</load_address>
         <run_address>0x84998</run_address>
         <size>0xb0</size>
         <input_file_ref idref="fl-2b"/>
      </object_component>
      <object_component id="oc-2d1">
         <name>.text</name>
         <load_address>0x84a48</load_address>
         <run_address>0x84a48</run_address>
         <size>0x94</size>
         <input_file_ref idref="fl-68"/>
      </object_component>
      <object_component id="oc-2f4">
         <name>.text</name>
         <load_address>0x84adc</load_address>
         <run_address>0x84adc</run_address>
         <size>0x7a</size>
         <input_file_ref idref="fl-49"/>
      </object_component>
      <object_component id="oc-2ec">
         <name>.text</name>
         <load_address>0x84b56</load_address>
         <run_address>0x84b56</run_address>
         <size>0x59</size>
         <input_file_ref idref="fl-5c"/>
      </object_component>
      <object_component id="oc-7c">
         <name>.text</name>
         <load_address>0x84baf</load_address>
         <run_address>0x84baf</run_address>
         <size>0x56</size>
         <input_file_ref idref="fl-55"/>
      </object_component>
      <object_component id="oc-29b">
         <name>.text</name>
         <load_address>0x84c05</load_address>
         <run_address>0x84c05</run_address>
         <size>0x40</size>
         <input_file_ref idref="fl-24"/>
      </object_component>
      <object_component id="oc-29c">
         <name>.text</name>
         <load_address>0x84c45</load_address>
         <run_address>0x84c45</run_address>
         <size>0x38</size>
         <input_file_ref idref="fl-51"/>
      </object_component>
      <object_component id="oc-2d2">
         <name>.text</name>
         <load_address>0x84c7d</load_address>
         <run_address>0x84c7d</run_address>
         <size>0x36</size>
         <input_file_ref idref="fl-1d"/>
      </object_component>
      <object_component id="oc-2fe">
         <name>.text</name>
         <load_address>0x84cb3</load_address>
         <run_address>0x84cb3</run_address>
         <size>0x2f</size>
         <input_file_ref idref="fl-28"/>
      </object_component>
      <object_component id="oc-2bb">
         <name>.text</name>
         <load_address>0x84ce2</load_address>
         <run_address>0x84ce2</run_address>
         <size>0x2e</size>
         <input_file_ref idref="fl-12"/>
      </object_component>
      <object_component id="oc-28d">
         <name>.text</name>
         <load_address>0x84d10</load_address>
         <run_address>0x84d10</run_address>
         <size>0x29</size>
         <input_file_ref idref="fl-52"/>
      </object_component>
      <object_component id="oc-2fc">
         <name>.text</name>
         <load_address>0x84d39</load_address>
         <run_address>0x84d39</run_address>
         <size>0x25</size>
         <input_file_ref idref="fl-67"/>
      </object_component>
      <object_component id="oc-28a">
         <name>.text</name>
         <load_address>0x84d5e</load_address>
         <run_address>0x84d5e</run_address>
         <size>0x24</size>
         <input_file_ref idref="fl-59"/>
      </object_component>
      <object_component id="oc-2ba">
         <name>.text</name>
         <load_address>0x84d82</load_address>
         <run_address>0x84d82</run_address>
         <size>0x1d</size>
         <input_file_ref idref="fl-65"/>
      </object_component>
      <object_component id="oc-2f5">
         <name>.text</name>
         <load_address>0x84d9f</load_address>
         <run_address>0x84d9f</run_address>
         <size>0x18</size>
         <input_file_ref idref="fl-62"/>
      </object_component>
      <object_component id="oc-28c">
         <name>.text</name>
         <load_address>0x84db7</load_address>
         <run_address>0x84db7</run_address>
         <size>0x12</size>
         <input_file_ref idref="fl-56"/>
      </object_component>
      <object_component id="oc-2d3">
         <name>.text</name>
         <load_address>0x84dc9</load_address>
         <run_address>0x84dc9</run_address>
         <size>0x11</size>
         <input_file_ref idref="fl-9"/>
      </object_component>
      <object_component id="oc-2c0">
         <name>.text</name>
         <load_address>0x84dda</load_address>
         <run_address>0x84dda</run_address>
         <size>0xe</size>
         <input_file_ref idref="fl-4e"/>
      </object_component>
      <object_component id="oc-24a">
         <name>.text</name>
         <load_address>0x84de8</load_address>
         <run_address>0x84de8</run_address>
         <size>0xb</size>
         <input_file_ref idref="fl-43"/>
      </object_component>
      <object_component id="oc-2d7">
         <name>.text</name>
         <load_address>0x84df3</load_address>
         <run_address>0x84df3</run_address>
         <size>0xa</size>
         <input_file_ref idref="fl-69"/>
      </object_component>
      <object_component id="oc-2fb">
         <name>.text</name>
         <load_address>0x84dfd</load_address>
         <run_address>0x84dfd</run_address>
         <size>0x6</size>
         <input_file_ref idref="fl-66"/>
      </object_component>
      <object_component id="oc-2bf">
         <name>.text</name>
         <load_address>0x84e03</load_address>
         <run_address>0x84e03</run_address>
         <size>0x5</size>
         <input_file_ref idref="fl-4b"/>
      </object_component>
      <object_component id="oc-2c1">
         <name>.text</name>
         <load_address>0x84e08</load_address>
         <run_address>0x84e08</run_address>
         <size>0x3</size>
         <input_file_ref idref="fl-4a"/>
      </object_component>
      <object_component id="oc-289">
         <name>.text</name>
         <load_address>0x84e0b</load_address>
         <run_address>0x84e0b</run_address>
         <size>0x2</size>
         <input_file_ref idref="fl-58"/>
      </object_component>
      <object_component id="oc-2e6">
         <name>.text</name>
         <load_address>0x84e0d</load_address>
         <run_address>0x84e0d</run_address>
         <size>0x1</size>
         <input_file_ref idref="fl-53"/>
      </object_component>
      <object_component id="oc-28b">
         <name>.text</name>
         <load_address>0x84e0e</load_address>
         <run_address>0x84e0e</run_address>
         <size>0x1</size>
         <input_file_ref idref="fl-57"/>
      </object_component>
      <object_component id="oc-26a">
         <name>.stack</name>
         <uninitialized>true</uninitialized>
         <run_address>0x130</run_address>
         <size>0x0</size>
         <input_file_ref idref="fl-55"/>
      </object_component>
      <object_component id="oc-387">
         <name>.stack</name>
         <uninitialized>true</uninitialized>
         <run_address>0x130</run_address>
         <size>0x0</size>
      </object_component>
      <object_component id="oc-8e">
         <name>.esysmem</name>
         <uninitialized>true</uninitialized>
         <run_address>0xc400</run_address>
         <size>0x4</size>
         <input_file_ref idref="fl-48"/>
      </object_component>
      <object_component id="oc-388">
         <name>.esysmem</name>
         <uninitialized>true</uninitialized>
         <run_address>0xc400</run_address>
         <size>0x0</size>
      </object_component>
      <object_component id="oc-81">
         <name>.ebss</name>
         <uninitialized>true</uninitialized>
         <run_address>0x883c</run_address>
         <size>0x4</size>
         <input_file_ref idref="fl-48"/>
      </object_component>
      <object_component id="oc-171">
         <name>.ebss</name>
         <uninitialized>true</uninitialized>
         <run_address>0x8840</run_address>
         <size>0xcc</size>
         <input_file_ref idref="fl-19"/>
      </object_component>
      <object_component id="oc-153">
         <name>.ebss</name>
         <uninitialized>true</uninitialized>
         <run_address>0x890c</run_address>
         <size>0x30</size>
         <input_file_ref idref="fl-15"/>
      </object_component>
      <object_component id="oc-84">
         <name>.ebss</name>
         <uninitialized>true</uninitialized>
         <run_address>0x893c</run_address>
         <size>0x3</size>
         <input_file_ref idref="fl-62"/>
      </object_component>
      <object_component id="oc-136">
         <name>.ebss</name>
         <uninitialized>true</uninitialized>
         <run_address>0x893f</run_address>
         <size>0x1</size>
         <input_file_ref idref="fl-f"/>
      </object_component>
      <object_component id="oc-90">
         <name>.ebss</name>
         <uninitialized>true</uninitialized>
         <run_address>0x8940</run_address>
         <size>0xca</size>
         <input_file_ref idref="fl-18"/>
      </object_component>
      <object_component id="oc-12d">
         <name>.ebss</name>
         <uninitialized>true</uninitialized>
         <run_address>0x8a0a</run_address>
         <size>0x26</size>
         <input_file_ref idref="fl-e"/>
      </object_component>
      <object_component id="oc-2e3">
         <name>.ebss:_blank_json_object</name>
         <uninitialized>true</uninitialized>
         <run_address>0x8a30</run_address>
         <size>0xc</size>
         <input_file_ref idref="fl-25"/>
      </object_component>
      <object_component id="oc-2bc">
         <name>.ebss:__lock</name>
         <uninitialized>true</uninitialized>
         <run_address>0x8a3c</run_address>
         <size>0x2</size>
         <input_file_ref idref="fl-53"/>
      </object_component>
      <object_component id="oc-83">
         <name>.ebss</name>
         <uninitialized>true</uninitialized>
         <run_address>0x8a3e</run_address>
         <size>0x1</size>
         <input_file_ref idref="fl-5a"/>
      </object_component>
      <object_component id="oc-186">
         <name>.ebss</name>
         <uninitialized>true</uninitialized>
         <run_address>0x8a40</run_address>
         <size>0xbc</size>
         <input_file_ref idref="fl-1c"/>
      </object_component>
      <object_component id="oc-1aa">
         <name>.ebss</name>
         <uninitialized>true</uninitialized>
         <run_address>0x8b00</run_address>
         <size>0x9a</size>
         <input_file_ref idref="fl-22"/>
      </object_component>
      <object_component id="oc-198">
         <name>.ebss</name>
         <uninitialized>true</uninitialized>
         <run_address>0x8b9a</run_address>
         <size>0x20</size>
         <input_file_ref idref="fl-1f"/>
      </object_component>
      <object_component id="oc-2c2">
         <name>.ebss:_db_board_sense$2</name>
         <uninitialized>true</uninitialized>
         <run_address>0x8bba</run_address>
         <size>0x6</size>
         <input_file_ref idref="fl-11"/>
      </object_component>
      <object_component id="oc-147">
         <name>.ebss</name>
         <uninitialized>true</uninitialized>
         <run_address>0x8bc0</run_address>
         <size>0x70</size>
         <input_file_ref idref="fl-13"/>
      </object_component>
      <object_component id="oc-2b6">
         <name>.ebss:_total_tics_per_step</name>
         <uninitialized>true</uninitialized>
         <run_address>0x8c30</run_address>
         <size>0xc</size>
         <input_file_ref idref="fl-22"/>
      </object_component>
      <object_component id="oc-2a0">
         <name>.ebss:_db_board_settings$2</name>
         <uninitialized>true</uninitialized>
         <run_address>0x8c40</run_address>
         <size>0x66</size>
         <input_file_ref idref="fl-11"/>
      </object_component>
      <object_component id="oc-11a">
         <name>.ebss</name>
         <uninitialized>true</uninitialized>
         <run_address>0x8ca6</run_address>
         <size>0x1a</size>
         <input_file_ref idref="fl-c"/>
      </object_component>
      <object_component id="oc-8d">
         <name>.ebss</name>
         <uninitialized>true</uninitialized>
         <run_address>0x8cc0</run_address>
         <size>0x64</size>
         <input_file_ref idref="fl-11"/>
      </object_component>
      <object_component id="oc-1c4">
         <name>.ebss</name>
         <uninitialized>true</uninitialized>
         <run_address>0x8d24</run_address>
         <size>0x18</size>
         <input_file_ref idref="fl-25"/>
      </object_component>
      <object_component id="oc-15c">
         <name>.ebss</name>
         <uninitialized>true</uninitialized>
         <run_address>0x8d40</run_address>
         <size>0x64</size>
         <input_file_ref idref="fl-16"/>
      </object_component>
      <object_component id="oc-82">
         <name>.ebss</name>
         <uninitialized>true</uninitialized>
         <run_address>0x8da4</run_address>
         <size>0xc</size>
         <input_file_ref idref="fl-51"/>
      </object_component>
      <object_component id="oc-2d4">
         <name>.ebss:_sci_settings</name>
         <uninitialized>true</uninitialized>
         <run_address>0x8db0</run_address>
         <size>0x8</size>
         <input_file_ref idref="fl-13"/>
      </object_component>
      <object_component id="oc-265">
         <name>.ebss</name>
         <uninitialized>true</uninitialized>
         <run_address>0x8db8</run_address>
         <size>0x6</size>
         <input_file_ref idref="fl-52"/>
      </object_component>
      <object_component id="oc-1ce">
         <name>.ebss</name>
         <uninitialized>true</uninitialized>
         <run_address>0x8dc0</run_address>
         <size>0x58</size>
         <input_file_ref idref="fl-27"/>
      </object_component>
      <object_component id="oc-88">
         <name>.ebss</name>
         <uninitialized>true</uninitialized>
         <run_address>0x8e18</run_address>
         <size>0x6</size>
         <input_file_ref idref="fl-14"/>
      </object_component>
      <object_component id="oc-301">
         <name>.ebss:_sigTable$34</name>
         <uninitialized>true</uninitialized>
         <run_address>0x8e40</run_address>
         <size>0x40</size>
         <input_file_ref idref="fl-67"/>
      </object_component>
      <object_component id="oc-167">
         <name>.ebss</name>
         <uninitialized>true</uninitialized>
         <run_address>0xc000</run_address>
         <size>0x37c</size>
         <input_file_ref idref="fl-17"/>
      </object_component>
      <object_component id="oc-1dd">
         <name>.ebss</name>
         <uninitialized>true</uninitialized>
         <run_address>0xc37c</run_address>
         <size>0x4</size>
         <input_file_ref idref="fl-2a"/>
      </object_component>
      <object_component id="oc-2a9">
         <name>.ebss:_ti_board_settings</name>
         <uninitialized>true</uninitialized>
         <run_address>0xc380</run_address>
         <size>0x78</size>
         <input_file_ref idref="fl-13"/>
      </object_component>
      <object_component id="oc-2ee">
         <name>.ebss:_is_cla_task_enabled</name>
         <uninitialized>true</uninitialized>
         <run_address>0xc3f8</run_address>
         <size>0x8</size>
         <input_file_ref idref="fl-1b"/>
      </object_component>
      <object_component id="oc-169">
         <name>.econst:.string</name>
         <load_address>0x87dbc</load_address>
         <run_address>0x87dbc</run_address>
         <size>0x7e2</size>
         <input_file_ref idref="fl-17"/>
      </object_component>
      <object_component id="oc-ee">
         <name>.econst:.string</name>
         <load_address>0x8859e</load_address>
         <run_address>0x8859e</run_address>
         <size>0x389</size>
         <input_file_ref idref="fl-72"/>
      </object_component>
      <object_component id="oc-1cf">
         <name>.econst</name>
         <load_address>0x88927</load_address>
         <run_address>0x88927</run_address>
         <size>0x1</size>
         <input_file_ref idref="fl-27"/>
      </object_component>
      <object_component id="oc-174">
         <name>.econst:.string</name>
         <load_address>0x88928</load_address>
         <run_address>0x88928</run_address>
         <size>0x367</size>
         <input_file_ref idref="fl-19"/>
      </object_component>
      <object_component id="oc-15e">
         <name>.econst:.string</name>
         <load_address>0x88c90</load_address>
         <run_address>0x88c90</run_address>
         <size>0x303</size>
         <input_file_ref idref="fl-16"/>
      </object_component>
      <object_component id="oc-1c6">
         <name>.econst:.string</name>
         <load_address>0x88f94</load_address>
         <run_address>0x88f94</run_address>
         <size>0x26e</size>
         <input_file_ref idref="fl-25"/>
      </object_component>
      <object_component id="oc-1d0">
         <name>.econst:.string</name>
         <load_address>0x89202</load_address>
         <run_address>0x89202</run_address>
         <size>0x202</size>
         <input_file_ref idref="fl-27"/>
      </object_component>
      <object_component id="oc-14a">
         <name>.econst:.string</name>
         <load_address>0x89404</load_address>
         <run_address>0x89404</run_address>
         <size>0x200</size>
         <input_file_ref idref="fl-13"/>
      </object_component>
      <object_component id="oc-2f1">
         <name>.econst:_PieVectTableInit</name>
         <load_address>0x89604</load_address>
         <run_address>0x89604</run_address>
         <size>0x1c0</size>
         <input_file_ref idref="fl-9"/>
      </object_component>
      <object_component id="oc-1bc">
         <name>.econst:.string</name>
         <load_address>0x897c4</load_address>
         <run_address>0x897c4</run_address>
         <size>0x181</size>
         <input_file_ref idref="fl-24"/>
      </object_component>
      <object_component id="oc-154">
         <name>.econst:.string</name>
         <load_address>0x89946</load_address>
         <run_address>0x89946</run_address>
         <size>0x17a</size>
         <input_file_ref idref="fl-15"/>
      </object_component>
      <object_component id="oc-1ae">
         <name>.econst:.string</name>
         <load_address>0x89ac0</load_address>
         <run_address>0x89ac0</run_address>
         <size>0x15f</size>
         <input_file_ref idref="fl-22"/>
      </object_component>
      <object_component id="oc-12f">
         <name>.econst:.string</name>
         <load_address>0x89c20</load_address>
         <run_address>0x89c20</run_address>
         <size>0x14a</size>
         <input_file_ref idref="fl-e"/>
      </object_component>
      <object_component id="oc-1df">
         <name>.econst:.string</name>
         <load_address>0x89d6a</load_address>
         <run_address>0x89d6a</run_address>
         <size>0x127</size>
         <input_file_ref idref="fl-2a"/>
      </object_component>
      <object_component id="oc-2f2">
         <name>.econst:.string:__ctypes_</name>
         <load_address>0x89e91</load_address>
         <run_address>0x89e91</run_address>
         <size>0x101</size>
         <input_file_ref idref="fl-6b"/>
      </object_component>
      <object_component id="oc-11e">
         <name>.econst:.string</name>
         <load_address>0x89f92</load_address>
         <run_address>0x89f92</run_address>
         <size>0xb4</size>
         <input_file_ref idref="fl-c"/>
      </object_component>
      <object_component id="oc-18a">
         <name>.econst:.string</name>
         <load_address>0x8a046</load_address>
         <run_address>0x8a046</run_address>
         <size>0x63</size>
         <input_file_ref idref="fl-1c"/>
      </object_component>
      <object_component id="oc-180">
         <name>.econst:.string</name>
         <load_address>0x8a0aa</load_address>
         <run_address>0x8a0aa</run_address>
         <size>0x54</size>
         <input_file_ref idref="fl-1b"/>
      </object_component>
      <object_component id="oc-19c">
         <name>.econst:.string</name>
         <load_address>0x8a0fe</load_address>
         <run_address>0x8a0fe</run_address>
         <size>0x53</size>
         <input_file_ref idref="fl-1f"/>
      </object_component>
      <object_component id="oc-139">
         <name>.econst:.string</name>
         <load_address>0x8a152</load_address>
         <run_address>0x8a152</run_address>
         <size>0x51</size>
         <input_file_ref idref="fl-f"/>
      </object_component>
      <object_component id="oc-191">
         <name>.econst:.string</name>
         <load_address>0x8a1a4</load_address>
         <run_address>0x8a1a4</run_address>
         <size>0x47</size>
         <input_file_ref idref="fl-1e"/>
      </object_component>
      <object_component id="oc-1a3">
         <name>.econst:.string</name>
         <load_address>0x8a1ec</load_address>
         <run_address>0x8a1ec</run_address>
         <size>0x38</size>
         <input_file_ref idref="fl-20"/>
      </object_component>
      <object_component id="oc-166">
         <name>.econst</name>
         <load_address>0x8a224</load_address>
         <run_address>0x8a224</run_address>
         <size>0x2e</size>
         <input_file_ref idref="fl-17"/>
      </object_component>
      <object_component id="oc-ed">
         <name>.econst</name>
         <load_address>0x8a252</load_address>
         <run_address>0x8a252</run_address>
         <size>0x20</size>
         <input_file_ref idref="fl-72"/>
      </object_component>
      <object_component id="oc-2f7">
         <name>.econst:_digits$37</name>
         <load_address>0x8a272</load_address>
         <run_address>0x8a272</run_address>
         <size>0x20</size>
         <input_file_ref idref="fl-6a"/>
      </object_component>
      <object_component id="oc-2a2">
         <name>.econst:_db2_79d_pullup$2</name>
         <load_address>0x8a292</load_address>
         <run_address>0x8a292</run_address>
         <size>0x17</size>
         <input_file_ref idref="fl-11"/>
      </object_component>
      <object_component id="oc-148">
         <name>.econst</name>
         <load_address>0x8a2aa</load_address>
         <run_address>0x8a2aa</run_address>
         <size>0x16</size>
         <input_file_ref idref="fl-13"/>
      </object_component>
      <object_component id="oc-2ff">
         <name>.econst:.string:_min$2$9</name>
         <load_address>0x8a2c0</load_address>
         <run_address>0x8a2c0</run_address>
         <size>0x15</size>
         <input_file_ref idref="fl-28"/>
      </object_component>
      <object_component id="oc-300">
         <name>.econst:.string:_max$3$9</name>
         <load_address>0x8a2d5</load_address>
         <run_address>0x8a2d5</run_address>
         <size>0x14</size>
         <input_file_ref idref="fl-28"/>
      </object_component>
      <object_component id="oc-2de">
         <name>.econst:_$P$T1$2</name>
         <load_address>0x8a2ea</load_address>
         <run_address>0x8a2ea</run_address>
         <size>0x14</size>
         <input_file_ref idref="fl-2a"/>
      </object_component>
      <object_component id="oc-2df">
         <name>.econst:_$P$T2$3</name>
         <load_address>0x8a2fe</load_address>
         <run_address>0x8a2fe</run_address>
         <size>0x14</size>
         <input_file_ref idref="fl-2a"/>
      </object_component>
      <object_component id="oc-2e0">
         <name>.econst:_$P$T3$4</name>
         <load_address>0x8a312</load_address>
         <run_address>0x8a312</run_address>
         <size>0x14</size>
         <input_file_ref idref="fl-2a"/>
      </object_component>
      <object_component id="oc-2e1">
         <name>.econst:_$P$T4$5</name>
         <load_address>0x8a326</load_address>
         <run_address>0x8a326</run_address>
         <size>0x14</size>
         <input_file_ref idref="fl-2a"/>
      </object_component>
      <object_component id="oc-1ad">
         <name>.econst</name>
         <load_address>0x8a33a</load_address>
         <run_address>0x8a33a</run_address>
         <size>0x14</size>
         <input_file_ref idref="fl-22"/>
      </object_component>
      <object_component id="oc-1e6">
         <name>.econst:.string</name>
         <load_address>0x8a34e</load_address>
         <run_address>0x8a34e</run_address>
         <size>0x13</size>
         <input_file_ref idref="fl-2b"/>
      </object_component>
      <object_component id="oc-2fd">
         <name>.econst:_pair$1$9</name>
         <load_address>0x8a361</load_address>
         <run_address>0x8a361</run_address>
         <size>0x10</size>
         <input_file_ref idref="fl-28"/>
      </object_component>
      <object_component id="oc-290">
         <name>.econst:_db2_77s_dsp_bit_gpio$2</name>
         <load_address>0x8a371</load_address>
         <run_address>0x8a371</run_address>
         <size>0xf</size>
         <input_file_ref idref="fl-11"/>
      </object_component>
      <object_component id="oc-293">
         <name>.econst:_db2_79d_dsp_bit_gpio$2</name>
         <load_address>0x8a380</load_address>
         <run_address>0x8a380</run_address>
         <size>0xf</size>
         <input_file_ref idref="fl-11"/>
      </object_component>
      <object_component id="oc-2a3">
         <name>.econst:_db3_79d_pullup$2</name>
         <load_address>0x8a38f</load_address>
         <run_address>0x8a38f</run_address>
         <size>0xe</size>
         <input_file_ref idref="fl-11"/>
      </object_component>
      <object_component id="oc-2f8">
         <name>.econst:_powerof10$37</name>
         <load_address>0x8a39e</load_address>
         <run_address>0x8a39e</run_address>
         <size>0xc</size>
         <input_file_ref idref="fl-6a"/>
      </object_component>
      <object_component id="oc-138">
         <name>.econst</name>
         <load_address>0x8a3aa</load_address>
         <run_address>0x8a3aa</run_address>
         <size>0xc</size>
         <input_file_ref idref="fl-f"/>
      </object_component>
      <object_component id="oc-2dd">
         <name>.econst:_$P$T0$1</name>
         <load_address>0x8a3b6</load_address>
         <run_address>0x8a3b6</run_address>
         <size>0xa</size>
         <input_file_ref idref="fl-2a"/>
      </object_component>
      <object_component id="oc-2c6">
         <name>.econst:_db3_79d_spi_adc$2</name>
         <load_address>0x8a3c0</load_address>
         <run_address>0x8a3c0</run_address>
         <size>0x9</size>
         <input_file_ref idref="fl-11"/>
      </object_component>
      <object_component id="oc-296">
         <name>.econst:_db2_77s_digital_out_gpio$2</name>
         <load_address>0x8a3c9</load_address>
         <run_address>0x8a3c9</run_address>
         <size>0x8</size>
         <input_file_ref idref="fl-11"/>
      </object_component>
      <object_component id="oc-298">
         <name>.econst:_db2_79d_digital_out_gpio$2</name>
         <load_address>0x8a3d1</load_address>
         <run_address>0x8a3d1</run_address>
         <size>0x8</size>
         <input_file_ref idref="fl-11"/>
      </object_component>
      <object_component id="oc-29e">
         <name>.econst:_db3_79d_dev_chan_to_in$2</name>
         <load_address>0x8a3d9</load_address>
         <run_address>0x8a3d9</run_address>
         <size>0x8</size>
         <input_file_ref idref="fl-11"/>
      </object_component>
      <object_component id="oc-299">
         <name>.econst:_db3_79d_digital_in_gpio$2</name>
         <load_address>0x8a3e1</load_address>
         <run_address>0x8a3e1</run_address>
         <size>0x8</size>
         <input_file_ref idref="fl-11"/>
      </object_component>
      <object_component id="oc-29a">
         <name>.econst:_db3_79d_digital_out_gpio$2</name>
         <load_address>0x8a3e9</load_address>
         <run_address>0x8a3e9</run_address>
         <size>0x8</size>
         <input_file_ref idref="fl-11"/>
      </object_component>
      <object_component id="oc-294">
         <name>.econst:_db3_79d_dsp_bit_gpio$2</name>
         <load_address>0x8a3f1</load_address>
         <run_address>0x8a3f1</run_address>
         <size>0x8</size>
         <input_file_ref idref="fl-11"/>
      </object_component>
      <object_component id="oc-189">
         <name>.econst</name>
         <load_address>0x8a3fa</load_address>
         <run_address>0x8a3fa</run_address>
         <size>0x8</size>
         <input_file_ref idref="fl-1c"/>
      </object_component>
      <object_component id="oc-173">
         <name>.econst</name>
         <load_address>0x8a402</load_address>
         <run_address>0x8a402</run_address>
         <size>0x8</size>
         <input_file_ref idref="fl-19"/>
      </object_component>
      <object_component id="oc-190">
         <name>.econst</name>
         <load_address>0x8a40a</load_address>
         <run_address>0x8a40a</run_address>
         <size>0x8</size>
         <input_file_ref idref="fl-1e"/>
      </object_component>
      <object_component id="oc-19b">
         <name>.econst</name>
         <load_address>0x8a412</load_address>
         <run_address>0x8a412</run_address>
         <size>0x8</size>
         <input_file_ref idref="fl-1f"/>
      </object_component>
      <object_component id="oc-2a1">
         <name>.econst:_db2_77s_pullup$2</name>
         <load_address>0x8a41a</load_address>
         <run_address>0x8a41a</run_address>
         <size>0x7</size>
         <input_file_ref idref="fl-11"/>
      </object_component>
      <object_component id="oc-295">
         <name>.econst:_db2_77s_digital_in_gpio$2</name>
         <load_address>0x8a421</load_address>
         <run_address>0x8a421</run_address>
         <size>0x5</size>
         <input_file_ref idref="fl-11"/>
      </object_component>
      <object_component id="oc-297">
         <name>.econst:_db2_79d_digital_in_gpio$2</name>
         <load_address>0x8a426</load_address>
         <run_address>0x8a426</run_address>
         <size>0x5</size>
         <input_file_ref idref="fl-11"/>
      </object_component>
      <object_component id="oc-2fa">
         <name>.econst:_Zero$28</name>
         <load_address>0x8a42c</load_address>
         <run_address>0x8a42c</run_address>
         <size>0x4</size>
         <input_file_ref idref="fl-5e"/>
      </object_component>
      <object_component id="oc-28e">
         <name>.econst:_db2_77s_analog_in_adc_letter$2</name>
         <load_address>0x8a430</load_address>
         <run_address>0x8a430</run_address>
         <size>0x4</size>
         <input_file_ref idref="fl-11"/>
      </object_component>
      <object_component id="oc-28f">
         <name>.econst:_db2_77s_analog_in_gpio$2</name>
         <load_address>0x8a434</load_address>
         <run_address>0x8a434</run_address>
         <size>0x4</size>
         <input_file_ref idref="fl-11"/>
      </object_component>
      <object_component id="oc-291">
         <name>.econst:_db2_79d_analog_in_adc_letter$2</name>
         <load_address>0x8a438</load_address>
         <run_address>0x8a438</run_address>
         <size>0x4</size>
         <input_file_ref idref="fl-11"/>
      </object_component>
      <object_component id="oc-292">
         <name>.econst:_db2_79d_analog_in_gpio$2</name>
         <load_address>0x8a43c</load_address>
         <run_address>0x8a43c</run_address>
         <size>0x4</size>
         <input_file_ref idref="fl-11"/>
      </object_component>
      <object_component id="oc-1a2">
         <name>.econst</name>
         <load_address>0x8a440</load_address>
         <run_address>0x8a440</run_address>
         <size>0x4</size>
         <input_file_ref idref="fl-20"/>
      </object_component>
      <object_component id="oc-1de">
         <name>.econst</name>
         <load_address>0x8a444</load_address>
         <run_address>0x8a444</run_address>
         <size>0x2</size>
         <input_file_ref idref="fl-2a"/>
      </object_component>
      <object_component id="oc-89">
         <name>.econst</name>
         <load_address>0x8a446</load_address>
         <run_address>0x8a446</run_address>
         <size>0x2</size>
         <input_file_ref idref="fl-26"/>
      </object_component>
      <object_component id="oc-8b">
         <name>.econst</name>
         <load_address>0x8a448</load_address>
         <run_address>0x8a448</run_address>
         <size>0x2</size>
         <input_file_ref idref="fl-54"/>
      </object_component>
      <object_component id="oc-8a">
         <name>.econst</name>
         <load_address>0x8a44a</load_address>
         <run_address>0x8a44a</run_address>
         <size>0x2</size>
         <input_file_ref idref="fl-49"/>
      </object_component>
      <object_component id="oc-2e2">
         <name>.switch:_value_type_name__F12value_type_t</name>
         <load_address>0x8aa7c</load_address>
         <run_address>0x8aa7c</run_address>
         <size>0x18</size>
         <input_file_ref idref="fl-25"/>
      </object_component>
      <object_component id="oc-26b">
         <name>.reset</name>
         <load_address>0x3fffc0</load_address>
         <run_address>0x3fffc0</run_address>
         <size>0x2</size>
         <input_file_ref idref="fl-55"/>
      </object_component>
      <object_component id="oc-23b">
         <name>.text</name>
         <load_address>0x84e10</load_address>
         <run_address>0x9000</run_address>
         <size>0x107</size>
         <input_file_ref idref="fl-40"/>
      </object_component>
      <object_component id="oc-236">
         <name>.text</name>
         <load_address>0x84f17</load_address>
         <run_address>0x9107</run_address>
         <size>0x1e</size>
         <input_file_ref idref="fl-3f"/>
      </object_component>
      <object_component id="oc-231">
         <name>.text</name>
         <load_address>0x84f35</load_address>
         <run_address>0x9125</run_address>
         <size>0x18</size>
         <input_file_ref idref="fl-3e"/>
      </object_component>
      <object_component id="oc-240">
         <name>.text</name>
         <load_address>0x84f4d</load_address>
         <run_address>0x913d</run_address>
         <size>0x14</size>
         <input_file_ref idref="fl-41"/>
      </object_component>
      <object_component id="oc-1eb">
         <name>.text</name>
         <load_address>0x84f61</load_address>
         <run_address>0x9151</run_address>
         <size>0x9c</size>
         <input_file_ref idref="fl-30"/>
      </object_component>
      <object_component id="oc-1f5">
         <name>.text</name>
         <load_address>0x84ffd</load_address>
         <run_address>0x91ed</run_address>
         <size>0x8b</size>
         <input_file_ref idref="fl-32"/>
      </object_component>
      <object_component id="oc-27a">
         <name>.text</name>
         <load_address>0x85088</load_address>
         <run_address>0x9278</run_address>
         <size>0x88</size>
         <input_file_ref idref="fl-5f"/>
      </object_component>
      <object_component id="oc-1fa">
         <name>.text</name>
         <load_address>0x85110</load_address>
         <run_address>0x9300</run_address>
         <size>0x83</size>
         <input_file_ref idref="fl-33"/>
      </object_component>
      <object_component id="oc-2f9">
         <name>.text</name>
         <load_address>0x85193</load_address>
         <run_address>0x9383</run_address>
         <size>0x5e</size>
         <input_file_ref idref="fl-6c"/>
      </object_component>
      <object_component id="oc-2d9">
         <name>.text</name>
         <load_address>0x851f1</load_address>
         <run_address>0x93e1</run_address>
         <size>0x2d</size>
         <input_file_ref idref="fl-63"/>
      </object_component>
      <object_component id="oc-1f0">
         <name>.text</name>
         <load_address>0x8521e</load_address>
         <run_address>0x940e</run_address>
         <size>0x2a</size>
         <input_file_ref idref="fl-31"/>
      </object_component>
      <object_component id="oc-222">
         <name>.text</name>
         <load_address>0x85248</load_address>
         <run_address>0x9438</run_address>
         <size>0x25</size>
         <input_file_ref idref="fl-3b"/>
      </object_component>
      <object_component id="oc-245">
         <name>.text</name>
         <load_address>0x8526d</load_address>
         <run_address>0x945d</run_address>
         <size>0x24</size>
         <input_file_ref idref="fl-42"/>
      </object_component>
      <object_component id="oc-209">
         <name>.text</name>
         <load_address>0x85291</load_address>
         <run_address>0x9481</run_address>
         <size>0x23</size>
         <input_file_ref idref="fl-36"/>
      </object_component>
      <object_component id="oc-259">
         <name>.text</name>
         <load_address>0x852b4</load_address>
         <run_address>0x94a4</run_address>
         <size>0x20</size>
         <input_file_ref idref="fl-46"/>
      </object_component>
      <object_component id="oc-284">
         <name>.text</name>
         <load_address>0x852d4</load_address>
         <run_address>0x94c4</run_address>
         <size>0x1f</size>
         <input_file_ref idref="fl-64"/>
      </object_component>
      <object_component id="oc-27f">
         <name>.text</name>
         <load_address>0x852f3</load_address>
         <run_address>0x94e3</run_address>
         <size>0x1f</size>
         <input_file_ref idref="fl-61"/>
      </object_component>
      <object_component id="oc-227">
         <name>.text</name>
         <load_address>0x85312</load_address>
         <run_address>0x9502</run_address>
         <size>0x1d</size>
         <input_file_ref idref="fl-3c"/>
      </object_component>
      <object_component id="oc-218">
         <name>.text</name>
         <load_address>0x8532f</load_address>
         <run_address>0x951f</run_address>
         <size>0x1c</size>
         <input_file_ref idref="fl-39"/>
      </object_component>
      <object_component id="oc-21d">
         <name>.text</name>
         <load_address>0x8534b</load_address>
         <run_address>0x953b</run_address>
         <size>0x1c</size>
         <input_file_ref idref="fl-3a"/>
      </object_component>
      <object_component id="oc-22c">
         <name>.text</name>
         <load_address>0x85367</load_address>
         <run_address>0x9557</run_address>
         <size>0x1c</size>
         <input_file_ref idref="fl-3d"/>
      </object_component>
      <object_component id="oc-213">
         <name>.text</name>
         <load_address>0x85383</load_address>
         <run_address>0x9573</run_address>
         <size>0x1b</size>
         <input_file_ref idref="fl-38"/>
      </object_component>
      <object_component id="oc-20e">
         <name>.text</name>
         <load_address>0x8539e</load_address>
         <run_address>0x958e</run_address>
         <size>0x1a</size>
         <input_file_ref idref="fl-37"/>
      </object_component>
      <object_component id="oc-2da">
         <name>.text</name>
         <load_address>0x853b8</load_address>
         <run_address>0x95a8</run_address>
         <size>0x17</size>
         <input_file_ref idref="fl-5b"/>
      </object_component>
      <object_component id="oc-24f">
         <name>.text</name>
         <load_address>0x853cf</load_address>
         <run_address>0x95bf</run_address>
         <size>0x17</size>
[...]
         <name>_create_array_of__tm__2_r__FUiPCc_PZ1Z</name>
         <value>0x9b08</value>
         <object_component_ref idref="oc-2a4"/>
      </symbol>
      <symbol id="sm-1094">
         <name>_delay_printf_json_objects__FUie</name>
         <value>0x9713</value>
         <object_component_ref idref="oc-2a4"/>
      </symbol>
      <symbol id="sm-1095">
         <name>_delete_array__tm__2_i__FPCZ1Z_v</name>
         <value>0x969a</value>
         <object_component_ref idref="oc-2a4"/>
      </symbol>
      <symbol id="sm-1096">
         <name>_json_type_name__F10jsonType_t</name>
         <value>0x80cd1</value>
         <object_component_ref idref="oc-2b8"/>
      </symbol>
      <symbol id="sm-1097">
         <name>_json_uint32__FPCcUl</name>
         <value>0x80c58</value>
         <object_component_ref idref="oc-2b8"/>
      </symbol>
      <symbol id="sm-1098">
         <name>_deal_with_delay_printf_error__Fv</name>
         <value>0x80aeb</value>
         <object_component_ref idref="oc-2b8"/>
      </symbol>
      <symbol id="sm-1099">
         <name>_set_json_timestamp_freq__FUl</name>
         <value>0x80b41</value>
         <object_component_ref idref="oc-2b8"/>
      </symbol>
      <symbol id="sm-109a">
         <name>_delete_array__tm__4_PCc__FPCZ1Z_v</name>
         <value>0x9670</value>
         <object_component_ref idref="oc-2a4"/>
      </symbol>
      <symbol id="sm-109b">
         <name>_json_uint64__FPCcUL</name>
         <value>0x80bf7</value>
         <object_component_ref idref="oc-2b8"/>
      </symbol>
      <symbol id="sm-109c">
         <name>_delete_array__tm__3_Ul__FPCZ1Z_v</name>
         <value>0x968c</value>
         <object_component_ref idref="oc-2a4"/>
      </symbol>
      <symbol id="sm-109d">
         <name>_json_parent__FPCcUi</name>
         <value>0x80d5d</value>
         <object_component_ref idref="oc-2b8"/>
      </symbol>
      <symbol id="sm-109e">
         <name>_create_array_of__tm__2_i__FUiPCc_PZ1Z</name>
         <value>0x9add</value>
         <object_component_ref idref="oc-2a4"/>
      </symbol>
      <symbol id="sm-109f">
         <name>_json_base64_array__FPCcUiPCUibT2</name>
         <value>0x80fc8</value>
         <object_component_ref idref="oc-2b8"/>
      </symbol>
      <symbol id="sm-10a0">
         <name>_printf_json_status__FPCc</name>
         <value>0x80b7f</value>
         <object_component_ref idref="oc-2b8"/>
      </symbol>
      <symbol id="sm-10a1">
         <name>_internal_printf_json_object__FRC13json_object_t</name>
         <value>0x98b2</value>
         <object_component_ref idref="oc-2a4"/>
      </symbol>
      <symbol id="sm-10a2">
         <name>_delay_printf_json_objects__F14delayed_json_t</name>
         <value>0x9b86</value>
         <object_component_ref idref="oc-2a4"/>
      </symbol>
      <symbol id="sm-10a3">
         <name>_json_int32_array__FPCcUiPClb</name>
         <value>0x80dd6</value>
         <object_component_ref idref="oc-2b8"/>
      </symbol>
      <symbol id="sm-10a4">
         <name>_create_array_of__tm__3_Pc__FUiPCc_PZ1Z</name>
         <value>0x9a44</value>
         <object_component_ref idref="oc-2a4"/>
      </symbol>
      <symbol id="sm-10a5">
         <name>_get_next_delayed_objects_queue_i_for_writing__Fv</name>
         <value>0x9628</value>
         <object_component_ref idref="oc-2a4"/>
      </symbol>
      <symbol id="sm-10a6">
         <name>_internal_printf_value__F12value_type_tPCvUiT3</name>
         <value>0x97bf</value>
         <object_component_ref idref="oc-2a4"/>
      </symbol>
      <symbol id="sm-10a7">
         <name>_value_type_name__F12value_type_t</name>
         <value>0x80a9b</value>
         <object_component_ref idref="oc-2b8"/>
      </symbol>
      <symbol id="sm-10a8">
         <name>_internal_printf_array__F12value_type_tUi17array_ptr_union_tT2</name>
         <value>0x986a</value>
         <object_component_ref idref="oc-2a4"/>
      </symbol>
      <symbol id="sm-10a9">
         <name>_printf_json_error__FPCc</name>
         <value>0x80b92</value>
         <object_component_ref idref="oc-2b8"/>
      </symbol>
      <symbol id="sm-10aa">
         <name>_json_int16_array__FPCcUiPCib</name>
         <value>0x80e35</value>
         <object_component_ref idref="oc-2b8"/>
      </symbol>
      <symbol id="sm-111a">
         <name>_command_serial_config</name>
         <value>0x8de4</value>
         <object_component_ref idref="oc-1ce"/>
      </symbol>
      <symbol id="sm-111b">
         <name>_sec_until_waiting_reload</name>
         <value>0x8dc4</value>
         <object_component_ref idref="oc-1ce"/>
      </symbol>
      <symbol id="sm-111c">
         <name>_received_input</name>
         <value>0x8dc5</value>
         <object_component_ref idref="oc-1ce"/>
      </symbol>
      <symbol id="sm-111d">
         <name>_add_serial_command__FP16serial_command_t</name>
         <value>0x83ad6</value>
         <object_component_ref idref="oc-2b9"/>
      </symbol>
      <symbol id="sm-111e">
         <name>_create_array_of__tm__2_c__FUiPCc_PZ1Z</name>
         <value>0xb45d</value>
         <object_component_ref idref="oc-2e4"/>
      </symbol>
      <symbol id="sm-111f">
         <name>_set_waiting_delay__FPC6json_s</name>
         <value>0x83a15</value>
         <object_component_ref idref="oc-2b9"/>
      </symbol>
      <symbol id="sm-1120">
         <name>_serial_command_is_being_validated</name>
         <value>0x8dc7</value>
         <object_component_ref idref="oc-1ce"/>
      </symbol>
      <symbol id="sm-1121">
         <name>_command_status</name>
         <value>0x8e00</value>
         <object_component_ref idref="oc-1ce"/>
      </symbol>
      <symbol id="sm-1122">
         <name>_init_serial_link__Fv</name>
         <value>0x83aea</value>
         <object_component_ref idref="oc-2b9"/>
      </symbol>
      <symbol id="sm-1123">
         <name>_print_all_serial_commands__FPC6json_s</name>
         <value>0x83ad1</value>
         <object_component_ref idref="oc-2b9"/>
      </symbol>
      <symbol id="sm-1124">
         <name>_reset_command_validation__Fv</name>
         <value>0xb3f4</value>
         <object_component_ref idref="oc-2e4"/>
      </symbol>
      <symbol id="sm-1125">
         <name>_print_connection_success__Fv</name>
         <value>0x83abb</value>
         <object_component_ref idref="oc-2b9"/>
      </symbol>
      <symbol id="sm-1126">
         <name>_set_command_echo__FPC6json_s</name>
         <value>0x83a55</value>
         <object_component_ref idref="oc-2b9"/>
      </symbol>
      <symbol id="sm-1127">
         <name>_printf_end_of_echo_valid_command__Fb</name>
         <value>0xb32c</value>
         <object_component_ref idref="oc-2e4"/>
      </symbol>
      <symbol id="sm-1128">
         <name>_check_if_waiting_for_input__Fv</name>
         <value>0x83b23</value>
         <object_component_ref idref="oc-2b9"/>
      </symbol>
      <symbol id="sm-1129">
         <name>_serial_command_list</name>
         <value>0x8dcc</value>
         <object_component_ref idref="oc-1ce"/>
      </symbol>
      <symbol id="sm-112a">
         <name>_current_serial_command_len</name>
         <value>0x8dc6</value>
         <object_component_ref idref="oc-1ce"/>
      </symbol>
      <symbol id="sm-112b">
         <name>_command_echo</name>
         <value>0x8df0</value>
         <object_component_ref idref="oc-1ce"/>
      </symbol>
      <symbol id="sm-112c">
         <name>_waiting_count</name>
         <value>0x8dc2</value>
         <object_component_ref idref="oc-1ce"/>
      </symbol>
      <symbol id="sm-112d">
         <name>_test_string_for_json_and_process__FPCc</name>
         <value>0xb391</value>
         <object_component_ref idref="oc-2e4"/>
      </symbol>
      <symbol id="sm-112e">
         <name>_get_command_from_json__FPCc</name>
         <value>0x83a02</value>
         <object_component_ref idref="oc-2b9"/>
      </symbol>
      <symbol id="sm-112f">
         <name>_test_and_point_to_command__FPC6json_s</name>
         <value>0xb33c</value>
         <object_component_ref idref="oc-2e4"/>
      </symbol>
      <symbol id="sm-1130">
         <name>_command_waiting_delay</name>
         <value>0x8e0c</value>
         <object_component_ref idref="oc-1ce"/>
      </symbol>
      <symbol id="sm-1131">
         <name>_create_array_of__tm__8_6json_s__FUiPCc_PZ1Z</name>
         <value>0xb488</value>
         <object_component_ref idref="oc-2e4"/>
      </symbol>
      <symbol id="sm-1132">
         <name>_print_serial_configuration__Fv</name>
         <value>0x83a8e</value>
         <object_component_ref idref="oc-2b9"/>
      </symbol>
      <symbol id="sm-1133">
         <name>_sec_until_waiting</name>
         <value>0x8dc3</value>
         <object_component_ref idref="oc-1ce"/>
      </symbol>
      <symbol id="sm-1134">
         <name>_command_test_connection</name>
         <value>0x8dd8</value>
         <object_component_ref idref="oc-1ce"/>
      </symbol>
      <symbol id="sm-1135">
         <name>_process_scia_buffer_for_commands__Fv</name>
         <value>0xb3fc</value>
         <object_component_ref idref="oc-2e4"/>
      </symbol>
      <symbol id="sm-1142">
         <name>_memcpy_fast</name>
         <value>0xbd20</value>
         <object_component_ref idref="oc-1d5"/>
      </symbol>
      <symbol id="sm-1192">
         <name>_error_allocating_messages__FPCc</name>
         <value>0x82e45</value>
         <object_component_ref idref="oc-2b3"/>
      </symbol>
      <symbol id="sm-1193">
         <name>_performance_test__Fv</name>
         <value>0x82beb</value>
         <object_component_ref idref="oc-2b3"/>
      </symbol>
      <symbol id="sm-1194">
         <name>_calculate_pin_data_reg__FUi</name>
         <value>0x82e86</value>
         <object_component_ref idref="oc-2b3"/>
      </symbol>
      <symbol id="sm-1195">
         <name>_calculate_pin_mask__FUi</name>
         <value>0x82e7d</value>
         <object_component_ref idref="oc-2b3"/>
      </symbol>
      <symbol id="sm-1196">
         <name>_gpio_read_pin__FPCVUlUi</name>
         <value>0xbcdf</value>
         <object_component_ref idref="oc-2ca"/>
      </symbol>
      <symbol id="sm-1197">
         <name>_gpio_write_pin__FPVUlUlb</name>
         <value>0xbcd7</value>
         <object_component_ref idref="oc-2ca"/>
      </symbol>
      <symbol id="sm-1198">
         <name>_djb2_hash__FPCc</name>
         <value>0x82e68</value>
         <object_component_ref idref="oc-2b3"/>
      </symbol>
      <symbol id="sm-1199">
         <name>_not_enough_free_space__FPCcUiT2</name>
         <value>0x82dd3</value>
         <object_component_ref idref="oc-2b3"/>
      </symbol>
      <symbol id="sm-119a">
         <name>_is_power_of_two__FUL</name>
         <value>0x82e13</value>
         <object_component_ref idref="oc-2b3"/>
      </symbol>
      <symbol id="sm-119b">
         <name>_get_max_stack_free__Fv</name>
         <value>0x82e37</value>
         <object_component_ref idref="oc-2b3"/>
      </symbol>
      <symbol id="sm-119c">
         <name>_get_max_heap_free__Fv</name>
         <value>0xbce4</value>
         <object_component_ref idref="oc-2ca"/>
      </symbol>
      <symbol id="sm-119d">
         <name>_lockup_cpu__Fv</name>
         <value>0x82be0</value>
         <object_component_ref idref="oc-2b3"/>
      </symbol>
      <symbol id="sm-11ca">
         <name>_testing_rb__Fv</name>
         <value>0x849ec</value>
         <object_component_ref idref="oc-2ab"/>
      </symbol>
      <symbol id="sm-11cb">
         <name>_dealloc_buffer__11ring_bufferVFv</name>
         <value>0x849be</value>
         <object_component_ref idref="oc-2ab"/>
      </symbol>
      <symbol id="sm-11cc">
         <name>_init_alloc__11ring_bufferVFUi</name>
         <value>0x849a7</value>
         <object_component_ref idref="oc-2ab"/>
      </symbol>
      <symbol id="sm-11cd">
         <name>_write__11ring_bufferVFUiPCUi</name>
         <value>0xb78b</value>
         <object_component_ref idref="oc-2b2"/>
      </symbol>
      <symbol id="sm-11ce">
         <name>___dt__11ring_bufferFv</name>
         <value>0x849d5</value>
         <object_component_ref idref="oc-2ab"/>
      </symbol>
      <symbol id="sm-11cf">
         <name>_write__11ring_bufferVFUi</name>
         <value>0xb7d2</value>
         <object_component_ref idref="oc-2b2"/>
      </symbol>
      <symbol id="sm-11d0">
         <name>_reset__11ring_bufferVFv</name>
         <value>0xb84d</value>
         <object_component_ref idref="oc-2b2"/>
      </symbol>
      <symbol id="sm-11d1">
         <name>_read__11ring_bufferVFRUi</name>
         <value>0xb7f3</value>
         <object_component_ref idref="oc-2b2"/>
      </symbol>
      <symbol id="sm-11d2">
         <name>___ct__11ring_bufferFv</name>
         <value>0x84998</value>
         <object_component_ref idref="oc-2ab"/>
      </symbol>
      <symbol id="sm-11d3">
         <name>_read__11ring_bufferVFUiPUi</name>
         <value>0xb80d</value>
         <object_component_ref idref="oc-2b2"/>
      </symbol>
      <symbol id="sm-11ee">
         <name>FD$$ADD</name>
         <value>0x9151</value>
         <object_component_ref idref="oc-1eb"/>
      </symbol>
      <symbol id="sm-11fe">
         <name>FD$$CMP</name>
         <value>0x940e</value>
         <object_component_ref idref="oc-1f0"/>
      </symbol>
      <symbol id="sm-1215">
         <name>FD$$DIV</name>
         <value>0x91ed</value>
         <object_component_ref idref="oc-1f5"/>
      </symbol>
      <symbol id="sm-1227">
         <name>FD$$MPY</name>
         <value>0x9300</value>
         <object_component_ref idref="oc-1fa"/>
      </symbol>
      <symbol id="sm-1234">
         <name>FD$$NEG</name>
         <value>0x961f</value>
         <object_component_ref idref="oc-1ff"/>
      </symbol>
      <symbol id="sm-1240">
         <name>FD$$SUB</name>
         <value>0x9611</value>
         <object_component_ref idref="oc-204"/>
      </symbol>
      <symbol id="sm-1250">
         <name>FD$$TOFS</name>
         <value>0x9481</value>
         <object_component_ref idref="oc-209"/>
      </symbol>
      <symbol id="sm-125f">
         <name>FD$$TOU</name>
         <value>0x958e</value>
         <object_component_ref idref="oc-20e"/>
      </symbol>
      <symbol id="sm-126e">
         <name>FD$$TOUL</name>
         <value>0x9573</value>
         <object_component_ref idref="oc-213"/>
      </symbol>
      <symbol id="sm-127c">
         <name>FD$$TOULL</name>
         <value>0x951f</value>
         <object_component_ref idref="oc-218"/>
      </symbol>
      <symbol id="sm-128c">
         <name>FS$$TOFD</name>
         <value>0x953b</value>
         <object_component_ref idref="oc-21d"/>
      </symbol>
      <symbol id="sm-129c">
         <name>FS$$TOULL</name>
         <value>0x9438</value>
         <object_component_ref idref="oc-222"/>
      </symbol>
      <symbol id="sm-12ac">
         <name>I$$TOFD</name>
         <value>0x9502</value>
         <object_component_ref idref="oc-227"/>
      </symbol>
      <symbol id="sm-12bc">
         <name>L$$TOFD</name>
         <value>0x9557</value>
         <object_component_ref idref="oc-22c"/>
      </symbol>
      <symbol id="sm-12c8">
         <name>LL$$AND</name>
         <value>0x9125</value>
         <object_component_ref idref="oc-231"/>
      </symbol>
      <symbol id="sm-12c9">
         <name>LL$$OR</name>
         <value>0x912d</value>
         <object_component_ref idref="oc-231"/>
      </symbol>
      <symbol id="sm-12ca">
         <name>LL$$XOR</name>
         <value>0x9135</value>
         <object_component_ref idref="oc-231"/>
      </symbol>
      <symbol id="sm-12d8">
         <name>ULL$$CMP</name>
         <value>0x9119</value>
         <object_component_ref idref="oc-236"/>
      </symbol>
      <symbol id="sm-12d9">
         <name>LL$$CMP</name>
         <value>0x9107</value>
         <object_component_ref idref="oc-236"/>
      </symbol>
      <symbol id="sm-1305">
         <name>ULL$$MOD</name>
         <value>0x90a5</value>
         <object_component_ref idref="oc-23b"/>
      </symbol>
      <symbol id="sm-1306">
         <name>ULL$$DIV</name>
         <value>0x9076</value>
         <object_component_ref idref="oc-23b"/>
      </symbol>
      <symbol id="sm-1307">
         <name>LL$$MOD</name>
         <value>0x903c</value>
         <object_component_ref idref="oc-23b"/>
      </symbol>
      <symbol id="sm-1308">
         <name>LL$$DIV</name>
         <value>0x9000</value>
         <object_component_ref idref="oc-23b"/>
      </symbol>
      <symbol id="sm-1314">
         <name>LL$$MPY</name>
         <value>0x913d</value>
         <object_component_ref idref="oc-240"/>
      </symbol>
      <symbol id="sm-1323">
         <name>LL$$TOFD</name>
         <value>0x945d</value>
         <object_component_ref idref="oc-245"/>
      </symbol>
      <symbol id="sm-132f">
         <name>U$$MOD</name>
         <value>0x84ded</value>
         <object_component_ref idref="oc-24a"/>
      </symbol>
      <symbol id="sm-1330">
         <name>U$$DIV</name>
         <value>0x84de8</value>
         <object_component_ref idref="oc-24a"/>
      </symbol>
      <symbol id="sm-1341">
         <name>U$$TOFD</name>
         <value>0x95bf</value>
         <object_component_ref idref="oc-24f"/>
      </symbol>
      <symbol id="sm-1352">
         <name>UL$$TOFD</name>
         <value>0x95d6</value>
         <object_component_ref idref="oc-254"/>
      </symbol>
      <symbol id="sm-1363">
         <name>ULL$$TOFD</name>
         <value>0x94a4</value>
         <object_component_ref idref="oc-259"/>
      </symbol>
      <symbol id="sm-1370">
         <name>ULL$$TOFS</name>
         <value>0x9600</value>
         <object_component_ref idref="oc-25e"/>
      </symbol>
      <symbol id="sm-1384">
         <name>C$$EXIT</name>
         <value>0x84d10</value>
         <object_component_ref idref="oc-28d"/>
      </symbol>
      <symbol id="sm-1385">
         <name>_exit</name>
         <value>0x84d12</value>
         <object_component_ref idref="oc-28d"/>
      </symbol>
      <symbol id="sm-1386">
         <name>___TI_cleanup_ptr</name>
         <value>0x8dba</value>
         <object_component_ref idref="oc-265"/>
      </symbol>
      <symbol id="sm-1387">
         <name>___TI_enable_exit_profile_output</name>
         <value>0x8db8</value>
         <object_component_ref idref="oc-265"/>
      </symbol>
      <symbol id="sm-1388">
         <name>_abort</name>
         <value>0x84d10</value>
         <object_component_ref idref="oc-28d"/>
      </symbol>
      <symbol id="sm-1389">
         <name>___TI_dtors_ptr</name>
         <value>0x8dbc</value>
         <object_component_ref idref="oc-265"/>
      </symbol>
      <symbol id="sm-13a4">
         <name>_c_int00</name>
         <value>0x84baf</value>
         <object_component_ref idref="oc-7c"/>
      </symbol>
      <symbol id="sm-13a5">
         <name>__stack</name>
         <value>0x130</value>
         <object_component_ref idref="oc-26a"/>
      </symbol>
      <symbol id="sm-13b4">
         <name>__args_main</name>
         <value>0x84db7</value>
         <object_component_ref idref="oc-28c"/>
      </symbol>
      <symbol id="sm-13c1">
         <name>__system_post_cinit</name>
         <value>0x84e0e</value>
         <object_component_ref idref="oc-28b"/>
      </symbol>
      <symbol id="sm-13d2">
         <name>FS$$DIV</name>
         <value>0x9278</value>
         <object_component_ref idref="oc-27a"/>
      </symbol>
      <symbol id="sm-13e1">
         <name>FD$$TOLL</name>
         <value>0x94e3</value>
         <object_component_ref idref="oc-27f"/>
      </symbol>
      <symbol id="sm-13f0">
         <name>FD$$TOL</name>
         <value>0x94c4</value>
         <object_component_ref idref="oc-284"/>
      </symbol>
   </symbol_table>
   <title>Link successful</title>
</link_info>
