******************************************************************************
             TMS320C2000 Linker Unix v20.2.1                   
******************************************************************************
>> Linked Sat Sep 19 19:55:20 2020

OUTPUT FILE NAME:   <EM_CPU1.out>
ENTRY POINT SYMBOL: "_c_int00"  address: 00084baf


MEMORY CONFIGURATION

         name            origin    length      used     unused   attr    fill
----------------------  --------  ---------  --------  --------  ----  --------
PAGE 0:
  RAMLS0_CLA_PROG       00008000   00000800  0000027e  00000582  RWIX
  RAMLS2345D01          00009000   00003000  00002d2b  000002d5  RWIX
  BEGIN                 00080000   00000002  00000002  00000000  RWIX
  FLASHABCDE            00080002   0000fffe  0000aaa1  0000555d  RWIX
  RESET                 003fffc0   00000002  00000000  00000002  RWIX

PAGE 1:
  BOOT_RSVD             00000002   00000120  00000000  00000120  RWIX
  RAMM01_STACK          00000130   000006d0  00000400  000002d0  RWIX
  ADCA_RESULT           00000b00   00000020  00000018  00000008  RWIX
  ADCB_RESULT           00000b20   00000020  00000018  00000008  RWIX
  ADCC_RESULT           00000b40   00000020  00000018  00000008  RWIX
  ADCD_RESULT           00000b60   00000020  00000018  00000008  RWIX
  CPU_TIMER0            00000c00   00000008  00000008  00000000  RWIX
  CPU_TIMER1            00000c08   00000008  00000008  00000000  RWIX
  CPU_TIMER2            00000c10   00000008  00000008  00000000  RWIX
  PIE_CTRL              00000ce0   00000020  0000001a  00000006  RWIX
  PIE_VECT              00000d00   00000200  000001c0  00000040  RWIX
  DMA                   00001000   00000200  000000e0  00000120  RWIX
  CLA1                  00001400   00000040  0000003e  00000002  RWIX
  EPWM1                 00004000   00000100  00000100  00000000  RWIX
  EPWM2                 00004100   00000100  00000100  00000000  RWIX
  EPWM3                 00004200   00000100  00000100  00000000  RWIX
  EPWM4                 00004300   00000100  00000100  00000000  RWIX
  EPWM5                 00004400   00000100  00000100  00000000  RWIX
  EPWM6                 00004500   00000100  00000100  00000000  RWIX
  EPWM7                 00004600   00000100  00000100  00000000  RWIX
  EPWM8                 00004700   00000100  00000100  00000000  RWIX
  EPWM9                 00004800   00000100  00000100  00000000  RWIX
  EPWM10                00004900   00000100  00000100  00000000  RWIX
  EPWM11                00004a00   00000100  00000100  00000000  RWIX
  EPWM12                00004b00   00000100  00000100  00000000  RWIX
  ECAP1                 00005000   00000020  00000020  00000000  RWIX
  ECAP2                 00005020   00000020  00000020  00000000  RWIX
  ECAP3                 00005040   00000020  00000020  00000000  RWIX
  ECAP4                 00005060   00000020  00000020  00000000  RWIX
  ECAP5                 00005080   00000020  00000020  00000000  RWIX
  ECAP6                 000050a0   00000020  00000020  00000000  RWIX
  EQEP1                 00005100   00000040  00000022  0000001e  RWIX
  EQEP2                 00005140   00000040  00000022  0000001e  RWIX
  EQEP3                 00005180   00000040  00000022  0000001e  RWIX
  DACA                  00005c00   00000010  00000008  00000008  RWIX
  DACB                  00005c10   00000010  00000008  00000008  RWIX
  DACC                  00005c20   00000010  00000008  00000008  RWIX
  CMPSS1                00005c80   00000020  00000020  00000000  RWIX
  CMPSS2                00005ca0   00000020  00000020  00000000  RWIX
  CMPSS3                00005cc0   00000020  00000020  00000000  RWIX
  CMPSS4                00005ce0   00000020  00000020  00000000  RWIX
  CMPSS5                00005d00   00000020  00000020  00000000  RWIX
  CMPSS6                00005d20   00000020  00000020  00000000  RWIX
  CMPSS7                00005d40   00000020  00000020  00000000  RWIX
  CMPSS8                00005d60   00000020  00000020  00000000  RWIX
  SDFM1                 00005e00   00000080  00000080  00000000  RWIX
  SDFM2                 00005e80   00000080  00000080  00000000  RWIX
  MCBSPA                00006000   00000040  00000024  0000001c  RWIX
  MCBSPB                00006040   00000040  00000024  0000001c  RWIX
  SPIA                  00006100   00000010  00000010  00000000  RWIX
  SPIB                  00006110   00000010  00000010  00000000  RWIX
  SPIC                  00006120   00000010  00000010  00000000  RWIX
  SPID                  00006130   00000010  00000000  00000010  RWIX
  UPP                   00006200   00000100  00000048  000000b8  RWIX
  WD                    00007000   00000040  0000002b  00000015  RWIX
  NMIINTRUPT            00007060   00000010  00000007  00000009  RWIX
  XINT                  00007070   00000010  0000000b  00000005  RWIX
  SCIA                  00007200   00000010  00000010  00000000  RWIX
  SCIB                  00007210   00000010  00000010  00000000  RWIX
  SCIC                  00007220   00000010  00000010  00000000  RWIX
  SCID                  00007230   00000010  00000010  00000000  RWIX
  I2CA                  00007300   00000040  00000022  0000001e  RWIX
  I2CB                  00007340   00000040  00000022  0000001e  RWIX
  ADCA                  00007400   00000080  00000080  00000000  RWIX
  ADCB                  00007480   00000080  00000080  00000000  RWIX
  ADCC                  00007500   00000080  00000080  00000000  RWIX
  ADCD                  00007580   00000080  00000080  00000000  RWIX
  INPUT_XBAR            00007900   00000020  00000020  00000000  RWIX
  XBAR                  00007920   00000020  00000020  00000000  RWIX
  SYNC_SOC              00007940   00000010  00000006  0000000a  RWIX
  DMACLASRCSEL          00007980   00000040  0000001a  00000026  RWIX
  EPWM_XBAR             00007a00   00000040  00000040  00000000  RWIX
  CLB_XBAR              00007a40   00000040  00000000  00000040  RWIX
  OUTPUT_XBAR           00007a80   00000040  00000040  00000000  RWIX
  GPIOCTRL              00007c00   00000180  00000180  00000000  RWIX
  GPIODAT               00007f00   00000030  00000030  00000000  RWIX
  RAMLS1_CLA_DATA       00008800   00000800  00000650  000001b0  RWIX
  RAMGS_CPU1_PAGE1      0000c000   00000400  00000400  00000000  RWIX
  RAMGS_HEAP            0000c400   0000fc00  0000f000  00000c00  RWIX
  EMIF1                 00047000   00000800  00000070  00000790  RWIX
  EMIF2                 00047800   00000800  00000070  00000790  RWIX
  CANA                  00048000   00000800  00000164  0000069c  RWIX
  CANB                  0004a000   00000800  00000164  0000069c  RWIX
  FLASHPUMPSEMAPHORE    00050024   00000002  00000002  00000000  RWIX
  DEV_CFG               0005d000   00000180  0000012e  00000052  RWIX
  ANALOG_SUBSYS         0005d180   00000080  00000048  00000038  RWIX
  CLK_CFG               0005d200   00000100  00000032  000000ce  RWIX
  CPU_SYS               0005d300   00000100  00000082  0000007e  RWIX
  ROMPREFETCH           0005e608   00000002  00000002  00000000  RWIX
  DCSM_Z1               0005f000   00000030  00000024  0000000c  RWIX
  DCSM_Z2               0005f040   00000030  00000024  0000000c  RWIX
  DCSM_COMMON           0005f070   00000010  00000008  00000008  RWIX
  MEMCFG                0005f400   00000080  00000080  00000000  RWIX
  EMIF1CONFIG           0005f480   00000020  00000020  00000000  RWIX
  EMIF2CONFIG           0005f4a0   00000020  00000020  00000000  RWIX
  ACCESSPROTECTION      0005f4c0   00000040  00000040  00000000  RWIX
  MEMORYERROR           0005f500   00000040  00000040  00000000  RWIX
  ROMWAITSTATE          0005f540   00000002  00000002  00000000  RWIX
  FLASH0_CTRL           0005f800   00000300  00000182  0000017e  RWIX
  FLASH0_ECC            0005fb00   00000040  00000028  00000018  RWIX
  FLASH1_CTRL           0005fc00   00000300  00000182  0000017e  RWIX
  FLASH1_ECC            0005ff00   00000040  00000028  00000018  RWIX


SECTION ALLOCATION MAP

 output                                  attributes/
section   page    origin      length       input sections
--------  ----  ----------  ----------   ----------------
codestart 
*          0    00080000    00000002     
                  00080000    00000002     F2837xS_CodeStartBranch.obj (codestart)

.cinit     0    0008a44c    0000062f     
                  0008a44c    0000012d     io_controller.obj (.cinit)
                  0008a579    00000104     <whole-program> (.cinit)
                  0008a67d    000000fc     experimental_inputs.obj (.cinit)
                  0008a779    0000007b     ti_launchpad.obj (.cinit:_ti_board_settings)
                  0008a7f4    0000007a     serial_link.obj (.cinit)
                  0008a86e    00000074     dsp_output.obj (.cinit)
                  0008a8e2    0000005b     <whole-program> (.cinit:_db_board_settings$2)
                  0008a93d    0000003d     analog_input.obj (.cinit)
                  0008a97a    0000002a     digital_io.obj (.cinit)
                  0008a9a4    00000022     ti_launchpad.obj (.cinit)
                  0008a9c6    00000020     printf_json.obj (.cinit)
                  0008a9e6    0000001e     scia.obj (.cinit)
                  0008aa04    00000015     internal_adc.obj (.cinit)
                  0008aa19    00000014     ADS8688_adc.obj (.cinit)
                  0008aa2d    00000013     tic_toc.obj (.cinit)
                  0008aa40    0000000e     rts2800_fpu32.lib : exit.c.obj (.cinit)
                  0008aa4e    0000000d     misc.obj (.cinit)
                  0008aa5b    0000000b     ti_launchpad.obj (.cinit:_sci_settings)
                  0008aa66    00000009     <whole-program> (.cinit:_db_board_sense$2)
                  0008aa6f    00000005     <whole-program> (.cinit:__lock)
                  0008aa74    00000005     <whole-program> (.cinit:_sigTable$34)
                  0008aa79    00000002     --HOLE-- [fill = 0]

.switch    0    0008aa7c    00000018     
                  0008aa7c    00000018     printf_json.obj (.switch:_value_type_name__F12value_type_t)

.pinit     0    0008aa94    00000016     
                  0008aa94    00000004     <whole-program> (.pinit)
                  0008aa98    00000002     ADS8688_adc.obj (.pinit)
                  0008aa9a    00000002     cpu_timers.obj (.pinit)
                  0008aa9c    00000002     dsp_output.obj (.pinit)
                  0008aa9e    00000002     experimental_inputs.obj (.pinit)
                  0008aaa0    00000002     printf_json.obj (.pinit)
                  0008aaa2    00000002     scia.obj (.pinit)
                  0008aaa4    00000002     ti_launchpad.obj (.pinit)
                  0008aaa6    00000002     tic_toc.obj (.pinit)
                  0008aaa8    00000002     --HOLE-- [fill = 0]

.stack     1    00000130    00000400     UNINITIALIZED
                  00000130    00000400     --HOLE--

.esysmem   1    0000c400    0000f000     UNINITIALIZED
                  0000c400    00000004     rts2800_fpu32.lib : memory.c.obj (.esysmem)
                  0000c404    0000effc     --HOLE--

.reset     0    003fffc0    00000002     DSECT
                  003fffc0    00000002     rts2800_fpu32.lib : boot28.asm.obj (.reset)

.TI.ramfunc 
*          0    00084e10    00002d2b     RUN ADDR = 00009000
                  00084e10    00000107     rts2800_fpu32.lib : ll_div28.asm.obj (.text)
                  00084f17    0000001e                       : ll_cmp28.asm.obj (.text)
                  00084f35    00000018                       : ll_aox28.asm.obj (.text)
                  00084f4d    00000014                       : ll_mpy28.asm.obj (.text)
                  00084f61    0000009c                       : fd_add28.asm.obj (.text)
                  00084ffd    0000008b                       : fd_div28.asm.obj (.text)
                  00085088    00000088                       : fs_div28.asm.obj (.text)
                  00085110    00000083                       : fd_mpy28.asm.obj (.text)
                  00085193    0000005e                       : s_scalbnf.c.obj (.text)
                  000851f1    0000002d                       : s_lroundl.c.obj (.text)
                  0008521e    0000002a                       : fd_cmp28.asm.obj (.text)
                  00085248    00000025                       : fs_toullfpu32.asm.obj (.text)
                  0008526d    00000024                       : ll_tofd28.asm.obj (.text)
                  00085291    00000023                       : fd_tofsfpu32.asm.obj (.text)
                  000852b4    00000020                       : ull_tofd28.asm.obj (.text)
                  000852d4    0000001f                       : fd_tol28.asm.obj (.text)
                  000852f3    0000001f                       : fd_toll28.asm.obj (.text)
                  00085312    0000001d                       : i_tofd28.asm.obj (.text)
                  0008532f    0000001c                       : fd_toull28.asm.obj (.text)
                  0008534b    0000001c                       : fs_tofdfpu32.asm.obj (.text)
                  00085367    0000001c                       : l_tofd28.asm.obj (.text)
                  00085383    0000001b                       : fd_toul28.asm.obj (.text)
                  0008539e    0000001a                       : fd_tou28.asm.obj (.text)
                  000853b8    00000017                       : s_fabs.c.obj (.text)
                  000853cf    00000017                       : u_tofd28.asm.obj (.text)
                  000853e6    00000016                       : ul_tofd28.asm.obj (.text)
                  000853fc    00000014                       : s_llroundl.c.obj (.text)
                  00085410    00000011                       : ull_tofsfpu32.asm.obj (.text)
                  00085421    0000000e                       : fd_sub28.asm.obj (.text)
                  0008542f    00000009                       : fd_neg28.asm.obj (.text)
                  00085438    000005c4     printf_json.obj (.TI.ramfunc)
                  000859fc    0000053c     extract_json.obj (.TI.ramfunc)
                  00085f38    000004aa     experimental_inputs.obj (.TI.ramfunc)
                  000863e2    0000043e     printf_raw.obj (.TI.ramfunc)
                  00086820    000003fb     io_controller.obj (.TI.ramfunc)
                  00086c1b    0000033c     dsp_output.obj (.TI.ramfunc)
                  00086f57    000001e5     tiny_json.obj (.TI.ramfunc)
                  0008713c    0000018f     serial_link.obj (.TI.ramfunc)
                  000872cb    0000012f     digital_io.obj (.TI.ramfunc)
                  000873fa    000000d2     analog_input.obj (.TI.ramfunc)
                  000874cc    000000cf     experimental_outputs.obj (.TI.ramfunc)
                  0008759b    000000cb     ring_buffer.obj (.TI.ramfunc)
                  00087666    000000c5     scia.obj (.TI.ramfunc:retain)
                  0008772b    000000b2     em_main.obj (.TI.ramfunc)
                  000877dd    0000009a     F2837xS_SysCtrl.obj (.TI.ramfunc)
                  00087877    00000091     cpu_timers.obj (.TI.ramfunc:retain)
                  00087908    0000007b     tic_toc.obj (.TI.ramfunc:retain)
                  00087983    00000064     status_messages.obj (.TI.ramfunc)
                  000879e7    0000004e     cpu_timers.obj (.TI.ramfunc)
                  00087a35    0000003c     ADS8688_adc.obj (.TI.ramfunc:retain)
                  00087a71    0000003b     scia.obj (.TI.ramfunc)
                  00087aac    0000003b     tic_toc.obj (.TI.ramfunc)
                  00087ae7    00000029     misc.obj (.TI.ramfunc)
                  00087b10    00000020     leds.obj (.TI.ramfunc)
                  00087b30    00000007     memcpy_fast.obj (.TI.ramfunc)
                  00087b37    00000004     F2837xS_usDelay.obj (.TI.ramfunc)

Cla1Prog   0    00087b3c    0000027e     RUN ADDR = 00008000
                  00087b3c    0000016a     ADS8688_adc_cla.obj (Cla1Prog:_cla_task4_read_ADS8688_adc_voltages)
                  00087ca6    0000009c     internal_adc_cla.obj (Cla1Prog:_cla_task3_process_analog_io)
                  00087d42    00000034     io_controller_cla.obj (Cla1Prog:_cla_task2_cla_uptime)
                  00087d76    00000026     tic_toc_cla.obj (Cla1Prog:_cla_tic)
                  00087d9c    0000001e     tic_toc_cla.obj (Cla1Prog:_cla_toc)

.econst    0    00087dbc    00002690     
                  00087dbc    000007e2     experimental_inputs.obj (.econst:.string)
                  0008859e    00000389     <whole-program> (.econst:.string)
                  00088927    00000001     serial_link.obj (.econst)
                  00088928    00000367     io_controller.obj (.econst:.string)
                  00088c8f    00000001     --HOLE-- [fill = 0]
                  00088c90    00000303     dsp_output.obj (.econst:.string)
                  00088f93    00000001     --HOLE-- [fill = 0]
                  00088f94    0000026e     printf_json.obj (.econst:.string)
                  00089202    00000202     serial_link.obj (.econst:.string)
                  00089404    00000200     ti_launchpad.obj (.econst:.string)
                  00089604    000001c0     F2837xS_PieVect.obj (.econst:_PieVectTableInit)
                  000897c4    00000181     extract_json.obj (.econst:.string)
                  00089945    00000001     --HOLE-- [fill = 0]
                  00089946    0000017a     digital_io.obj (.econst:.string)
                  00089ac0    0000015f     tic_toc.obj (.econst:.string)
                  00089c1f    00000001     --HOLE-- [fill = 0]
                  00089c20    0000014a     analog_input.obj (.econst:.string)
                  00089d6a    00000127     misc.obj (.econst:.string)
                  00089e91    00000101     rts2800_fpu32.lib : ctype.c.obj (.econst:.string:__ctypes_)
                  00089f92    000000b4     ADS8688_adc.obj (.econst:.string)
                  0008a046    00000063     cpu_timers.obj (.econst:.string)
                  0008a0a9    00000001     --HOLE-- [fill = 0]
                  0008a0aa    00000054     cla.obj (.econst:.string)
                  0008a0fe    00000053     scia.obj (.econst:.string)
                  0008a151    00000001     --HOLE-- [fill = 0]
                  0008a152    00000051     internal_adc.obj (.econst:.string)
                  0008a1a3    00000001     --HOLE-- [fill = 0]
                  0008a1a4    00000047     sci.obj (.econst:.string)
                  0008a1eb    00000001     --HOLE-- [fill = 0]
                  0008a1ec    00000038     spi.obj (.econst:.string)
                  0008a224    0000002e     experimental_inputs.obj (.econst)
                  0008a252    00000020     <whole-program> (.econst)
                  0008a272    00000020     rts2800_fpu32.lib : strtod.c.obj (.econst:_digits$37)
                  0008a292    00000017     daughterboard.obj (.econst:_db2_79d_pullup$2)
                  0008a2a9    00000001     --HOLE-- [fill = 0]
                  0008a2aa    00000016     ti_launchpad.obj (.econst)
                  0008a2c0    00000015     tiny_json.obj (.econst:.string:_min$2$9)
                  0008a2d5    00000014     tiny_json.obj (.econst:.string:_max$3$9)
                  0008a2e9    00000001     --HOLE-- [fill = 0]
                  0008a2ea    00000014     misc.obj (.econst:_$P$T1$2)
                  0008a2fe    00000014     misc.obj (.econst:_$P$T2$3)
                  0008a312    00000014     misc.obj (.econst:_$P$T3$4)
                  0008a326    00000014     misc.obj (.econst:_$P$T4$5)
                  0008a33a    00000014     tic_toc.obj (.econst)
                  0008a34e    00000013     ring_buffer.obj (.econst:.string)
                  0008a361    00000010     tiny_json.obj (.econst:_pair$1$9)
                  0008a371    0000000f     daughterboard.obj (.econst:_db2_77s_dsp_bit_gpio$2)
                  0008a380    0000000f     daughterboard.obj (.econst:_db2_79d_dsp_bit_gpio$2)
                  0008a38f    0000000e     daughterboard.obj (.econst:_db3_79d_pullup$2)
                  0008a39d    00000001     --HOLE-- [fill = 0]
                  0008a39e    0000000c     rts2800_fpu32.lib : strtod.c.obj (.econst:_powerof10$37)
                  0008a3aa    0000000c     internal_adc.obj (.econst)
                  0008a3b6    0000000a     misc.obj (.econst:_$P$T0$1)
                  0008a3c0    00000009     daughterboard.obj (.econst:_db3_79d_spi_adc$2)
                  0008a3c9    00000008     daughterboard.obj (.econst:_db2_77s_digital_out_gpio$2)
                  0008a3d1    00000008     daughterboard.obj (.econst:_db2_79d_digital_out_gpio$2)
                  0008a3d9    00000008     daughterboard.obj (.econst:_db3_79d_dev_chan_to_in$2)
                  0008a3e1    00000008     daughterboard.obj (.econst:_db3_79d_digital_in_gpio$2)
                  0008a3e9    00000008     daughterboard.obj (.econst:_db3_79d_digital_out_gpio$2)
                  0008a3f1    00000008     daughterboard.obj (.econst:_db3_79d_dsp_bit_gpio$2)
                  0008a3f9    00000001     --HOLE-- [fill = 0]
                  0008a3fa    00000008     cpu_timers.obj (.econst)
                  0008a402    00000008     io_controller.obj (.econst)
                  0008a40a    00000008     sci.obj (.econst)
                  0008a412    00000008     scia.obj (.econst)
                  0008a41a    00000007     daughterboard.obj (.econst:_db2_77s_pullup$2)
                  0008a421    00000005     daughterboard.obj (.econst:_db2_77s_digital_in_gpio$2)
                  0008a426    00000005     daughterboard.obj (.econst:_db2_79d_digital_in_gpio$2)
                  0008a42b    00000001     --HOLE-- [fill = 0]
                  0008a42c    00000004     rts2800_fpu32.lib : e_fmodf.c.obj (.econst:_Zero$28)
                  0008a430    00000004     daughterboard.obj (.econst:_db2_77s_analog_in_adc_letter$2)
                  0008a434    00000004     daughterboard.obj (.econst:_db2_77s_analog_in_gpio$2)
                  0008a438    00000004     daughterboard.obj (.econst:_db2_79d_analog_in_adc_letter$2)
                  0008a43c    00000004     daughterboard.obj (.econst:_db2_79d_analog_in_gpio$2)
                  0008a440    00000004     spi.obj (.econst)
                  0008a444    00000002     misc.obj (.econst)
                  0008a446    00000002     printf_raw.obj (.econst)
                  0008a448    00000002     rts2800_fpu32.lib : vars.c.obj (.econst)
                  0008a44a    00000002                       : vec_newdel.c.obj (.econst)

AdcaResultFile 
*          1    00000b00    00000018     UNINITIALIZED
                  00000b00    00000018     F2837xS_GlobalVariableDefs.obj (AdcaResultFile)

AdcbResultFile 
*          1    00000b20    00000018     UNINITIALIZED
                  00000b20    00000018     F2837xS_GlobalVariableDefs.obj (AdcbResultFile)

AdccResultFile 
*          1    00000b40    00000018     UNINITIALIZED
                  00000b40    00000018     F2837xS_GlobalVariableDefs.obj (AdccResultFile)

AdcdResultFile 
*          1    00000b60    00000018     UNINITIALIZED
                  00000b60    00000018     F2837xS_GlobalVariableDefs.obj (AdcdResultFile)

CpuTimer0RegsFile 
*          1    00000c00    00000008     UNINITIALIZED
                  00000c00    00000008     F2837xS_GlobalVariableDefs.obj (CpuTimer0RegsFile)

CpuTimer1RegsFile 
*          1    00000c08    00000008     UNINITIALIZED
                  00000c08    00000008     F2837xS_GlobalVariableDefs.obj (CpuTimer1RegsFile)

CpuTimer2RegsFile 
*          1    00000c10    00000008     UNINITIALIZED
                  00000c10    00000008     F2837xS_GlobalVariableDefs.obj (CpuTimer2RegsFile)

PieCtrlRegsFile 
*          1    00000ce0    0000001a     UNINITIALIZED
                  00000ce0    0000001a     F2837xS_GlobalVariableDefs.obj (PieCtrlRegsFile)

PieVectTableFile 
*          1    00000d00    000001c0     UNINITIALIZED
                  00000d00    000001c0     F2837xS_GlobalVariableDefs.obj (PieVectTableFile)

EmuBModeVar 
*          1    00000d00    00000001     UNINITIALIZED
                  00000d00    00000001     F2837xS_GlobalVariableDefs.obj (EmuBModeVar)

EmuBootPinsVar 
*          1    00000d01    00000001     UNINITIALIZED
                  00000d01    00000001     F2837xS_GlobalVariableDefs.obj (EmuBootPinsVar)

DmaRegsFile 
*          1    00001000    000000e0     UNINITIALIZED
                  00001000    000000e0     F2837xS_GlobalVariableDefs.obj (DmaRegsFile)

Cla1RegsFile 
*          1    00001400    0000003e     UNINITIALIZED
                  00001400    0000003e     F2837xS_GlobalVariableDefs.obj (Cla1RegsFile)

EPwm1RegsFile 
*          1    00004000    00000100     UNINITIALIZED
                  00004000    00000100     F2837xS_GlobalVariableDefs.obj (EPwm1RegsFile)

EPwm2RegsFile 
*          1    00004100    00000100     UNINITIALIZED
                  00004100    00000100     F2837xS_GlobalVariableDefs.obj (EPwm2RegsFile)

EPwm3RegsFile 
*          1    00004200    00000100     UNINITIALIZED
                  00004200    00000100     F2837xS_GlobalVariableDefs.obj (EPwm3RegsFile)

EPwm4RegsFile 
*          1    00004300    00000100     UNINITIALIZED
                  00004300    00000100     F2837xS_GlobalVariableDefs.obj (EPwm4RegsFile)

EPwm5RegsFile 
*          1    00004400    00000100     UNINITIALIZED
                  00004400    00000100     F2837xS_GlobalVariableDefs.obj (EPwm5RegsFile)

EPwm6RegsFile 
*          1    00004500    00000100     UNINITIALIZED
                  00004500    00000100     F2837xS_GlobalVariableDefs.obj (EPwm6RegsFile)

EPwm7RegsFile 
*          1    00004600    00000100     UNINITIALIZED
                  00004600    00000100     F2837xS_GlobalVariableDefs.obj (EPwm7RegsFile)

EPwm8RegsFile 
*          1    00004700    00000100     UNINITIALIZED
                  00004700    00000100     F2837xS_GlobalVariableDefs.obj (EPwm8RegsFile)

EPwm9RegsFile 
*          1    00004800    00000100     UNINITIALIZED
                  00004800    00000100     F2837xS_GlobalVariableDefs.obj (EPwm9RegsFile)

EPwm10RegsFile 
*          1    00004900    00000100     UNINITIALIZED
                  00004900    00000100     F2837xS_GlobalVariableDefs.obj (EPwm10RegsFile)

EPwm11RegsFile 
*          1    00004a00    00000100     UNINITIALIZED
                  00004a00    00000100     F2837xS_GlobalVariableDefs.obj (EPwm11RegsFile)

EPwm12RegsFile 
*          1    00004b00    00000100     UNINITIALIZED
                  00004b00    00000100     F2837xS_GlobalVariableDefs.obj (EPwm12RegsFile)

ECap1RegsFile 
*          1    00005000    00000020     UNINITIALIZED
                  00005000    00000020     F2837xS_GlobalVariableDefs.obj (ECap1RegsFile)

ECap2RegsFile 
*          1    00005020    00000020     UNINITIALIZED
                  00005020    00000020     F2837xS_GlobalVariableDefs.obj (ECap2RegsFile)

ECap3RegsFile 
*          1    00005040    00000020     UNINITIALIZED
                  00005040    00000020     F2837xS_GlobalVariableDefs.obj (ECap3RegsFile)

ECap4RegsFile 
*          1    00005060    00000020     UNINITIALIZED
                  00005060    00000020     F2837xS_GlobalVariableDefs.obj (ECap4RegsFile)

ECap5RegsFile 
*          1    00005080    00000020     UNINITIALIZED
                  00005080    00000020     F2837xS_GlobalVariableDefs.obj (ECap5RegsFile)

ECap6RegsFile 
*          1    000050a0    00000020     UNINITIALIZED
                  000050a0    00000020     F2837xS_GlobalVariableDefs.obj (ECap6RegsFile)

EQep1RegsFile 
*          1    00005100    00000022     UNINITIALIZED
                  00005100    00000022     F2837xS_GlobalVariableDefs.obj (EQep1RegsFile)

EQep2RegsFile 
*          1    00005140    00000022     UNINITIALIZED
                  00005140    00000022     F2837xS_GlobalVariableDefs.obj (EQep2RegsFile)

EQep3RegsFile 
*          1    00005180    00000022     UNINITIALIZED
                  00005180    00000022     F2837xS_GlobalVariableDefs.obj (EQep3RegsFile)

DacaRegsFile 
*          1    00005c00    00000008     UNINITIALIZED
                  00005c00    00000008     F2837xS_GlobalVariableDefs.obj (DacaRegsFile)

DacbRegsFile 
*          1    00005c10    00000008     UNINITIALIZED
                  00005c10    00000008     F2837xS_GlobalVariableDefs.obj (DacbRegsFile)

DaccRegsFile 
*          1    00005c20    00000008     UNINITIALIZED
                  00005c20    00000008     F2837xS_GlobalVariableDefs.obj (DaccRegsFile)

Sdfm1RegsFile 
*          1    00005e00    00000080     UNINITIALIZED
                  00005e00    00000080     F2837xS_GlobalVariableDefs.obj (Sdfm1RegsFile)

Sdfm2RegsFile 
*          1    00005e80    00000080     UNINITIALIZED
                  00005e80    00000080     F2837xS_GlobalVariableDefs.obj (Sdfm2RegsFile)

McbspaRegsFile 
*          1    00006000    00000024     UNINITIALIZED
                  00006000    00000024     F2837xS_GlobalVariableDefs.obj (McbspaRegsFile)

McbspbRegsFile 
*          1    00006040    00000024     UNINITIALIZED
                  00006040    00000024     F2837xS_GlobalVariableDefs.obj (McbspbRegsFile)

SpiaRegsFile 
*          1    00006100    00000010     UNINITIALIZED
                  00006100    00000010     F2837xS_GlobalVariableDefs.obj (SpiaRegsFile)

SpibRegsFile 
*          1    00006110    00000010     UNINITIALIZED
                  00006110    00000010     F2837xS_GlobalVariableDefs.obj (SpibRegsFile)

SpicRegsFile 
*          1    00006120    00000010     UNINITIALIZED
                  00006120    00000010     F2837xS_GlobalVariableDefs.obj (SpicRegsFile)

UppRegsFile 
*          1    00006200    00000048     UNINITIALIZED
                  00006200    00000048     F2837xS_GlobalVariableDefs.obj (UppRegsFile)

WdRegsFile 
*          1    00007000    0000002b     UNINITIALIZED
                  00007000    0000002b     F2837xS_GlobalVariableDefs.obj (WdRegsFile)

NmiIntruptRegsFile 
*          1    00007060    00000007     UNINITIALIZED
                  00007060    00000007     F2837xS_GlobalVariableDefs.obj (NmiIntruptRegsFile)

XintRegsFile 
*          1    00007070    0000000b     UNINITIALIZED
                  00007070    0000000b     F2837xS_GlobalVariableDefs.obj (XintRegsFile)

SciaRegsFile 
*          1    00007200    00000010     UNINITIALIZED
                  00007200    00000010     F2837xS_GlobalVariableDefs.obj (SciaRegsFile)

ScibRegsFile 
*          1    00007210    00000010     UNINITIALIZED
                  00007210    00000010     F2837xS_GlobalVariableDefs.obj (ScibRegsFile)

ScicRegsFile 
*          1    00007220    00000010     UNINITIALIZED
                  00007220    00000010     F2837xS_GlobalVariableDefs.obj (ScicRegsFile)

ScidRegsFile 
*          1    00007230    00000010     UNINITIALIZED
                  00007230    00000010     F2837xS_GlobalVariableDefs.obj (ScidRegsFile)

I2caRegsFile 
*          1    00007300    00000022     UNINITIALIZED
                  00007300    00000022     F2837xS_GlobalVariableDefs.obj (I2caRegsFile)

I2cbRegsFile 
*          1    00007340    00000022     UNINITIALIZED
                  00007340    00000022     F2837xS_GlobalVariableDefs.obj (I2cbRegsFile)

AdcaRegsFile 
*          1    00007400    00000080     UNINITIALIZED
                  00007400    00000080     F2837xS_GlobalVariableDefs.obj (AdcaRegsFile)

AdcbRegsFile 
*          1    00007480    00000080     UNINITIALIZED
                  00007480    00000080     F2837xS_GlobalVariableDefs.obj (AdcbRegsFile)

AdccRegsFile 
*          1    00007500    00000080     UNINITIALIZED
                  00007500    00000080     F2837xS_GlobalVariableDefs.obj (AdccRegsFile)

AdcdRegsFile 
*          1    00007580    00000080     UNINITIALIZED
                  00007580    00000080     F2837xS_GlobalVariableDefs.obj (AdcdRegsFile)

cla_data   1    00008800    00000032     UNINITIALIZED
                  00008800    00000016     internal_adc.obj (cla_data)
                  00008816    0000000e     ADS8688_adc.obj (cla_data)
                  00008824    0000000a     analog_input.obj (cla_data)
                  0000882e    00000004     io_controller.obj (cla_data)

.scratchpad 
*          1    00008832    0000000a     UNINITIALIZED
                  00008832    0000000a     ADS8688_adc_cla.obj (.scratchpad:Cla1Prog:_cla_task4_read_ADS8688_adc_voltages)
                  00008832    00000002     internal_adc_cla.obj (.scratchpad:Cla1Prog:_cla_task3_process_analog_io)

.const_cla 
*          1    00008800    00000000     UNINITIALIZED

CanaRegsFile 
*          1    00048000    00000164     UNINITIALIZED
                  00048000    00000164     F2837xS_GlobalVariableDefs.obj (CanaRegsFile)

CanbRegsFile 
*          1    0004a000    00000164     UNINITIALIZED
                  0004a000    00000164     F2837xS_GlobalVariableDefs.obj (CanbRegsFile)

AnalogSubsysRegsFile 
*          1    0005d180    00000048     UNINITIALIZED
                  0005d180    00000048     F2837xS_GlobalVariableDefs.obj (AnalogSubsysRegsFile)

Cla1SoftIntRegsFile 
*          1    00000ce0    00000004     DSECT
                  00000ce0    00000004     F2837xS_GlobalVariableDefs.obj (Cla1SoftIntRegsFile)

Cmpss1RegsFile 
*          1    00005c80    00000020     UNINITIALIZED
                  00005c80    00000020     F2837xS_GlobalVariableDefs.obj (Cmpss1RegsFile)

Cmpss2RegsFile 
*          1    00005ca0    00000020     UNINITIALIZED
                  00005ca0    00000020     F2837xS_GlobalVariableDefs.obj (Cmpss2RegsFile)

Cmpss3RegsFile 
*          1    00005cc0    00000020     UNINITIALIZED
                  00005cc0    00000020     F2837xS_GlobalVariableDefs.obj (Cmpss3RegsFile)

Cmpss4RegsFile 
*          1    00005ce0    00000020     UNINITIALIZED
                  00005ce0    00000020     F2837xS_GlobalVariableDefs.obj (Cmpss4RegsFile)

Cmpss5RegsFile 
*          1    00005d00    00000020     UNINITIALIZED
                  00005d00    00000020     F2837xS_GlobalVariableDefs.obj (Cmpss5RegsFile)

Cmpss6RegsFile 
*          1    00005d20    00000020     UNINITIALIZED
                  00005d20    00000020     F2837xS_GlobalVariableDefs.obj (Cmpss6RegsFile)

Cmpss7RegsFile 
*          1    00005d40    00000020     UNINITIALIZED
                  00005d40    00000020     F2837xS_GlobalVariableDefs.obj (Cmpss7RegsFile)

Cmpss8RegsFile 
*          1    00005d60    00000020     UNINITIALIZED
                  00005d60    00000020     F2837xS_GlobalVariableDefs.obj (Cmpss8RegsFile)

InputXbarRegsFile 
*          1    00007900    00000020     UNINITIALIZED
                  00007900    00000020     F2837xS_GlobalVariableDefs.obj (InputXbarRegsFile)

XbarRegsFile 
*          1    00007920    00000020     UNINITIALIZED
                  00007920    00000020     F2837xS_GlobalVariableDefs.obj (XbarRegsFile)

SyncSocRegsFile 
*          1    00007940    00000006     UNINITIALIZED
                  00007940    00000006     F2837xS_GlobalVariableDefs.obj (SyncSocRegsFile)

DmaClaSrcSelRegsFile 
*          1    00007980    0000001a     UNINITIALIZED
                  00007980    0000001a     F2837xS_GlobalVariableDefs.obj (DmaClaSrcSelRegsFile)

EPwmXbarRegsFile 
*          1    00007a00    00000040     UNINITIALIZED
                  00007a00    00000040     F2837xS_GlobalVariableDefs.obj (EPwmXbarRegsFile)

OutputXbarRegsFile 
*          1    00007a80    00000040     UNINITIALIZED
                  00007a80    00000040     F2837xS_GlobalVariableDefs.obj (OutputXbarRegsFile)

GpioCtrlRegsFile 
*          1    00007c00    00000180     UNINITIALIZED
                  00007c00    00000180     F2837xS_GlobalVariableDefs.obj (GpioCtrlRegsFile)

GpioDataRegsFile 
*          1    00007f00    00000030     UNINITIALIZED
                  00007f00    00000030     F2837xS_GlobalVariableDefs.obj (GpioDataRegsFile)

Emif1RegsFile 
*          1    00047000    00000070     UNINITIALIZED
                  00047000    00000070     F2837xS_GlobalVariableDefs.obj (Emif1RegsFile)

Emif2RegsFile 
*          1    00047800    00000070     UNINITIALIZED
                  00047800    00000070     F2837xS_GlobalVariableDefs.obj (Emif2RegsFile)

FlashPumpSemaphoreRegsFile 
*          1    00050024    00000002     UNINITIALIZED
                  00050024    00000002     F2837xS_GlobalVariableDefs.obj (FlashPumpSemaphoreRegsFile)

RomPrefetchRegsFile 
*          1    0005e608    00000002     UNINITIALIZED
                  0005e608    00000002     F2837xS_GlobalVariableDefs.obj (RomPrefetchRegsFile)

DcsmZ1RegsFile 
*          1    0005f000    00000024     UNINITIALIZED
                  0005f000    00000024     F2837xS_GlobalVariableDefs.obj (DcsmZ1RegsFile)

DcsmZ2RegsFile 
*          1    0005f040    00000024     UNINITIALIZED
                  0005f040    00000024     F2837xS_GlobalVariableDefs.obj (DcsmZ2RegsFile)

DcsmCommonRegsFile 
*          1    0005f070    00000008     UNINITIALIZED
                  0005f070    00000008     F2837xS_GlobalVariableDefs.obj (DcsmCommonRegsFile)

MemCfgRegsFile 
*          1    0005f400    00000080     UNINITIALIZED
                  0005f400    00000080     F2837xS_GlobalVariableDefs.obj (MemCfgRegsFile)

Emif1ConfigRegsFile 
*          1    0005f480    00000020     UNINITIALIZED
                  0005f480    00000020     F2837xS_GlobalVariableDefs.obj (Emif1ConfigRegsFile)

Emif2ConfigRegsFile 
*          1    0005f4a0    00000020     UNINITIALIZED
                  0005f4a0    00000020     F2837xS_GlobalVariableDefs.obj (Emif2ConfigRegsFile)

AccessProtectionRegsFile 
*          1    0005f4c0    00000040     UNINITIALIZED
                  0005f4c0    00000040     F2837xS_GlobalVariableDefs.obj (AccessProtectionRegsFile)

MemoryErrorRegsFile 
*          1    0005f500    00000040     UNINITIALIZED
                  0005f500    00000040     F2837xS_GlobalVariableDefs.obj (MemoryErrorRegsFile)

RomWaitStateRegsFile 
*          1    0005f540    00000002     UNINITIALIZED
                  0005f540    00000002     F2837xS_GlobalVariableDefs.obj (RomWaitStateRegsFile)

Flash0CtrlRegsFile 
*          1    0005f800    00000182     UNINITIALIZED
                  0005f800    00000182     F2837xS_GlobalVariableDefs.obj (Flash0CtrlRegsFile)

Flash0EccRegsFile 
*          1    0005fb00    00000028     UNINITIALIZED
                  0005fb00    00000028     F2837xS_GlobalVariableDefs.obj (Flash0EccRegsFile)

Flash1CtrlRegsFile 
*          1    0005fc00    00000182     UNINITIALIZED
                  0005fc00    00000182     F2837xS_GlobalVariableDefs.obj (Flash1CtrlRegsFile)

Flash1EccRegsFile 
*          1    0005ff00    00000028     UNINITIALIZED
                  0005ff00    00000028     F2837xS_GlobalVariableDefs.obj (Flash1EccRegsFile)

DevCfgRegsFile 
*          1    0005d000    0000012e     UNINITIALIZED
                  0005d000    0000012e     F2837xS_GlobalVariableDefs.obj (DevCfgRegsFile)

ClkCfgRegsFile 
*          1    0005d200    00000032     UNINITIALIZED
                  0005d200    00000032     F2837xS_GlobalVariableDefs.obj (ClkCfgRegsFile)

CpuSysRegsFile 
*          1    0005d300    00000082     UNINITIALIZED
                  0005d300    00000082     F2837xS_GlobalVariableDefs.obj (CpuSysRegsFile)

.text      0    00080004    00004e0b     
                  00080004    00000a97     experimental_inputs.obj (.text)
                  00080a9b    000005dc     printf_json.obj (.text)
                  00081077    00000585     F2837xS_DefaultISR.obj (.text:retain)
                  000815fc    000004fc     F2837xS_SysCtrl.obj (.text)
                  00081af8    000004e0     experimental_outputs.obj (.text)
                  00081fd8    00000428     io_controller.obj (.text)
                  00082400    000003f7     ti_launchpad.obj (.text)
                  000827f7    000003e9     tic_toc.obj (.text)
                  00082be0    000002b1     misc.obj (.text)
                  00082e91    00000247     cpu_timers.obj (.text)
                  000830d8    0000020e     spi.obj (.text)
                  000832e6    000001f8     rts2800_fpu32.lib : strtod.c.obj (.text)
                  000834de    000001d3                       : memory.c.obj (.text)
                  000836b1    000001c9     F2837xS_Gpio.obj (.text)
                  0008387a    00000188     daughterboard.obj (.text)
                  00083a02    0000014d     serial_link.obj (.text)
                  00083b4f    0000013f     rts2800_fpu32.lib : strtoll.c.obj (.text)
                  00083c8e    00000138     dsp_output.obj (.text)
                  00083dc6    0000012d     internal_adc.obj (.text)
                  00083ef3    00000129     cla.obj (.text)
                  0008401c    00000125     scia.obj (.text)
                  00084141    0000011f     digital_io.obj (.text)
                  00084260    00000108     ADS8688_adc.obj (.text)
                  00084368    00000108     analog_input.obj (.text)
                  00084470    00000103     rts2800_fpu32.lib : strtoull.c.obj (.text)
                  00084573    000000e9     F2837xS_Adc.obj (.text)
                  0008465c    000000e9     rts2800_fpu32.lib : s_floor.c.obj (.text)
                  00084745    000000d3                       : strtol.c.obj (.text)
                  00084818    000000cf                       : e_fmodf.c.obj (.text)
                  000848e7    000000b1                       : strtoul.c.obj (.text)
                  00084998    000000b0     ring_buffer.obj (.text)
                  00084a48    00000094     rts2800_fpu32.lib : s_round.c.obj (.text)
                  00084adc    0000007a                       : vec_newdel.c.obj (.text)
                  00084b56    00000059                       : s_floorf.c.obj (.text)
                  00084baf    00000056                       : boot28.asm.obj (.text)
                  00084c05    00000040     extract_json.obj (.text)
                  00084c45    00000038     rts2800_fpu32.lib : dtor_list.c.obj (.text)
                  00084c7d    00000036     leds.obj (.text)
                  00084cb3    0000002f     tiny_json.obj (.text)
                  00084ce2    0000002e     em_main.obj (.text)
                  00084d10    00000029     rts2800_fpu32.lib : exit.c.obj (.text)
                  00084d39    00000025                       : signal.c.obj (.text)
                  00084d5e    00000024                       : cpy_tbl.c.obj (.text)
                  00084d82    0000001d                       : memcpy.c.obj (.text)
                  00084d9f    00000018                       : ti_fenv.c.obj (.text)
                  00084db7    00000012                       : args_main.c.obj (.text)
                  00084dc9    00000011     F2837xS_PieVect.obj (.text)
                  00084dda    0000000e     rts2800_fpu32.lib : new.c.obj (.text)
                  00084de8    0000000b                       : u_div28.asm.obj (.text)
                  00084df3    0000000a                       : strcmp.c.obj (.text)
                  00084dfd    00000006                       : memset.c.obj (.text)
                  00084e03    00000005                       : delete.c.obj (.text)
                  00084e08    00000003                       : error.c.obj (.text)
                  00084e0b    00000002                       : pre_init.c.obj (.text)
                  00084e0d    00000001                       : _lock.c.obj (.text)
                  00084e0e    00000001                       : startup.c.obj (.text)

.ebss.1    1    0000883c    000002c0     UNINITIALIZED
                  0000883c    00000004     rts2800_fpu32.lib : memory.c.obj (.ebss)
                  00008840    000000cc     io_controller.obj (.ebss)
                  0000890c    00000030     digital_io.obj (.ebss)
                  0000893c    00000003     rts2800_fpu32.lib : ti_fenv.c.obj (.ebss)
                  0000893f    00000001     internal_adc.obj (.ebss)
                  00008940    000000ca     experimental_outputs.obj (.ebss)
                  00008a0a    00000026     analog_input.obj (.ebss)
                  00008a30    0000000c     printf_json.obj (.ebss:_blank_json_object)
                  00008a3c    00000002     rts2800_fpu32.lib : _lock.c.obj (.ebss:__lock)
                  00008a3e    00000001                       : errno.c.obj (.ebss)
                  00008a3f    00000001     --HOLE--
                  00008a40    000000bc     cpu_timers.obj (.ebss)

.ebss.2    1    00008b00    0000013c     UNINITIALIZED
                  00008b00    0000009a     tic_toc.obj (.ebss)
                  00008b9a    00000020     scia.obj (.ebss)
                  00008bba    00000006     daughterboard.obj (.ebss:_db_board_sense$2)
                  00008bc0    00000070     ti_launchpad.obj (.ebss)
                  00008c30    0000000c     tic_toc.obj (.ebss:_total_tics_per_step)

.ebss.3    1    00008c40    000000fc     UNINITIALIZED
                  00008c40    00000066     daughterboard.obj (.ebss:_db_board_settings$2)
                  00008ca6    0000001a     ADS8688_adc.obj (.ebss)
                  00008cc0    00000064     daughterboard.obj (.ebss)
                  00008d24    00000018     printf_json.obj (.ebss)

.ebss.4    1    00008d40    0000007e     UNINITIALIZED
                  00008d40    00000064     dsp_output.obj (.ebss)
                  00008da4    0000000c     rts2800_fpu32.lib : dtor_list.c.obj (.ebss)
                  00008db0    00000008     ti_launchpad.obj (.ebss:_sci_settings)
                  00008db8    00000006     rts2800_fpu32.lib : exit.c.obj (.ebss)

.ebss.5    1    00008dc0    0000005e     UNINITIALIZED
                  00008dc0    00000058     serial_link.obj (.ebss)
                  00008e18    00000006     version.obj (.ebss)

.ebss.6    1    00008e40    00000040     UNINITIALIZED
                  00008e40    00000040     rts2800_fpu32.lib : signal.c.obj (.ebss:_sigTable$34)

.ebss.7    1    0000c000    00000400     UNINITIALIZED
                  0000c000    0000037c     experimental_inputs.obj (.ebss)
                  0000c37c    00000004     misc.obj (.ebss)
                  0000c380    00000078     ti_launchpad.obj (.ebss:_ti_board_settings)
                  0000c3f8    00000008     cla.obj (.ebss:_is_cla_task_enabled)

MODULE SUMMARY

       Module                           code    initialized data   uninitialized data
       ------                           ----    ----------------   ------------------
    ./77S_ti_source/
       F2837xS_GlobalVariableDefs.obj   0       0                  9085              
       F2837xS_SysCtrl.obj              1584    0                  0                 
       F2837xS_DefaultISR.obj           1413    0                  0                 
       F2837xS_PieVect.obj              17      448                0                 
       F2837xS_Gpio.obj                 457     0                  0                 
       F2837xS_Adc.obj                  233     0                  0                 
       F2837xS_usDelay.obj              8       0                  0                 
       F2837xS_CodeStartBranch.obj      2       0                  0                 
    +--+--------------------------------+-------+------------------+--------------------+
       Total:                           3714    448                9085              
                                                                                     
    ./common/
       ti_launchpad.obj                 1015    704                240               
       daughterboard.obj                392     157                208               
       em_main.obj                      402     0                  0                 
       version.obj                      0       0                  6                 
    +--+--------------------------------+-------+------------------+--------------------+
       Total:                           1809    861                454               
                                                                                     
    ./common/analog_io/
       analog_input.obj                 684     391                48                
       ADS8688_adc_cla.obj              724     0                  10                
       ADS8688_adc.obj                  384     202                40                
       internal_adc.obj                 301     114                23                
       internal_adc_cla.obj             312     0                  2                 
    +--+--------------------------------+-------+------------------+--------------------+
       Total:                           2405    707                123               
                                                                                     
    ./common/digital_io/
       digital_io.obj                   893     420                48                
    +--+--------------------------------+-------+------------------+--------------------+
       Total:                           893     420                48                
                                                                                     
    ./common/dsp_output/
       dsp_output.obj                   1968    889                100               
    +--+--------------------------------+-------+------------------+--------------------+
       Total:                           1968    889                100               
                                                                                     
    ./common/experiment/
       experimental_inputs.obj          5099    2318               892               
       io_controller.obj                3102    1180               208               
       experimental_outputs.obj         1662    0                  202               
       io_controller_cla.obj            104     0                  0                 
    +--+--------------------------------+-------+------------------+--------------------+
       Total:                           9967    3498               1302              
                                                                                     
    ./common/internal/
       tic_toc.obj                      1365    392                166               
       cpu_timers.obj                   1029    109                188               
       scia.obj                         805     123                32                
       spi.obj                          526     60                 0                 
       cla.obj                          297     84                 8                 
       status_messages.obj              200     0                  0                 
       tic_toc_cla.obj                  136     0                  0                 
       leds.obj                         118     0                  0                 
       sci.obj                          0       79                 0                 
    +--+--------------------------------+-------+------------------+--------------------+
       Total:                           4476    847                394               
                                                                                     
    ./common/serial/
       printf_json.obj                  4452    680                36                
       extract_json.obj                 2744    385                0                 
       printf_raw.obj                   2172    2                  0                 
       serial_link.obj                  1131    637                88                
       tiny_json.obj                    1017    57                 0                 
    +--+--------------------------------+-------+------------------+--------------------+
       Total:                           11516   1761               124               
                                                                                     
    ./common/support/
       misc.obj                         771     400                4                 
       ring_buffer.obj                  582     19                 0                 
       memcpy_fast.obj                  14      0                  0                 
    +--+--------------------------------+-------+------------------+--------------------+
       Total:                           1367    419                4                 
                                                                                     
    /var/tmp/
       TIcwQlaoEzF                      0       1311               0                 
    +--+--------------------------------+-------+------------------+--------------------+
       Total:                           0       1311               0                 
                                                                                     
    /Applications/ti/ccs1010/ccs/tools/compiler/ti-cgt-c2000_20.2.1.LTS/lib/rts2800_fpu32.lib
       strtod.c.obj                     504     44                 0                 
       ll_div28.asm.obj                 526     0                  0                 
       memory.c.obj                     467     0                  4                 
       strtoll.c.obj                    319     0                  0                 
       fd_add28.asm.obj                 312     0                  0                 
       fd_div28.asm.obj                 278     0                  0                 
       fs_div28.asm.obj                 272     0                  0                 
       fd_mpy28.asm.obj                 262     0                  0                 
       strtoull.c.obj                   259     0                  0                 
       ctype.c.obj                      0       257                0                 
       s_floor.c.obj                    233     0                  0                 
       e_fmodf.c.obj                    207     4                  0                 
       strtol.c.obj                     211     0                  0                 
       s_scalbnf.c.obj                  188     0                  0                 
       strtoul.c.obj                    177     0                  0                 
       s_round.c.obj                    148     0                  0                 
       vec_newdel.c.obj                 122     2                  0                 
       signal.c.obj                     37      0                  64                
       s_lroundl.c.obj                  90      0                  0                 
       s_floorf.c.obj                   89      0                  0                 
       boot28.asm.obj                   86      0                  0                 
       fd_cmp28.asm.obj                 84      0                  0                 
       fs_toullfpu32.asm.obj            74      0                  0                 
       ll_tofd28.asm.obj                72      0                  0                 
       fd_tofsfpu32.asm.obj             70      0                  0                 
       dtor_list.c.obj                  56      0                  12                
       ull_tofd28.asm.obj               64      0                  0                 
       fd_tol28.asm.obj                 62      0                  0                 
       fd_toll28.asm.obj                62      0                  0                 
       exit.c.obj                       41      14                 6                 
       ll_cmp28.asm.obj                 60      0                  0                 
       i_tofd28.asm.obj                 58      0                  0                 
       fd_toull28.asm.obj               56      0                  0                 
       fs_tofdfpu32.asm.obj             56      0                  0                 
       l_tofd28.asm.obj                 56      0                  0                 
       fd_toul28.asm.obj                54      0                  0                 
       fd_tou28.asm.obj                 52      0                  0                 
       ll_aox28.asm.obj                 48      0                  0                 
       s_fabs.c.obj                     46      0                  0                 
       u_tofd28.asm.obj                 46      0                  0                 
       ul_tofd28.asm.obj                44      0                  0                 
       ll_mpy28.asm.obj                 40      0                  0                 
       s_llroundl.c.obj                 40      0                  0                 
       cpy_tbl.c.obj                    36      0                  0                 
       ull_tofsfpu32.asm.obj            34      0                  0                 
       memcpy.c.obj                     29      0                  0                 
       fd_sub28.asm.obj                 28      0                  0                 
       ti_fenv.c.obj                    24      0                  3                 
       args_main.c.obj                  18      0                  0                 
       fd_neg28.asm.obj                 18      0                  0                 
       new.c.obj                        14      0                  0                 
       u_div28.asm.obj                  11      0                  0                 
       strcmp.c.obj                     10      0                  0                 
       memset.c.obj                     6       0                  0                 
       delete.c.obj                     5       0                  0                 
       _lock.c.obj                      1       0                  2                 
       error.c.obj                      3       0                  0                 
       pre_init.c.obj                   2       0                  0                 
       vars.c.obj                       0       2                  0                 
       errno.c.obj                      0       0                  1                 
       startup.c.obj                    1       0                  0                 
    +--+--------------------------------+-------+------------------+--------------------+
       Total:                           6268    323                92                
                                                                                     
       Heap:                            0       0                  61440             
       Stack:                           0       0                  1024              
    +--+--------------------------------+-------+------------------+--------------------+
       Grand Total:                     44383   11484              74190             


GLOBAL DATA SYMBOLS: SORTED BY DATA PAGE

address     data page           name
--------    ----------------    ----
00000130       4 (00000100)     __stack

00000b00      2c (00000b00)     _AdcaResultRegs
00000b20      2c (00000b00)     _AdcbResultRegs

00000b40      2d (00000b40)     _AdccResultRegs
00000b60      2d (00000b40)     _AdcdResultRegs

00000c00      30 (00000c00)     _CpuTimer0Regs
00000c08      30 (00000c00)     _CpuTimer1Regs
00000c10      30 (00000c00)     _CpuTimer2Regs

00000ce0      33 (00000cc0)     _Cla1SoftIntRegs
00000ce0      33 (00000cc0)     _PieCtrlRegs

00000d00      34 (00000d00)     _EmuBMode
00000d00      34 (00000d00)     _PieVectTable
00000d01      34 (00000d00)     _EmuBootPins

00001000      40 (00001000)     _DmaRegs

00001400      50 (00001400)     _Cla1Regs

00004000     100 (00004000)     _EPwm1Regs

00004100     104 (00004100)     _EPwm2Regs

00004200     108 (00004200)     _EPwm3Regs

00004300     10c (00004300)     _EPwm4Regs

00004400     110 (00004400)     _EPwm5Regs

00004500     114 (00004500)     _EPwm6Regs

00004600     118 (00004600)     _EPwm7Regs

00004700     11c (00004700)     _EPwm8Regs

00004800     120 (00004800)     _EPwm9Regs

00004900     124 (00004900)     _EPwm10Regs

00004a00     128 (00004a00)     _EPwm11Regs

00004b00     12c (00004b00)     _EPwm12Regs

00005000     140 (00005000)     _ECap1Regs
00005020     140 (00005000)     _ECap2Regs

00005040     141 (00005040)     _ECap3Regs
00005060     141 (00005040)     _ECap4Regs

00005080     142 (00005080)     _ECap5Regs
000050a0     142 (00005080)     _ECap6Regs

00005100     144 (00005100)     _EQep1Regs

00005140     145 (00005140)     _EQep2Regs

00005180     146 (00005180)     _EQep3Regs

00005c00     170 (00005c00)     _DacaRegs
00005c10     170 (00005c00)     _DacbRegs
00005c20     170 (00005c00)     _DaccRegs

00005c80     172 (00005c80)     _Cmpss1Regs
00005ca0     172 (00005c80)     _Cmpss2Regs

00005cc0     173 (00005cc0)     _Cmpss3Regs
00005ce0     173 (00005cc0)     _Cmpss4Regs

00005d00     174 (00005d00)     _Cmpss5Regs
00005d20     174 (00005d00)     _Cmpss6Regs

00005d40     175 (00005d40)     _Cmpss7Regs
00005d60     175 (00005d40)     _Cmpss8Regs

00005e00     178 (00005e00)     _Sdfm1Regs

00005e80     17a (00005e80)     _Sdfm2Regs

00006000     180 (00006000)     _McbspaRegs

00006040     181 (00006040)     _McbspbRegs

00006100     184 (00006100)     _SpiaRegs
00006110     184 (00006100)     _SpibRegs
00006120     184 (00006100)     _SpicRegs

00006200     188 (00006200)     _UppRegs

00007000     1c0 (00007000)     _WdRegs

00007060     1c1 (00007040)     _NmiIntruptRegs
00007070     1c1 (00007040)     _XintRegs

00007200     1c8 (00007200)     _SciaRegs
00007210     1c8 (00007200)     _ScibRegs
00007220     1c8 (00007200)     _ScicRegs
00007230     1c8 (00007200)     _ScidRegs

00007300     1cc (00007300)     _I2caRegs

00007340     1cd (00007340)     _I2cbRegs

00007400     1d0 (00007400)     _AdcaRegs

00007480     1d2 (00007480)     _AdcbRegs

00007500     1d4 (00007500)     _AdccRegs

00007580     1d6 (00007580)     _AdcdRegs

00007900     1e4 (00007900)     _InputXbarRegs
00007920     1e4 (00007900)     _XbarRegs

00007940     1e5 (00007940)     _SyncSocRegs

00007980     1e6 (00007980)     _DmaClaSrcSelRegs

00007a00     1e8 (00007a00)     _EPwmXbarRegs

00007a80     1ea (00007a80)     _OutputXbarRegs

00007c00     1f0 (00007c00)     _GpioCtrlRegs

00007f00     1fc (00007f00)     _GpioDataRegs

00008800     220 (00008800)     _cla_internal_adc_cycle_count
00008801     220 (00008800)     _cla_internal_adc_conversion_offset
00008802     220 (00008800)     _cla_internal_adc_enabled
00008804     220 (00008800)     _cla_internal_adc_conversion_scale
00008806     220 (00008800)     _cla_ain_result_ptrs
00008816     220 (00008800)     _cla_ADS8688_cycle_count
00008817     220 (00008800)     _cla_ADS8688_adc_enabled
00008818     220 (00008800)     _has_had_fatal_adc_error
0000881a     220 (00008800)     _cla_ADS8688_spi_regs
0000881c     220 (00008800)     _cla_ads8688_channel_to_ain
00008824     220 (00008800)     _cla_analog_in_count
00008825     220 (00008800)     _cla_analog_in_type
00008826     220 (00008800)     _cla_analog_in_voltages
0000882e     220 (00008800)     _cla_uptime_count_32
00008830     220 (00008800)     _cla_uptime_overflow

00008880     222 (00008880)     _command_twiddle
0000888c     222 (00008880)     _command_uptime
00008898     222 (00008880)     _command_reset_clock
000088a4     222 (00008880)     _command_timestamp
000088b0     222 (00008880)     _command_set_input_settings

000088c0     223 (000088c0)     _command_get_input_settings
000088cc     223 (000088c0)     _command_set_input_actions
000088d8     223 (000088c0)     _command_get_input_history
000088e4     223 (000088c0)     _command_set_output_settings
000088f0     223 (000088c0)     _command_get_output_settings

00008900     224 (00008900)     _command_set_output_actions
00008924     224 (00008900)     _command_get_digital_values
00008930     224 (00008900)     _command_set_digital_values
0000893c     224 (00008900)     ___softfloat_float_exception_flags
0000893d     224 (00008900)     ___softfloat_float_exception_mask
0000893e     224 (00008900)     ___softfloat_float_rounding_mode

00008a0b     228 (00008a00)     _voltage_conversion_factor
00008a0c     228 (00008a00)     _command_get_values
00008a18     228 (00008a00)     _command_get_conversion
00008a24     228 (00008a00)     _command_multiplier
00008a30     228 (00008a00)     _blank_json_object
00008a3c     228 (00008a00)     __lock
00008a3e     228 (00008a00)     _errno

00008a40     229 (00008a40)     _cpu_timer0

00008a80     22a (00008a80)     _cpu_timer1

00008ac0     22b (00008ac0)     _cpu_timer2

00008b00     22c (00008b00)     _calibration_step
00008b02     22c (00008b00)     _cla_us_per_div
00008b04     22c (00008b00)     _cpu_us_per_div
00008b06     22c (00008b00)     _cpu_hs_us_per_div
00008b08     22c (00008b00)     _cpu_ts_tics_us_per_div
00008b0a     22c (00008b00)     _sync_counts
00008b0c     22c (00008b00)     _sync_counts_needed
00008b0e     22c (00008b00)     _total_sync_tics
00008b10     22c (00008b00)     _target_calibration_tics
00008b12     22c (00008b00)     _sync_us_per_div
00008b16     22c (00008b00)     _seconds_per_step
00008b1a     22c (00008b00)     _command_calibrate

00008b40     22d (00008b40)     _debug_timestamps

00008bc2     22f (00008bc0)     _command_ti_config
00008bce     22f (00008bc0)     _command_clock_scale

00008c00     230 (00008c00)     _ti_board
00008c30     230 (00008c00)     _total_tics_per_step

00008ca7     232 (00008c80)     _has_printed_fatal_error_count

00008ce6     233 (00008cc0)     _command_db_config

00008d00     234 (00008d00)     _db_board

00008d70     235 (00008d40)     _command_send_codes

00008d80     236 (00008d80)     _command_dsp_test
00008d8c     236 (00008d80)     _command_get_queue
00008d98     236 (00008d80)     _command_set_queue
00008da4     236 (00008d80)     ___atexit_func_id__
00008da8     236 (00008d80)     ___dummy_variable_used_to_force_definition_of__link
00008db8     236 (00008d80)     ___TI_enable_exit_profile_output
00008dba     236 (00008d80)     ___TI_cleanup_ptr
00008dbc     236 (00008d80)     ___TI_dtors_ptr

00008dc2     237 (00008dc0)     _waiting_count
00008dc3     237 (00008dc0)     _sec_until_waiting
00008dc4     237 (00008dc0)     _sec_until_waiting_reload
00008dc5     237 (00008dc0)     _received_input
00008dc6     237 (00008dc0)     _current_serial_command_len
00008dc7     237 (00008dc0)     _serial_command_is_being_validated
00008dcc     237 (00008dc0)     _serial_command_list
00008dd8     237 (00008dc0)     _command_test_connection
00008de4     237 (00008dc0)     _command_serial_config
00008df0     237 (00008dc0)     _command_echo

00008e00     238 (00008e00)     _command_status
00008e0c     238 (00008e00)     _command_waiting_delay
00008e18     238 (00008e00)     _experimental_monitor_version_str
00008e1a     238 (00008e00)     _compile_date_str
00008e1c     238 (00008e00)     _compile_time_str

0000c400     310 (0000c400)     __sys_memory

00047000    11c0 (00047000)     _Emif1Regs

00047800    11e0 (00047800)     _Emif2Regs

00048000    1200 (00048000)     _CanaRegs

0004a000    1280 (0004a000)     _CanbRegs

00050024    1400 (00050000)     _FlashPumpSemaphoreRegs

0005d000    1740 (0005d000)     _DevCfgRegs

0005d180    1746 (0005d180)     _AnalogSubsysRegs

0005d200    1748 (0005d200)     _ClkCfgRegs

0005d300    174c (0005d300)     _CpuSysRegs

0005e608    1798 (0005e600)     _RomPrefetchRegs

0005f000    17c0 (0005f000)     _DcsmZ1Regs

0005f040    17c1 (0005f040)     _DcsmZ2Regs
0005f070    17c1 (0005f040)     _DcsmCommonRegs

0005f400    17d0 (0005f400)     _MemCfgRegs

0005f480    17d2 (0005f480)     _Emif1ConfigRegs
0005f4a0    17d2 (0005f480)     _Emif2ConfigRegs

0005f4c0    17d3 (0005f4c0)     _AccessProtectionRegs

0005f500    17d4 (0005f500)     _MemoryErrorRegs

0005f540    17d5 (0005f540)     _RomWaitStateRegs

0005f800    17e0 (0005f800)     _Flash0CtrlRegs

0005fb00    17ec (0005fb00)     _Flash0EccRegs

0005fc00    17f0 (0005fc00)     _Flash1CtrlRegs

0005ff00    17fc (0005ff00)     _Flash1EccRegs

00089604    2258 (00089600)     _PieVectTableInit

00089e91    227a (00089e80)     __ctypes_

0008a446    2291 (0008a440)     _base64_char
0008a448    2291 (0008a440)     __new_handler
0008a44a    2291 (0008a440)     ___array_new_prefix_size


GLOBAL SYMBOLS: SORTED ALPHABETICALLY BY Name 

page  address   name                                                                            
----  -------   ----                                                                            
abs   ffffffff  .text                                                                           
0     00084d10  C$$EXIT                                                                         
0     00009151  FD$$ADD                                                                         
0     0000940e  FD$$CMP                                                                         
0     000091ed  FD$$DIV                                                                         
0     00009300  FD$$MPY                                                                         
0     0000961f  FD$$NEG                                                                         
0     00009611  FD$$SUB                                                                         
0     00009481  FD$$TOFS                                                                        
0     000094c4  FD$$TOL                                                                         
0     000094e3  FD$$TOLL                                                                        
0     0000958e  FD$$TOU                                                                         
0     00009573  FD$$TOUL                                                                        
0     0000951f  FD$$TOULL                                                                       
0     00009278  FS$$DIV                                                                         
0     0000953b  FS$$TOFD                                                                        
0     00009438  FS$$TOULL                                                                       
0     00009502  I$$TOFD                                                                         
0     00009557  L$$TOFD                                                                         
0     00009125  LL$$AND                                                                         
0     00009107  LL$$CMP                                                                         
0     00009000  LL$$DIV                                                                         
0     0000903c  LL$$MOD                                                                         
0     0000913d  LL$$MPY                                                                         
0     0000912d  LL$$OR                                                                          
0     0000945d  LL$$TOFD                                                                        
0     00009135  LL$$XOR                                                                         
0     00084de8  U$$DIV                                                                          
0     00084ded  U$$MOD                                                                          
0     000095bf  U$$TOFD                                                                         
0     000095d6  UL$$TOFD                                                                        
0     00009119  ULL$$CMP                                                                        
0     00009076  ULL$$DIV                                                                        
0     000090a5  ULL$$MOD                                                                        
0     000094a4  ULL$$TOFD                                                                       
0     00009600  ULL$$TOFS                                                                       
0     000815f2  _ADCA1_ISR                                                                      
0     000815e8  _ADCA2_ISR                                                                      
0     000815de  _ADCA3_ISR                                                                      
0     000815d4  _ADCA4_ISR                                                                      
0     000815ca  _ADCA_EVT_ISR                                                                   
0     000815c0  _ADCB1_ISR                                                                      
0     000815b6  _ADCB2_ISR                                                                      
0     000815ac  _ADCB3_ISR                                                                      
0     000815a2  _ADCB4_ISR                                                                      
0     00081598  _ADCB_EVT_ISR                                                                   
0     0008158e  _ADCC1_ISR                                                                      
0     00081584  _ADCC2_ISR                                                                      
0     0008157a  _ADCC3_ISR                                                                      
0     00081570  _ADCC4_ISR                                                                      
0     00081566  _ADCC_EVT_ISR                                                                   
0     0008155c  _ADCD1_ISR                                                                      
0     00081552  _ADCD2_ISR                                                                      
0     00081548  _ADCD3_ISR                                                                      
0     0008153e  _ADCD4_ISR                                                                      
0     00081534  _ADCD_EVT_ISR                                                                   
0     00084362  _ADS8688_adc_cla_task_length_in_us__Fv                                          
0     0008152a  _AUX_PLL_SLIP_ISR                                                               
1     0005f4c0  _AccessProtectionRegs                                                           
0     00084573  _AdcSetMode                                                                     
1     00007400  _AdcaRegs                                                                       
1     00000b00  _AdcaResultRegs                                                                 
1     00007480  _AdcbRegs                                                                       
1     00000b20  _AdcbResultRegs                                                                 
1     00007500  _AdccRegs                                                                       
1     00000b40  _AdccResultRegs                                                                 
1     00007580  _AdcdRegs                                                                       
1     00000b60  _AdcdResultRegs                                                                 
1     0005d180  _AnalogSubsysRegs                                                               
0     00081966  _AuxAuxClkSel                                                                   
0     00081981  _AuxIntOsc2Sel                                                                  
0     00081970  _AuxXtalOscSel                                                                  
0     00081520  _CANA0_ISR                                                                      
0     00081516  _CANA1_ISR                                                                      
0     0008150c  _CANB0_ISR                                                                      
0     00081502  _CANB1_ISR                                                                      
0     000814f8  _CLA1_1_ISR                                                                     
0     000814ee  _CLA1_2_ISR                                                                     
0     000814e4  _CLA1_3_ISR                                                                     
0     000814da  _CLA1_4_ISR                                                                     
0     000814d0  _CLA1_5_ISR                                                                     
0     000814c6  _CLA1_6_ISR                                                                     
0     000814bc  _CLA1_7_ISR                                                                     
0     000814b2  _CLA1_8_ISR                                                                     
0     000814a8  _CLA_OVERFLOW_ISR                                                               
0     0008149e  _CLA_UNDERFLOW_ISR                                                              
1     00048000  _CanaRegs                                                                       
1     0004a000  _CanbRegs                                                                       
abs   00000000  _Cla1ConstLoadSize                                                              
1     00008800  _Cla1ConstLoadStart                                                             
1     00008800  _Cla1ConstRunStart                                                              
1     00001400  _Cla1Regs                                                                       
0     00000ce0  _Cla1SoftIntRegs                                                                
0     00087dba  _Cla1funcsLoadEnd                                                               
abs   0000027e  _Cla1funcsLoadSize                                                              
0     00087b3c  _Cla1funcsLoadStart                                                             
0     00008000  _Cla1funcsRunStart                                                              
1     0005d200  _ClkCfgRegs                                                                     
1     00005c80  _Cmpss1Regs                                                                     
1     00005ca0  _Cmpss2Regs                                                                     
1     00005cc0  _Cmpss3Regs                                                                     
1     00005ce0  _Cmpss4Regs                                                                     
1     00005d00  _Cmpss5Regs                                                                     
1     00005d20  _Cmpss6Regs                                                                     
1     00005d40  _Cmpss7Regs                                                                     
1     00005d60  _Cmpss8Regs                                                                     
1     0005d300  _CpuSysRegs                                                                     
1     00000c00  _CpuTimer0Regs                                                                  
1     00000c08  _CpuTimer1Regs                                                                  
1     00000c10  _CpuTimer2Regs                                                                  
0     00081ad7  _CsmUnlock                                                                      
0     00081494  _DATALOG_ISR                                                                    
0     0008148a  _DMA_CH1_ISR                                                                    
0     00081480  _DMA_CH2_ISR                                                                    
0     00081476  _DMA_CH3_ISR                                                                    
[...]
0     0008a44c  cinit                                                                           
0     0008aa94  ___pinit__                                                                      
0     0008aa94  pinit                                                                           
1     00000130  __stack                                                                         
1     00000530  __STACK_END                                                                     
1     00000b00  _AdcaResultRegs                                                                 
1     00000b20  _AdcbResultRegs                                                                 
1     00000b40  _AdccResultRegs                                                                 
1     00000b60  _AdcdResultRegs                                                                 
1     00000c00  _CpuTimer0Regs                                                                  
1     00000c08  _CpuTimer1Regs                                                                  
1     00000c10  _CpuTimer2Regs                                                                  
1     00000ce0  _PieCtrlRegs                                                                    
1     00000d00  _EmuBMode                                                                       
1     00000d00  _PieVectTable                                                                   
1     00000d01  _EmuBootPins                                                                    
1     00001000  _DmaRegs                                                                        
1     00001400  _Cla1Regs                                                                       
1     00004000  _EPwm1Regs                                                                      
1     00004100  _EPwm2Regs                                                                      
1     00004200  _EPwm3Regs                                                                      
1     00004300  _EPwm4Regs                                                                      
1     00004400  _EPwm5Regs                                                                      
1     00004500  _EPwm6Regs                                                                      
1     00004600  _EPwm7Regs                                                                      
1     00004700  _EPwm8Regs                                                                      
1     00004800  _EPwm9Regs                                                                      
1     00004900  _EPwm10Regs                                                                     
1     00004a00  _EPwm11Regs                                                                     
1     00004b00  _EPwm12Regs                                                                     
1     00005000  _ECap1Regs                                                                      
1     00005020  _ECap2Regs                                                                      
1     00005040  _ECap3Regs                                                                      
1     00005060  _ECap4Regs                                                                      
1     00005080  _ECap5Regs                                                                      
1     000050a0  _ECap6Regs                                                                      
1     00005100  _EQep1Regs                                                                      
1     00005140  _EQep2Regs                                                                      
1     00005180  _EQep3Regs                                                                      
1     00005c00  _DacaRegs                                                                       
1     00005c10  _DacbRegs                                                                       
1     00005c20  _DaccRegs                                                                       
1     00005c80  _Cmpss1Regs                                                                     
1     00005ca0  _Cmpss2Regs                                                                     
1     00005cc0  _Cmpss3Regs                                                                     
1     00005ce0  _Cmpss4Regs                                                                     
1     00005d00  _Cmpss5Regs                                                                     
1     00005d20  _Cmpss6Regs                                                                     
1     00005d40  _Cmpss7Regs                                                                     
1     00005d60  _Cmpss8Regs                                                                     
1     00005e00  _Sdfm1Regs                                                                      
1     00005e80  _Sdfm2Regs                                                                      
1     00006000  _McbspaRegs                                                                     
1     00006040  _McbspbRegs                                                                     
1     00006100  _SpiaRegs                                                                       
1     00006110  _SpibRegs                                                                       
1     00006120  _SpicRegs                                                                       
1     00006200  _UppRegs                                                                        
1     00007000  _WdRegs                                                                         
1     00007060  _NmiIntruptRegs                                                                 
1     00007070  _XintRegs                                                                       
1     00007200  _SciaRegs                                                                       
1     00007210  _ScibRegs                                                                       
1     00007220  _ScicRegs                                                                       
1     00007230  _ScidRegs                                                                       
1     00007300  _I2caRegs                                                                       
1     00007340  _I2cbRegs                                                                       
1     00007400  _AdcaRegs                                                                       
1     00007480  _AdcbRegs                                                                       
1     00007500  _AdccRegs                                                                       
1     00007580  _AdcdRegs                                                                       
1     00007900  _InputXbarRegs                                                                  
1     00007920  _XbarRegs                                                                       
1     00007940  _SyncSocRegs                                                                    
1     00007980  _DmaClaSrcSelRegs                                                               
1     00007a00  _EPwmXbarRegs                                                                   
1     00007a80  _OutputXbarRegs                                                                 
1     00007c00  _GpioCtrlRegs                                                                   
1     00007f00  _GpioDataRegs                                                                   
1     00008800  _Cla1ConstLoadStart                                                             
1     00008800  _Cla1ConstRunStart                                                              
1     00008800  _cla_internal_adc_cycle_count                                                   
1     00008801  _cla_internal_adc_conversion_offset                                             
1     00008802  _cla_internal_adc_enabled                                                       
1     00008804  _cla_internal_adc_conversion_scale                                              
1     00008806  _cla_ain_result_ptrs                                                            
1     00008816  _cla_ADS8688_cycle_count                                                        
1     00008817  _cla_ADS8688_adc_enabled                                                        
1     00008818  _has_had_fatal_adc_error                                                        
1     0000881a  _cla_ADS8688_spi_regs                                                           
1     0000881c  _cla_ads8688_channel_to_ain                                                     
1     00008824  _cla_analog_in_count                                                            
1     00008825  _cla_analog_in_type                                                             
1     00008826  _cla_analog_in_voltages                                                         
1     0000882e  _cla_uptime_count_32                                                            
1     00008830  _cla_uptime_overflow                                                            
1     00008880  _command_twiddle                                                                
1     0000888c  _command_uptime                                                                 
1     00008898  _command_reset_clock                                                            
1     000088a4  _command_timestamp                                                              
1     000088b0  _command_set_input_settings                                                     
1     000088c0  _command_get_input_settings                                                     
1     000088cc  _command_set_input_actions                                                      
1     000088d8  _command_get_input_history                                                      
1     000088e4  _command_set_output_settings                                                    
1     000088f0  _command_get_output_settings                                                    
1     00008900  _command_set_output_actions                                                     
1     00008924  _command_get_digital_values                                                     
1     00008930  _command_set_digital_values                                                     
1     0000893c  ___softfloat_float_exception_flags                                              
1     0000893d  ___softfloat_float_exception_mask                                               
1     0000893e  ___softfloat_float_rounding_mode                                                
1     00008a0b  _voltage_conversion_factor                                                      
1     00008a0c  _command_get_values                                                             
1     00008a18  _command_get_conversion                                                         
1     00008a24  _command_multiplier                                                             
1     00008a30  _blank_json_object                                                              
1     00008a3c  __lock                                                                          
1     00008a3e  _errno                                                                          
1     00008a40  _cpu_timer0                                                                     
1     00008a80  _cpu_timer1                                                                     
1     00008ac0  _cpu_timer2                                                                     
1     00008b00  _calibration_step                                                               
1     00008b02  _cla_us_per_div                                                                 
1     00008b04  _cpu_us_per_div                                                                 
1     00008b06  _cpu_hs_us_per_div                                                              
1     00008b08  _cpu_ts_tics_us_per_div                                                         
1     00008b0a  _sync_counts                                                                    
1     00008b0c  _sync_counts_needed                                                             
1     00008b0e  _total_sync_tics                                                                
1     00008b10  _target_calibration_tics                                                        
1     00008b12  _sync_us_per_div                                                                
1     00008b16  _seconds_per_step                                                               
1     00008b1a  _command_calibrate                                                              
1     00008b40  _debug_timestamps                                                               
1     00008bc2  _command_ti_config                                                              
1     00008bce  _command_clock_scale                                                            
1     00008c00  _ti_board                                                                       
1     00008c30  _total_tics_per_step                                                            
1     00008ca7  _has_printed_fatal_error_count                                                  
1     00008ce6  _command_db_config                                                              
1     00008d00  _db_board                                                                       
1     00008d70  _command_send_codes                                                             
1     00008d80  _command_dsp_test                                                               
1     00008d8c  _command_get_queue                                                              
1     00008d98  _command_set_queue                                                              
1     00008da4  ___atexit_func_id__                                                             
1     00008da8  ___dummy_variable_used_to_force_definition_of__link                             
1     00008db8  ___TI_enable_exit_profile_output                                                
1     00008dba  ___TI_cleanup_ptr                                                               
1     00008dbc  ___TI_dtors_ptr                                                                 
1     00008dc2  _waiting_count                                                                  
1     00008dc3  _sec_until_waiting                                                              
1     00008dc4  _sec_until_waiting_reload                                                       
1     00008dc5  _received_input                                                                 
1     00008dc6  _current_serial_command_len                                                     
1     00008dc7  _serial_command_is_being_validated                                              
1     00008dcc  _serial_command_list                                                            
1     00008dd8  _command_test_connection                                                        
1     00008de4  _command_serial_config                                                          
1     00008df0  _command_echo                                                                   
1     00008e00  _command_status                                                                 
1     00008e0c  _command_waiting_delay                                                          
1     00008e18  _experimental_monitor_version_str                                               
1     00008e1a  _compile_date_str                                                               
1     00008e1c  _compile_time_str                                                               
1     0000c400  __sys_memory                                                                    
1     00047000  _Emif1Regs                                                                      
1     00047800  _Emif2Regs                                                                      
1     00048000  _CanaRegs                                                                       
1     0004a000  _CanbRegs                                                                       
1     00050024  _FlashPumpSemaphoreRegs                                                         
1     0005d000  _DevCfgRegs                                                                     
1     0005d180  _AnalogSubsysRegs                                                               
1     0005d200  _ClkCfgRegs                                                                     
1     0005d300  _CpuSysRegs                                                                     
1     0005e608  _RomPrefetchRegs                                                                
1     0005f000  _DcsmZ1Regs                                                                     
1     0005f040  _DcsmZ2Regs                                                                     
1     0005f070  _DcsmCommonRegs                                                                 
1     0005f400  _MemCfgRegs                                                                     
1     0005f480  _Emif1ConfigRegs                                                                
1     0005f4a0  _Emif2ConfigRegs                                                                
1     0005f4c0  _AccessProtectionRegs                                                           
1     0005f500  _MemoryErrorRegs                                                                
1     0005f540  _RomWaitStateRegs                                                               
1     0005f800  _Flash0CtrlRegs                                                                 
1     0005fb00  _Flash0EccRegs                                                                  
1     0005fc00  _Flash1CtrlRegs                                                                 
1     0005ff00  _Flash1EccRegs                                                                  
abs   00000000  _Cla1ConstLoadSize                                                              
abs   0000027e  _Cla1funcsLoadSize                                                              
abs   00000400  __STACK_SIZE                                                                    
abs   00002d2b  _RamfuncsLoadSize                                                               
abs   00002d2b  _RamfuncsRunSize                                                                
abs   0000f000  __SYSMEM_SIZE                                                                   
abs   ffffffff  .text                                                                           
abs   ffffffff  ___TI_pprof_out_hndl                                                            
abs   ffffffff  ___TI_prof_data_size                                                            
abs   ffffffff  ___TI_prof_data_start                                                           
abs   ffffffff  ___binit__                                                                      
abs   ffffffff  ___c_args__                                                                     
abs   ffffffff  ___etext__                                                                      
abs   ffffffff  ___text__                                                                       
abs   ffffffff  binit                                                                           
abs   ffffffff  etext                                                                           

[820 symbols]
