<?xml version="1.0" encoding="ISO-8859-1" ?>
<link_info>
   <banner>TMS320C2000 Linker Unix v20.2.1.LTS</banner>
   <copyright>Copyright (c) 1996-2018 Texas Instruments Incorporated</copyright>
   <link_time>0x5f5eea5c</link_time>
   <link_errors>0x0</link_errors>
   <output_file>EM_CPU1.out</output_file>
   <entry_point>
      <name>_c_int00</name>
      <address>0x111b3</address>
   </entry_point>
   <input_file_list>
      <input_file id="fl-2">
         <path>./77S_ti_source/</path>
         <kind>object</kind>
         <file>F2837xS_Adc.obj</file>
         <name>F2837xS_Adc.obj</name>
      </input_file>
      <input_file id="fl-5">
         <path>./77S_ti_source/</path>
         <kind>object</kind>
         <file>F2837xS_GlobalVariableDefs.obj</file>
         <name>F2837xS_GlobalVariableDefs.obj</name>
      </input_file>
      <input_file id="fl-10">
         <path>./common/</path>
         <kind>object</kind>
         <file>daughterboard.obj</file>
         <name>daughterboard.obj</name>
      </input_file>
      <input_file id="fl-11">
         <path>./common/</path>
         <kind>object</kind>
         <file>em_main.obj</file>
         <name>em_main.obj</name>
      </input_file>
      <input_file id="fl-13">
         <path>./common/</path>
         <kind>object</kind>
         <file>version.obj</file>
         <name>version.obj</name>
      </input_file>
      <input_file id="fl-17">
         <path>./common/experiment/</path>
         <kind>object</kind>
         <file>experimental_outputs.obj</file>
         <name>experimental_outputs.obj</name>
      </input_file>
      <input_file id="fl-1c">
         <path>./common/internal/</path>
         <kind>object</kind>
         <file>leds.obj</file>
         <name>leds.obj</name>
      </input_file>
      <input_file id="fl-20">
         <path>./common/internal/</path>
         <kind>object</kind>
         <file>status_messages.obj</file>
         <name>status_messages.obj</name>
      </input_file>
      <input_file id="fl-25">
         <path>./common/serial/</path>
         <kind>object</kind>
         <file>printf_raw.obj</file>
         <name>printf_raw.obj</name>
      </input_file>
      <input_file id="fl-27">
         <path>./common/serial/</path>
         <kind>object</kind>
         <file>tiny_json.obj</file>
         <name>tiny_json.obj</name>
      </input_file>
      <input_file id="fl-49">
         <path>/Applications/ti/ccs1010/ccs/tools/compiler/ti-cgt-c2000_20.2.1.LTS/lib/</path>
         <kind>archive</kind>
         <file>rts2800_fpu32.lib</file>
         <name>memory.c.obj</name>
      </input_file>
      <input_file id="fl-4a">
         <path>/Applications/ti/ccs1010/ccs/tools/compiler/ti-cgt-c2000_20.2.1.LTS/lib/</path>
         <kind>archive</kind>
         <file>rts2800_fpu32.lib</file>
         <name>vec_newdel.c.obj</name>
      </input_file>
      <input_file id="fl-4b">
         <path>/Applications/ti/ccs1010/ccs/tools/compiler/ti-cgt-c2000_20.2.1.LTS/lib/</path>
         <kind>archive</kind>
         <file>rts2800_fpu32.lib</file>
         <name>error.c.obj</name>
      </input_file>
      <input_file id="fl-4c">
         <path>/Applications/ti/ccs1010/ccs/tools/compiler/ti-cgt-c2000_20.2.1.LTS/lib/</path>
         <kind>archive</kind>
         <file>rts2800_fpu32.lib</file>
         <name>delete.c.obj</name>
      </input_file>
      <input_file id="fl-4d">
         <path>/Applications/ti/ccs1010/ccs/tools/compiler/ti-cgt-c2000_20.2.1.LTS/lib/</path>
         <kind>archive</kind>
         <file>rts2800_fpu32.lib</file>
         <name>array_del.c.obj</name>
      </input_file>
      <input_file id="fl-4e">
         <path>/Applications/ti/ccs1010/ccs/tools/compiler/ti-cgt-c2000_20.2.1.LTS/lib/</path>
         <kind>archive</kind>
         <file>rts2800_fpu32.lib</file>
         <name>memzero.c.obj</name>
      </input_file>
      <input_file id="fl-4f">
         <path>/Applications/ti/ccs1010/ccs/tools/compiler/ti-cgt-c2000_20.2.1.LTS/lib/</path>
         <kind>archive</kind>
         <file>rts2800_fpu32.lib</file>
         <name>new.c.obj</name>
      </input_file>
      <input_file id="fl-50">
         <path>/Applications/ti/ccs1010/ccs/tools/compiler/ti-cgt-c2000_20.2.1.LTS/lib/</path>
         <kind>archive</kind>
         <file>rts2800_fpu32.lib</file>
         <name>newhandler.c.obj</name>
      </input_file>
      <input_file id="fl-51">
         <path>/Applications/ti/ccs1010/ccs/tools/compiler/ti-cgt-c2000_20.2.1.LTS/lib/</path>
         <kind>archive</kind>
         <file>rts2800_fpu32.lib</file>
         <name>array_new.c.obj</name>
      </input_file>
      <input_file id="fl-52">
         <path>/Applications/ti/ccs1010/ccs/tools/compiler/ti-cgt-c2000_20.2.1.LTS/lib/</path>
         <kind>archive</kind>
         <file>rts2800_fpu32.lib</file>
         <name>dtor_list.c.obj</name>
      </input_file>
      <input_file id="fl-54">
         <path>/Applications/ti/ccs1010/ccs/tools/compiler/ti-cgt-c2000_20.2.1.LTS/lib/</path>
         <kind>archive</kind>
         <file>rts2800_fpu32.lib</file>
         <name>_lock.c.obj</name>
      </input_file>
      <input_file id="fl-55">
         <path>/Applications/ti/ccs1010/ccs/tools/compiler/ti-cgt-c2000_20.2.1.LTS/lib/</path>
         <kind>archive</kind>
         <file>rts2800_fpu32.lib</file>
         <name>vars.c.obj</name>
      </input_file>
      <input_file id="fl-59">
         <path>/Applications/ti/ccs1010/ccs/tools/compiler/ti-cgt-c2000_20.2.1.LTS/lib/</path>
         <kind>archive</kind>
         <file>rts2800_fpu32.lib</file>
         <name>pre_init.c.obj</name>
      </input_file>
      <input_file id="fl-5a">
         <path>/Applications/ti/ccs1010/ccs/tools/compiler/ti-cgt-c2000_20.2.1.LTS/lib/</path>
         <kind>archive</kind>
         <file>rts2800_fpu32.lib</file>
         <name>cpy_tbl.c.obj</name>
      </input_file>
      <input_file id="fl-5b">
         <path>/Applications/ti/ccs1010/ccs/tools/compiler/ti-cgt-c2000_20.2.1.LTS/lib/</path>
         <kind>archive</kind>
         <file>rts2800_fpu32.lib</file>
         <name>errno.c.obj</name>
      </input_file>
      <input_file id="fl-5c">
         <path>/Applications/ti/ccs1010/ccs/tools/compiler/ti-cgt-c2000_20.2.1.LTS/lib/</path>
         <kind>archive</kind>
         <file>rts2800_fpu32.lib</file>
         <name>s_fabs.c.obj</name>
      </input_file>
      <input_file id="fl-5d">
         <path>/Applications/ti/ccs1010/ccs/tools/compiler/ti-cgt-c2000_20.2.1.LTS/lib/</path>
         <kind>archive</kind>
         <file>rts2800_fpu32.lib</file>
         <name>s_floorf.c.obj</name>
      </input_file>
      <input_file id="fl-5e">
         <path>/Applications/ti/ccs1010/ccs/tools/compiler/ti-cgt-c2000_20.2.1.LTS/lib/</path>
         <kind>archive</kind>
         <file>rts2800_fpu32.lib</file>
         <name>s_floor.c.obj</name>
      </input_file>
      <input_file id="fl-5f">
         <path>/Applications/ti/ccs1010/ccs/tools/compiler/ti-cgt-c2000_20.2.1.LTS/lib/</path>
         <kind>archive</kind>
         <file>rts2800_fpu32.lib</file>
         <name>e_fmodf.c.obj</name>
      </input_file>
      <input_file id="fl-61">
         <path>/Applications/ti/ccs1010/ccs/tools/compiler/ti-cgt-c2000_20.2.1.LTS/lib/</path>
         <kind>archive</kind>
         <file>rts2800_fpu32.lib</file>
         <name>s_llroundl.c.obj</name>
      </input_file>
      <input_file id="fl-63">
         <path>/Applications/ti/ccs1010/ccs/tools/compiler/ti-cgt-c2000_20.2.1.LTS/lib/</path>
         <kind>archive</kind>
         <file>rts2800_fpu32.lib</file>
         <name>ti_fenv.c.obj</name>
      </input_file>
      <input_file id="fl-64">
         <path>/Applications/ti/ccs1010/ccs/tools/compiler/ti-cgt-c2000_20.2.1.LTS/lib/</path>
         <kind>archive</kind>
         <file>rts2800_fpu32.lib</file>
         <name>s_lroundl.c.obj</name>
      </input_file>
      <input_file id="fl-66">
         <path>/Applications/ti/ccs1010/ccs/tools/compiler/ti-cgt-c2000_20.2.1.LTS/lib/</path>
         <kind>archive</kind>
         <file>rts2800_fpu32.lib</file>
         <name>memcpy.c.obj</name>
      </input_file>
      <input_file id="fl-67">
         <path>/Applications/ti/ccs1010/ccs/tools/compiler/ti-cgt-c2000_20.2.1.LTS/lib/</path>
         <kind>archive</kind>
         <file>rts2800_fpu32.lib</file>
         <name>memset.c.obj</name>
      </input_file>
      <input_file id="fl-68">
         <path>/Applications/ti/ccs1010/ccs/tools/compiler/ti-cgt-c2000_20.2.1.LTS/lib/</path>
         <kind>archive</kind>
         <file>rts2800_fpu32.lib</file>
         <name>signal.c.obj</name>
      </input_file>
      <input_file id="fl-69">
         <path>/Applications/ti/ccs1010/ccs/tools/compiler/ti-cgt-c2000_20.2.1.LTS/lib/</path>
         <kind>archive</kind>
         <file>rts2800_fpu32.lib</file>
         <name>s_round.c.obj</name>
      </input_file>
      <input_file id="fl-6a">
         <path>/Applications/ti/ccs1010/ccs/tools/compiler/ti-cgt-c2000_20.2.1.LTS/lib/</path>
         <kind>archive</kind>
         <file>rts2800_fpu32.lib</file>
         <name>strcmp.c.obj</name>
      </input_file>
      <input_file id="fl-6b">
         <path>/Applications/ti/ccs1010/ccs/tools/compiler/ti-cgt-c2000_20.2.1.LTS/lib/</path>
         <kind>archive</kind>
         <file>rts2800_fpu32.lib</file>
         <name>strtod.c.obj</name>
      </input_file>
      <input_file id="fl-6c">
         <path>/Applications/ti/ccs1010/ccs/tools/compiler/ti-cgt-c2000_20.2.1.LTS/lib/</path>
         <kind>archive</kind>
         <file>rts2800_fpu32.lib</file>
         <name>ctype.c.obj</name>
      </input_file>
      <input_file id="fl-6d">
         <path>/Applications/ti/ccs1010/ccs/tools/compiler/ti-cgt-c2000_20.2.1.LTS/lib/</path>
         <kind>archive</kind>
         <file>rts2800_fpu32.lib</file>
         <name>s_scalbnf.c.obj</name>
      </input_file>
      <input_file id="fl-6e">
         <path>/Applications/ti/ccs1010/ccs/tools/compiler/ti-cgt-c2000_20.2.1.LTS/lib/</path>
         <kind>archive</kind>
         <file>rts2800_fpu32.lib</file>
         <name>s_copysignf.c.obj</name>
      </input_file>
      <input_file id="fl-6f">
         <path>/Applications/ti/ccs1010/ccs/tools/compiler/ti-cgt-c2000_20.2.1.LTS/lib/</path>
         <kind>archive</kind>
         <file>rts2800_fpu32.lib</file>
         <name>strtol.c.obj</name>
      </input_file>
      <input_file id="fl-70">
         <path>/Applications/ti/ccs1010/ccs/tools/compiler/ti-cgt-c2000_20.2.1.LTS/lib/</path>
         <kind>archive</kind>
         <file>rts2800_fpu32.lib</file>
         <name>strtoll.c.obj</name>
      </input_file>
      <input_file id="fl-71">
         <path>/Applications/ti/ccs1010/ccs/tools/compiler/ti-cgt-c2000_20.2.1.LTS/lib/</path>
         <kind>archive</kind>
         <file>rts2800_fpu32.lib</file>
         <name>strtoul.c.obj</name>
      </input_file>
      <input_file id="fl-72">
         <path>/Applications/ti/ccs1010/ccs/tools/compiler/ti-cgt-c2000_20.2.1.LTS/lib/</path>
         <kind>archive</kind>
         <file>rts2800_fpu32.lib</file>
         <name>strtoull.c.obj</name>
      </input_file>
      <input_file id="fl-73">
         <path>/var/tmp/</path>
         <kind>object</kind>
         <file>TIkfHMurVG0</file>
         <name>TIkfHMurVG0</name>
      </input_file>
      <input_file id="fl-3">
         <path>./77S_ti_source/</path>
         <kind>object</kind>
         <file>F2837xS_CodeStartBranch.obj</file>
         <name>F2837xS_CodeStartBranch.obj</name>
      </input_file>
      <input_file id="fl-4">
         <path>./77S_ti_source/</path>
         <kind>object</kind>
         <file>F2837xS_DefaultISR.obj</file>
         <name>F2837xS_DefaultISR.obj</name>
      </input_file>
      <input_file id="fl-6">
         <path>./77S_ti_source/</path>
         <kind>object</kind>
         <file>F2837xS_Gpio.obj</file>
         <name>F2837xS_Gpio.obj</name>
      </input_file>
      <input_file id="fl-7">
         <path>./77S_ti_source/</path>
         <kind>object</kind>
         <file>F2837xS_PieCtrl.obj</file>
         <name>F2837xS_PieCtrl.obj</name>
      </input_file>
      <input_file id="fl-8">
         <path>./77S_ti_source/</path>
         <kind>object</kind>
         <file>F2837xS_PieVect.obj</file>
         <name>F2837xS_PieVect.obj</name>
      </input_file>
      <input_file id="fl-9">
         <path>./77S_ti_source/</path>
         <kind>object</kind>
         <file>F2837xS_SysCtrl.obj</file>
         <name>F2837xS_SysCtrl.obj</name>
      </input_file>
      <input_file id="fl-a">
         <path>./77S_ti_source/</path>
         <kind>object</kind>
         <file>F2837xS_usDelay.obj</file>
         <name>F2837xS_usDelay.obj</name>
      </input_file>
      <input_file id="fl-b">
         <path>./common/analog_io/</path>
         <kind>object</kind>
         <file>ADS8688_adc.obj</file>
         <name>ADS8688_adc.obj</name>
      </input_file>
      <input_file id="fl-c">
         <path>./common/analog_io/</path>
         <kind>object</kind>
         <file>ADS8688_adc_cla.obj</file>
         <name>ADS8688_adc_cla.obj</name>
      </input_file>
      <input_file id="fl-d">
         <path>./common/analog_io/</path>
         <kind>object</kind>
         <file>analog_input.obj</file>
         <name>analog_input.obj</name>
      </input_file>
      <input_file id="fl-e">
         <path>./common/analog_io/</path>
         <kind>object</kind>
         <file>internal_adc.obj</file>
         <name>internal_adc.obj</name>
      </input_file>
      <input_file id="fl-f">
         <path>./common/analog_io/</path>
         <kind>object</kind>
         <file>internal_adc_cla.obj</file>
         <name>internal_adc_cla.obj</name>
      </input_file>
      <input_file id="fl-12">
         <path>./common/</path>
         <kind>object</kind>
         <file>ti_launchpad.obj</file>
         <name>ti_launchpad.obj</name>
      </input_file>
      <input_file id="fl-14">
         <path>./common/digital_io/</path>
         <kind>object</kind>
         <file>digital_io.obj</file>
         <name>digital_io.obj</name>
      </input_file>
      <input_file id="fl-15">
         <path>./common/dsp_output/</path>
         <kind>object</kind>
         <file>dsp_output.obj</file>
         <name>dsp_output.obj</name>
      </input_file>
      <input_file id="fl-16">
         <path>./common/experiment/</path>
         <kind>object</kind>
         <file>experimental_inputs.obj</file>
         <name>experimental_inputs.obj</name>
      </input_file>
      <input_file id="fl-18">
         <path>./common/experiment/</path>
         <kind>object</kind>
         <file>io_controller.obj</file>
         <name>io_controller.obj</name>
      </input_file>
      <input_file id="fl-19">
         <path>./common/experiment/</path>
         <kind>object</kind>
         <file>io_controller_cla.obj</file>
         <name>io_controller_cla.obj</name>
      </input_file>
      <input_file id="fl-1a">
         <path>./common/internal/</path>
         <kind>object</kind>
         <file>cla.obj</file>
         <name>cla.obj</name>
      </input_file>
      <input_file id="fl-1b">
         <path>./common/internal/</path>
         <kind>object</kind>
         <file>cpu_timers.obj</file>
         <name>cpu_timers.obj</name>
      </input_file>
      <input_file id="fl-1d">
         <path>./common/internal/</path>
         <kind>object</kind>
         <file>sci.obj</file>
         <name>sci.obj</name>
      </input_file>
      <input_file id="fl-1e">
         <path>./common/internal/</path>
         <kind>object</kind>
         <file>scia.obj</file>
         <name>scia.obj</name>
      </input_file>
      <input_file id="fl-1f">
         <path>./common/internal/</path>
         <kind>object</kind>
         <file>spi.obj</file>
         <name>spi.obj</name>
      </input_file>
      <input_file id="fl-21">
         <path>./common/internal/</path>
         <kind>object</kind>
         <file>tic_toc.obj</file>
         <name>tic_toc.obj</name>
      </input_file>
      <input_file id="fl-22">
         <path>./common/internal/</path>
         <kind>object</kind>
         <file>tic_toc_cla.obj</file>
         <name>tic_toc_cla.obj</name>
      </input_file>
      <input_file id="fl-23">
         <path>./common/serial/</path>
         <kind>object</kind>
         <file>extract_json.obj</file>
         <name>extract_json.obj</name>
      </input_file>
      <input_file id="fl-24">
         <path>./common/serial/</path>
         <kind>object</kind>
         <file>printf_json.obj</file>
         <name>printf_json.obj</name>
      </input_file>
      <input_file id="fl-26">
         <path>./common/serial/</path>
         <kind>object</kind>
         <file>serial_link.obj</file>
         <name>serial_link.obj</name>
      </input_file>
      <input_file id="fl-28">
         <path>./common/support/</path>
         <kind>object</kind>
         <file>memcpy_fast.obj</file>
         <name>memcpy_fast.obj</name>
      </input_file>
      <input_file id="fl-29">
         <path>./common/support/</path>
         <kind>object</kind>
         <file>misc.obj</file>
         <name>misc.obj</name>
      </input_file>
      <input_file id="fl-2a">
         <path>./common/support/</path>
         <kind>object</kind>
         <file>ring_buffer.obj</file>
         <name>ring_buffer.obj</name>
      </input_file>
      <input_file id="fl-30">
         <kind>object</kind>
         <file>&lt;internal&gt;</file>
         <name>&lt;internal&gt;</name>
      </input_file>
      <input_file id="fl-31">
         <path>/Applications/ti/ccs1010/ccs/tools/compiler/ti-cgt-c2000_20.2.1.LTS/lib/</path>
         <kind>archive</kind>
         <file>rts2800_fpu32.lib</file>
         <name>fd_add28.asm.obj</name>
      </input_file>
      <input_file id="fl-32">
         <path>/Applications/ti/ccs1010/ccs/tools/compiler/ti-cgt-c2000_20.2.1.LTS/lib/</path>
         <kind>archive</kind>
         <file>rts2800_fpu32.lib</file>
         <name>fd_cmp28.asm.obj</name>
      </input_file>
      <input_file id="fl-33">
         <path>/Applications/ti/ccs1010/ccs/tools/compiler/ti-cgt-c2000_20.2.1.LTS/lib/</path>
         <kind>archive</kind>
         <file>rts2800_fpu32.lib</file>
         <name>fd_div28.asm.obj</name>
      </input_file>
      <input_file id="fl-34">
         <path>/Applications/ti/ccs1010/ccs/tools/compiler/ti-cgt-c2000_20.2.1.LTS/lib/</path>
         <kind>archive</kind>
         <file>rts2800_fpu32.lib</file>
         <name>fd_mpy28.asm.obj</name>
      </input_file>
      <input_file id="fl-35">
         <path>/Applications/ti/ccs1010/ccs/tools/compiler/ti-cgt-c2000_20.2.1.LTS/lib/</path>
         <kind>archive</kind>
         <file>rts2800_fpu32.lib</file>
         <name>fd_neg28.asm.obj</name>
      </input_file>
      <input_file id="fl-36">
         <path>/Applications/ti/ccs1010/ccs/tools/compiler/ti-cgt-c2000_20.2.1.LTS/lib/</path>
         <kind>archive</kind>
         <file>rts2800_fpu32.lib</file>
         <name>fd_sub28.asm.obj</name>
      </input_file>
      <input_file id="fl-37">
         <path>/Applications/ti/ccs1010/ccs/tools/compiler/ti-cgt-c2000_20.2.1.LTS/lib/</path>
         <kind>archive</kind>
         <file>rts2800_fpu32.lib</file>
         <name>fd_tofsfpu32.asm.obj</name>
      </input_file>
      <input_file id="fl-38">
         <path>/Applications/ti/ccs1010/ccs/tools/compiler/ti-cgt-c2000_20.2.1.LTS/lib/</path>
         <kind>archive</kind>
         <file>rts2800_fpu32.lib</file>
         <name>fd_tou28.asm.obj</name>
      </input_file>
      <input_file id="fl-39">
         <path>/Applications/ti/ccs1010/ccs/tools/compiler/ti-cgt-c2000_20.2.1.LTS/lib/</path>
         <kind>archive</kind>
         <file>rts2800_fpu32.lib</file>
         <name>fd_toul28.asm.obj</name>
      </input_file>
      <input_file id="fl-3a">
         <path>/Applications/ti/ccs1010/ccs/tools/compiler/ti-cgt-c2000_20.2.1.LTS/lib/</path>
         <kind>archive</kind>
         <file>rts2800_fpu32.lib</file>
         <name>fd_toull28.asm.obj</name>
      </input_file>
      <input_file id="fl-3b">
         <path>/Applications/ti/ccs1010/ccs/tools/compiler/ti-cgt-c2000_20.2.1.LTS/lib/</path>
         <kind>archive</kind>
         <file>rts2800_fpu32.lib</file>
         <name>fs_tofdfpu32.asm.obj</name>
      </input_file>
      <input_file id="fl-3c">
         <path>/Applications/ti/ccs1010/ccs/tools/compiler/ti-cgt-c2000_20.2.1.LTS/lib/</path>
         <kind>archive</kind>
         <file>rts2800_fpu32.lib</file>
         <name>fs_toullfpu32.asm.obj</name>
      </input_file>
      <input_file id="fl-3d">
         <path>/Applications/ti/ccs1010/ccs/tools/compiler/ti-cgt-c2000_20.2.1.LTS/lib/</path>
         <kind>archive</kind>
         <file>rts2800_fpu32.lib</file>
         <name>i_tofd28.asm.obj</name>
      </input_file>
      <input_file id="fl-3e">
         <path>/Applications/ti/ccs1010/ccs/tools/compiler/ti-cgt-c2000_20.2.1.LTS/lib/</path>
         <kind>archive</kind>
         <file>rts2800_fpu32.lib</file>
         <name>l_tofd28.asm.obj</name>
      </input_file>
      <input_file id="fl-3f">
         <path>/Applications/ti/ccs1010/ccs/tools/compiler/ti-cgt-c2000_20.2.1.LTS/lib/</path>
         <kind>archive</kind>
         <file>rts2800_fpu32.lib</file>
         <name>ll_aox28.asm.obj</name>
      </input_file>
      <input_file id="fl-40">
         <path>/Applications/ti/ccs1010/ccs/tools/compiler/ti-cgt-c2000_20.2.1.LTS/lib/</path>
         <kind>archive</kind>
         <file>rts2800_fpu32.lib</file>
         <name>ll_cmp28.asm.obj</name>
      </input_file>
      <input_file id="fl-41">
         <path>/Applications/ti/ccs1010/ccs/tools/compiler/ti-cgt-c2000_20.2.1.LTS/lib/</path>
         <kind>archive</kind>
         <file>rts2800_fpu32.lib</file>
         <name>ll_div28.asm.obj</name>
      </input_file>
      <input_file id="fl-42">
         <path>/Applications/ti/ccs1010/ccs/tools/compiler/ti-cgt-c2000_20.2.1.LTS/lib/</path>
         <kind>archive</kind>
         <file>rts2800_fpu32.lib</file>
         <name>ll_mpy28.asm.obj</name>
      </input_file>
      <input_file id="fl-43">
         <path>/Applications/ti/ccs1010/ccs/tools/compiler/ti-cgt-c2000_20.2.1.LTS/lib/</path>
         <kind>archive</kind>
         <file>rts2800_fpu32.lib</file>
         <name>ll_tofd28.asm.obj</name>
      </input_file>
      <input_file id="fl-44">
         <path>/Applications/ti/ccs1010/ccs/tools/compiler/ti-cgt-c2000_20.2.1.LTS/lib/</path>
         <kind>archive</kind>
         <file>rts2800_fpu32.lib</file>
         <name>u_div28.asm.obj</name>
      </input_file>
      <input_file id="fl-45">
         <path>/Applications/ti/ccs1010/ccs/tools/compiler/ti-cgt-c2000_20.2.1.LTS/lib/</path>
         <kind>archive</kind>
         <file>rts2800_fpu32.lib</file>
         <name>u_tofd28.asm.obj</name>
      </input_file>
      <input_file id="fl-46">
         <path>/Applications/ti/ccs1010/ccs/tools/compiler/ti-cgt-c2000_20.2.1.LTS/lib/</path>
         <kind>archive</kind>
         <file>rts2800_fpu32.lib</file>
         <name>ul_tofd28.asm.obj</name>
      </input_file>
      <input_file id="fl-47">
         <path>/Applications/ti/ccs1010/ccs/tools/compiler/ti-cgt-c2000_20.2.1.LTS/lib/</path>
         <kind>archive</kind>
         <file>rts2800_fpu32.lib</file>
         <name>ull_tofd28.asm.obj</name>
      </input_file>
      <input_file id="fl-48">
         <path>/Applications/ti/ccs1010/ccs/tools/compiler/ti-cgt-c2000_20.2.1.LTS/lib/</path>
         <kind>archive</kind>
         <file>rts2800_fpu32.lib</file>
         <name>ull_tofsfpu32.asm.obj</name>
      </input_file>
      <input_file id="fl-53">
         <path>/Applications/ti/ccs1010/ccs/tools/compiler/ti-cgt-c2000_20.2.1.LTS/lib/</path>
         <kind>archive</kind>
         <file>rts2800_fpu32.lib</file>
         <name>exit.c.obj</name>
      </input_file>
      <input_file id="fl-56">
         <path>/Applications/ti/ccs1010/ccs/tools/compiler/ti-cgt-c2000_20.2.1.LTS/lib/</path>
         <kind>archive</kind>
         <file>rts2800_fpu32.lib</file>
         <name>boot28.asm.obj</name>
      </input_file>
      <input_file id="fl-57">
         <path>/Applications/ti/ccs1010/ccs/tools/compiler/ti-cgt-c2000_20.2.1.LTS/lib/</path>
         <kind>archive</kind>
         <file>rts2800_fpu32.lib</file>
         <name>args_main.c.obj</name>
      </input_file>
      <input_file id="fl-58">
         <path>/Applications/ti/ccs1010/ccs/tools/compiler/ti-cgt-c2000_20.2.1.LTS/lib/</path>
         <kind>archive</kind>
         <file>rts2800_fpu32.lib</file>
         <name>startup.c.obj</name>
      </input_file>
      <input_file id="fl-60">
         <path>/Applications/ti/ccs1010/ccs/tools/compiler/ti-cgt-c2000_20.2.1.LTS/lib/</path>
         <kind>archive</kind>
         <file>rts2800_fpu32.lib</file>
         <name>fs_div28.asm.obj</name>
      </input_file>
      <input_file id="fl-62">
         <path>/Applications/ti/ccs1010/ccs/tools/compiler/ti-cgt-c2000_20.2.1.LTS/lib/</path>
         <kind>archive</kind>
         <file>rts2800_fpu32.lib</file>
         <name>fd_toll28.asm.obj</name>
      </input_file>
      <input_file id="fl-65">
         <path>/Applications/ti/ccs1010/ccs/tools/compiler/ti-cgt-c2000_20.2.1.LTS/lib/</path>
         <kind>archive</kind>
         <file>rts2800_fpu32.lib</file>
         <name>fd_tol28.asm.obj</name>
      </input_file>
   </input_file_list>
   <object_component_list>
      <object_component id="oc-f4">
         <name>codestart</name>
         <load_address>0x0</load_address>
         <run_address>0x0</run_address>
         <size>0x2</size>
         <input_file_ref idref="fl-3"/>
      </object_component>
      <object_component id="oc-170">
         <name>.cinit</name>
         <load_address>0xc000</load_address>
         <run_address>0xc000</run_address>
         <size>0x12d</size>
         <input_file_ref idref="fl-18"/>
      </object_component>
      <object_component id="oc-7e">
         <name>.cinit</name>
         <load_address>0xc12d</load_address>
         <run_address>0xc12d</run_address>
         <size>0x104</size>
         <input_file_ref idref="fl-73"/>
      </object_component>
      <object_component id="oc-165">
         <name>.cinit</name>
         <load_address>0xc231</load_address>
         <run_address>0xc231</run_address>
         <size>0xfc</size>
         <input_file_ref idref="fl-16"/>
      </object_component>
      <object_component id="oc-14b">
         <name>.cinit:_ti_board_settings</name>
         <load_address>0xc32d</load_address>
         <run_address>0xc32d</run_address>
         <size>0x7b</size>
         <input_file_ref idref="fl-12"/>
      </object_component>
      <object_component id="oc-1cd">
         <name>.cinit</name>
         <load_address>0xc3a8</load_address>
         <run_address>0xc3a8</run_address>
         <size>0x7a</size>
         <input_file_ref idref="fl-26"/>
      </object_component>
      <object_component id="oc-15b">
         <name>.cinit</name>
         <load_address>0xc422</load_address>
         <run_address>0xc422</run_address>
         <size>0x74</size>
         <input_file_ref idref="fl-15"/>
      </object_component>
      <object_component id="oc-ef">
         <name>.cinit:_db_board_settings$2</name>
         <load_address>0xc496</load_address>
         <run_address>0xc496</run_address>
         <size>0x5b</size>
         <input_file_ref idref="fl-73"/>
      </object_component>
      <object_component id="oc-12c">
         <name>.cinit</name>
         <load_address>0xc4f1</load_address>
         <run_address>0xc4f1</run_address>
         <size>0x3d</size>
         <input_file_ref idref="fl-d"/>
      </object_component>
      <object_component id="oc-152">
         <name>.cinit</name>
         <load_address>0xc52e</load_address>
         <run_address>0xc52e</run_address>
         <size>0x2a</size>
         <input_file_ref idref="fl-14"/>
      </object_component>
      <object_component id="oc-146">
         <name>.cinit</name>
         <load_address>0xc558</load_address>
         <run_address>0xc558</run_address>
         <size>0x22</size>
         <input_file_ref idref="fl-12"/>
      </object_component>
      <object_component id="oc-1c3">
         <name>.cinit</name>
         <load_address>0xc57a</load_address>
         <run_address>0xc57a</run_address>
         <size>0x20</size>
         <input_file_ref idref="fl-24"/>
      </object_component>
      <object_component id="oc-197">
         <name>.cinit</name>
         <load_address>0xc59a</load_address>
         <run_address>0xc59a</run_address>
         <size>0x1e</size>
         <input_file_ref idref="fl-1e"/>
      </object_component>
      <object_component id="oc-135">
         <name>.cinit</name>
         <load_address>0xc5b8</load_address>
         <run_address>0xc5b8</run_address>
         <size>0x15</size>
         <input_file_ref idref="fl-e"/>
      </object_component>
      <object_component id="oc-119">
         <name>.cinit</name>
         <load_address>0xc5cd</load_address>
         <run_address>0xc5cd</run_address>
         <size>0x14</size>
         <input_file_ref idref="fl-b"/>
      </object_component>
      <object_component id="oc-1a9">
         <name>.cinit</name>
         <load_address>0xc5e1</load_address>
         <run_address>0xc5e1</run_address>
         <size>0x13</size>
         <input_file_ref idref="fl-21"/>
      </object_component>
      <object_component id="oc-264">
         <name>.cinit</name>
         <load_address>0xc5f4</load_address>
         <run_address>0xc5f4</run_address>
         <size>0xe</size>
         <input_file_ref idref="fl-53"/>
      </object_component>
      <object_component id="oc-1dc">
         <name>.cinit</name>
         <load_address>0xc602</load_address>
         <run_address>0xc602</run_address>
         <size>0xd</size>
         <input_file_ref idref="fl-29"/>
      </object_component>
      <object_component id="oc-2d5">
         <name>.cinit:_sci_settings</name>
         <load_address>0xc60f</load_address>
         <run_address>0xc60f</run_address>
         <size>0xb</size>
         <input_file_ref idref="fl-12"/>
      </object_component>
      <object_component id="oc-2c3">
         <name>.cinit:_db_board_sense$2</name>
         <load_address>0xc61a</load_address>
         <run_address>0xc61a</run_address>
         <size>0x9</size>
         <input_file_ref idref="fl-73"/>
      </object_component>
      <object_component id="oc-2bd">
         <name>.cinit:__lock</name>
         <load_address>0xc623</load_address>
         <run_address>0xc623</run_address>
         <size>0x5</size>
         <input_file_ref idref="fl-73"/>
      </object_component>
      <object_component id="oc-301">
         <name>.cinit:_sigTable$34</name>
         <load_address>0xc628</load_address>
         <run_address>0xc628</run_address>
         <size>0x5</size>
         <input_file_ref idref="fl-73"/>
      </object_component>
      <object_component id="oc-ec">
         <name>.pinit</name>
         <load_address>0xc648</load_address>
         <run_address>0xc648</run_address>
         <size>0x4</size>
         <input_file_ref idref="fl-73"/>
      </object_component>
      <object_component id="oc-11d">
         <name>.pinit</name>
         <load_address>0xc64c</load_address>
         <run_address>0xc64c</run_address>
         <size>0x2</size>
         <input_file_ref idref="fl-b"/>
      </object_component>
      <object_component id="oc-188">
         <name>.pinit</name>
         <load_address>0xc64e</load_address>
         <run_address>0xc64e</run_address>
         <size>0x2</size>
         <input_file_ref idref="fl-1b"/>
      </object_component>
      <object_component id="oc-15d">
         <name>.pinit</name>
         <load_address>0xc650</load_address>
         <run_address>0xc650</run_address>
         <size>0x2</size>
         <input_file_ref idref="fl-15"/>
      </object_component>
      <object_component id="oc-168">
         <name>.pinit</name>
         <load_address>0xc652</load_address>
         <run_address>0xc652</run_address>
         <size>0x2</size>
         <input_file_ref idref="fl-16"/>
      </object_component>
      <object_component id="oc-1c5">
         <name>.pinit</name>
         <load_address>0xc654</load_address>
         <run_address>0xc654</run_address>
         <size>0x2</size>
         <input_file_ref idref="fl-24"/>
      </object_component>
      <object_component id="oc-19a">
         <name>.pinit</name>
         <load_address>0xc656</load_address>
         <run_address>0xc656</run_address>
         <size>0x2</size>
         <input_file_ref idref="fl-1e"/>
      </object_component>
      <object_component id="oc-149">
         <name>.pinit</name>
         <load_address>0xc658</load_address>
         <run_address>0xc658</run_address>
         <size>0x2</size>
         <input_file_ref idref="fl-12"/>
      </object_component>
      <object_component id="oc-1ac">
         <name>.pinit</name>
         <load_address>0xc65a</load_address>
         <run_address>0xc65a</run_address>
         <size>0x2</size>
         <input_file_ref idref="fl-21"/>
      </object_component>
      <object_component id="oc-2ae">
         <name>.text</name>
         <load_address>0xc65e</load_address>
         <run_address>0xc65e</run_address>
         <size>0xa53</size>
         <input_file_ref idref="fl-16"/>
      </object_component>
      <object_component id="oc-2b8">
         <name>.text</name>
         <load_address>0xd0b1</load_address>
         <run_address>0xd0b1</run_address>
         <size>0x5e5</size>
         <input_file_ref idref="fl-24"/>
      </object_component>
      <object_component id="oc-fa">
         <name>.text:retain</name>
         <load_address>0xd696</load_address>
         <run_address>0xd696</run_address>
         <size>0x585</size>
         <input_file_ref idref="fl-4"/>
      </object_component>
      <object_component id="oc-2d1">
         <name>.text</name>
         <load_address>0xdc1b</load_address>
         <run_address>0xdc1b</run_address>
         <size>0x4f0</size>
         <input_file_ref idref="fl-9"/>
      </object_component>
      <object_component id="oc-29f">
         <name>.text</name>
         <load_address>0xe10b</load_address>
         <run_address>0xe10b</run_address>
         <size>0x4e6</size>
         <input_file_ref idref="fl-17"/>
      </object_component>
      <object_component id="oc-2af">
         <name>.text</name>
         <load_address>0xe5f1</load_address>
         <run_address>0xe5f1</run_address>
         <size>0x42a</size>
         <input_file_ref idref="fl-18"/>
      </object_component>
      <object_component id="oc-2a8">
         <name>.text</name>
         <load_address>0xea1b</load_address>
         <run_address>0xea1b</run_address>
         <size>0x416</size>
         <input_file_ref idref="fl-12"/>
      </object_component>
      <object_component id="oc-2b5">
         <name>.text</name>
         <load_address>0xee31</load_address>
         <run_address>0xee31</run_address>
         <size>0x3e9</size>
         <input_file_ref idref="fl-21"/>
      </object_component>
      <object_component id="oc-2b3">
         <name>.text</name>
         <load_address>0xf21a</load_address>
         <run_address>0xf21a</run_address>
         <size>0x2b1</size>
         <input_file_ref idref="fl-29"/>
      </object_component>
      <object_component id="oc-2b1">
         <name>.text</name>
         <load_address>0xf4cb</load_address>
         <run_address>0xf4cb</run_address>
         <size>0x247</size>
         <input_file_ref idref="fl-1b"/>
      </object_component>
      <object_component id="oc-2cd">
         <name>.text</name>
         <load_address>0xf712</load_address>
         <run_address>0xf712</run_address>
         <size>0x20e</size>
         <input_file_ref idref="fl-1f"/>
      </object_component>
      <object_component id="oc-2e8">
         <name>.text</name>
         <load_address>0xf920</load_address>
         <run_address>0xf920</run_address>
         <size>0x1f8</size>
         <input_file_ref idref="fl-6b"/>
      </object_component>
      <object_component id="oc-2e7">
         <name>.text</name>
         <load_address>0xfb18</load_address>
         <run_address>0xfb18</run_address>
         <size>0x1d3</size>
         <input_file_ref idref="fl-49"/>
      </object_component>
      <object_component id="oc-2c4">
         <name>.text</name>
         <load_address>0xfceb</load_address>
         <run_address>0xfceb</run_address>
         <size>0x1c9</size>
         <input_file_ref idref="fl-6"/>
      </object_component>
      <object_component id="oc-29d">
         <name>.text</name>
         <load_address>0xfeb4</load_address>
         <run_address>0xfeb4</run_address>
         <size>0x188</size>
         <input_file_ref idref="fl-10"/>
      </object_component>
      <object_component id="oc-2b9">
         <name>.text</name>
         <load_address>0x1003c</load_address>
         <run_address>0x1003c</run_address>
         <size>0x14d</size>
         <input_file_ref idref="fl-26"/>
      </object_component>
      <object_component id="oc-2e9">
         <name>.text</name>
         <load_address>0x10189</load_address>
         <run_address>0x10189</run_address>
         <size>0x13f</size>
         <input_file_ref idref="fl-70"/>
      </object_component>
      <object_component id="oc-2ad">
         <name>.text</name>
         <load_address>0x102c8</load_address>
         <run_address>0x102c8</run_address>
         <size>0x138</size>
         <input_file_ref idref="fl-15"/>
      </object_component>
      <object_component id="oc-2cf">
         <name>.text</name>
         <load_address>0x10400</load_address>
         <run_address>0x10400</run_address>
         <size>0x12d</size>
         <input_file_ref idref="fl-e"/>
      </object_component>
      <object_component id="oc-2b4">
         <name>.text</name>
         <load_address>0x1052d</load_address>
         <run_address>0x1052d</run_address>
         <size>0x127</size>
         <input_file_ref idref="fl-1e"/>
      </object_component>
      <object_component id="oc-2c5">
         <name>.text</name>
         <load_address>0x10654</load_address>
         <run_address>0x10654</run_address>
         <size>0x11f</size>
         <input_file_ref idref="fl-14"/>
      </object_component>
      <object_component id="oc-2ce">
         <name>.text</name>
         <load_address>0x10773</load_address>
         <run_address>0x10773</run_address>
         <size>0x114</size>
         <input_file_ref idref="fl-1a"/>
      </object_component>
      <object_component id="oc-2a5">
         <name>.text</name>
         <load_address>0x10887</load_address>
         <run_address>0x10887</run_address>
         <size>0x108</size>
         <input_file_ref idref="fl-b"/>
      </object_component>
      <object_component id="oc-2a7">
         <name>.text</name>
         <load_address>0x1098f</load_address>
         <run_address>0x1098f</run_address>
         <size>0x108</size>
         <input_file_ref idref="fl-d"/>
      </object_component>
      <object_component id="oc-2ea">
         <name>.text</name>
         <load_address>0x10a97</load_address>
         <run_address>0x10a97</run_address>
         <size>0x103</size>
         <input_file_ref idref="fl-72"/>
      </object_component>
      <object_component id="oc-2ef">
         <name>.text</name>
         <load_address>0x10b9a</load_address>
         <run_address>0x10b9a</run_address>
         <size>0xe9</size>
         <input_file_ref idref="fl-2"/>
      </object_component>
      <object_component id="oc-2dc">
         <name>.text</name>
         <load_address>0x10c83</load_address>
         <run_address>0x10c83</run_address>
         <size>0xe9</size>
         <input_file_ref idref="fl-5e"/>
      </object_component>
      <object_component id="oc-2eb">
         <name>.text</name>
         <load_address>0x10d6c</load_address>
         <run_address>0x10d6c</run_address>
         <size>0xd3</size>
         <input_file_ref idref="fl-6f"/>
      </object_component>
      <object_component id="oc-2ed">
         <name>.text</name>
         <load_address>0x10e3f</load_address>
         <run_address>0x10e3f</run_address>
         <size>0xcf</size>
         <input_file_ref idref="fl-5f"/>
      </object_component>
      <object_component id="oc-2d6">
         <name>.text</name>
         <load_address>0x10f0e</load_address>
         <run_address>0x10f0e</run_address>
         <size>0xb1</size>
         <input_file_ref idref="fl-71"/>
      </object_component>
      <object_component id="oc-2d0">
         <name>.text</name>
         <load_address>0x10fbf</load_address>
         <run_address>0x10fbf</run_address>
         <size>0x94</size>
         <input_file_ref idref="fl-69"/>
      </object_component>
      <object_component id="oc-2ab">
         <name>.text</name>
         <load_address>0x11053</load_address>
         <run_address>0x11053</run_address>
         <size>0x8d</size>
         <input_file_ref idref="fl-2a"/>
      </object_component>
      <object_component id="oc-2f3">
         <name>.text</name>
         <load_address>0x110e0</load_address>
         <run_address>0x110e0</run_address>
         <size>0x7a</size>
         <input_file_ref idref="fl-4a"/>
      </object_component>
      <object_component id="oc-2ec">
         <name>.text</name>
         <load_address>0x1115a</load_address>
         <run_address>0x1115a</run_address>
         <size>0x59</size>
         <input_file_ref idref="fl-5d"/>
      </object_component>
      <object_component id="oc-7c">
         <name>.text</name>
         <load_address>0x111b3</load_address>
         <run_address>0x111b3</run_address>
         <size>0x56</size>
         <input_file_ref idref="fl-56"/>
      </object_component>
      <object_component id="oc-29b">
         <name>.text</name>
         <load_address>0x11209</load_address>
         <run_address>0x11209</run_address>
         <size>0x40</size>
         <input_file_ref idref="fl-23"/>
      </object_component>
      <object_component id="oc-29c">
         <name>.text</name>
         <load_address>0x11249</load_address>
         <run_address>0x11249</run_address>
         <size>0x38</size>
         <input_file_ref idref="fl-52"/>
      </object_component>
      <object_component id="oc-2d2">
         <name>.text</name>
         <load_address>0x11281</load_address>
         <run_address>0x11281</run_address>
         <size>0x36</size>
         <input_file_ref idref="fl-1c"/>
      </object_component>
      <object_component id="oc-2fd">
         <name>.text</name>
         <load_address>0x112b7</load_address>
         <run_address>0x112b7</run_address>
         <size>0x2f</size>
         <input_file_ref idref="fl-27"/>
      </object_component>
      <object_component id="oc-2bb">
         <name>.text</name>
         <load_address>0x112e6</load_address>
         <run_address>0x112e6</run_address>
         <size>0x2e</size>
         <input_file_ref idref="fl-11"/>
      </object_component>
      <object_component id="oc-28d">
         <name>.text</name>
         <load_address>0x11314</load_address>
         <run_address>0x11314</run_address>
         <size>0x29</size>
         <input_file_ref idref="fl-53"/>
      </object_component>
      <object_component id="oc-2fb">
         <name>.text</name>
         <load_address>0x1133d</load_address>
         <run_address>0x1133d</run_address>
         <size>0x25</size>
         <input_file_ref idref="fl-68"/>
      </object_component>
      <object_component id="oc-28a">
         <name>.text</name>
         <load_address>0x11362</load_address>
         <run_address>0x11362</run_address>
         <size>0x24</size>
         <input_file_ref idref="fl-5a"/>
      </object_component>
      <object_component id="oc-2ba">
         <name>.text</name>
         <load_address>0x11386</load_address>
         <run_address>0x11386</run_address>
         <size>0x1c</size>
         <input_file_ref idref="fl-66"/>
      </object_component>
      <object_component id="oc-2f4">
         <name>.text</name>
         <load_address>0x113a2</load_address>
         <run_address>0x113a2</run_address>
         <size>0x18</size>
         <input_file_ref idref="fl-63"/>
      </object_component>
      <object_component id="oc-28c">
         <name>.text</name>
         <load_address>0x113ba</load_address>
         <run_address>0x113ba</run_address>
         <size>0x12</size>
         <input_file_ref idref="fl-57"/>
      </object_component>
      <object_component id="oc-2d3">
         <name>.text</name>
         <load_address>0x113cc</load_address>
         <run_address>0x113cc</run_address>
         <size>0x11</size>
         <input_file_ref idref="fl-8"/>
      </object_component>
      <object_component id="oc-2c0">
         <name>.text</name>
         <load_address>0x113dd</load_address>
         <run_address>0x113dd</run_address>
         <size>0xe</size>
         <input_file_ref idref="fl-4f"/>
      </object_component>
      <object_component id="oc-24a">
         <name>.text</name>
         <load_address>0x113eb</load_address>
         <run_address>0x113eb</run_address>
         <size>0xb</size>
         <input_file_ref idref="fl-44"/>
      </object_component>
      <object_component id="oc-2d7">
         <name>.text</name>
         <load_address>0x113f6</load_address>
         <run_address>0x113f6</run_address>
         <size>0xa</size>
         <input_file_ref idref="fl-6a"/>
      </object_component>
      <object_component id="oc-2fa">
         <name>.text</name>
         <load_address>0x11400</load_address>
         <run_address>0x11400</run_address>
         <size>0x6</size>
         <input_file_ref idref="fl-67"/>
      </object_component>
      <object_component id="oc-2bf">
         <name>.text</name>
         <load_address>0x11406</load_address>
         <run_address>0x11406</run_address>
         <size>0x5</size>
         <input_file_ref idref="fl-4c"/>
      </object_component>
      <object_component id="oc-2c1">
         <name>.text</name>
         <load_address>0x1140b</load_address>
         <run_address>0x1140b</run_address>
         <size>0x3</size>
         <input_file_ref idref="fl-4b"/>
      </object_component>
      <object_component id="oc-289">
         <name>.text</name>
         <load_address>0x1140e</load_address>
         <run_address>0x1140e</run_address>
         <size>0x2</size>
         <input_file_ref idref="fl-59"/>
      </object_component>
      <object_component id="oc-2e6">
         <name>.text</name>
         <load_address>0x11410</load_address>
         <run_address>0x11410</run_address>
         <size>0x1</size>
         <input_file_ref idref="fl-54"/>
      </object_component>
      <object_component id="oc-28b">
         <name>.text</name>
         <load_address>0x11411</load_address>
         <run_address>0x11411</run_address>
         <size>0x1</size>
         <input_file_ref idref="fl-58"/>
      </object_component>
      <object_component id="oc-26a">
         <name>.stack</name>
         <uninitialized>true</uninitialized>
         <run_address>0x130</run_address>
         <size>0x0</size>
         <input_file_ref idref="fl-56"/>
      </object_component>
      <object_component id="oc-386">
         <name>.stack</name>
         <uninitialized>true</uninitialized>
         <run_address>0x130</run_address>
         <size>0x0</size>
      </object_component>
      <object_component id="oc-8e">
         <name>.esysmem</name>
         <uninitialized>true</uninitialized>
         <run_address>0x15000</run_address>
         <size>0x4</size>
         <input_file_ref idref="fl-49"/>
      </object_component>
      <object_component id="oc-387">
         <name>.esysmem</name>
         <uninitialized>true</uninitialized>
         <run_address>0x15000</run_address>
         <size>0x0</size>
      </object_component>
      <object_component id="oc-198">
         <name>.ebss</name>
         <uninitialized>true</uninitialized>
         <run_address>0x13f1e</run_address>
         <size>0x20</size>
         <input_file_ref idref="fl-1e"/>
      </object_component>
      <object_component id="oc-2bc">
         <name>.ebss:__lock</name>
         <uninitialized>true</uninitialized>
         <run_address>0x13f3e</run_address>
         <size>0x2</size>
         <input_file_ref idref="fl-54"/>
      </object_component>
      <object_component id="oc-167">
         <name>.ebss</name>
         <uninitialized>true</uninitialized>
         <run_address>0x13f40</run_address>
         <size>0x370</size>
         <input_file_ref idref="fl-16"/>
      </object_component>
      <object_component id="oc-2e3">
         <name>.ebss:_blank_json_object</name>
         <uninitialized>true</uninitialized>
         <run_address>0x142b0</run_address>
         <size>0xc</size>
         <input_file_ref idref="fl-24"/>
      </object_component>
      <object_component id="oc-1dd">
         <name>.ebss</name>
         <uninitialized>true</uninitialized>
         <run_address>0x142bc</run_address>
         <size>0x4</size>
         <input_file_ref idref="fl-29"/>
      </object_component>
      <object_component id="oc-171">
         <name>.ebss</name>
         <uninitialized>true</uninitialized>
         <run_address>0x142c0</run_address>
         <size>0xcc</size>
         <input_file_ref idref="fl-18"/>
      </object_component>
      <object_component id="oc-153">
         <name>.ebss</name>
         <uninitialized>true</uninitialized>
         <run_address>0x1438c</run_address>
         <size>0x30</size>
         <input_file_ref idref="fl-14"/>
      </object_component>
      <object_component id="oc-81">
         <name>.ebss</name>
         <uninitialized>true</uninitialized>
         <run_address>0x143bc</run_address>
         <size>0x4</size>
         <input_file_ref idref="fl-49"/>
      </object_component>
      <object_component id="oc-90">
         <name>.ebss</name>
         <uninitialized>true</uninitialized>
         <run_address>0x143c0</run_address>
         <size>0xca</size>
         <input_file_ref idref="fl-17"/>
      </object_component>
      <object_component id="oc-12d">
         <name>.ebss</name>
         <uninitialized>true</uninitialized>
         <run_address>0x1448a</run_address>
         <size>0x26</size>
         <input_file_ref idref="fl-d"/>
      </object_component>
      <object_component id="oc-2b6">
         <name>.ebss:_total_tics_per_step</name>
         <uninitialized>true</uninitialized>
         <run_address>0x144b0</run_address>
         <size>0xc</size>
         <input_file_ref idref="fl-21"/>
      </object_component>
      <object_component id="oc-84">
         <name>.ebss</name>
         <uninitialized>true</uninitialized>
         <run_address>0x144bc</run_address>
         <size>0x3</size>
         <input_file_ref idref="fl-63"/>
      </object_component>
      <object_component id="oc-136">
         <name>.ebss</name>
         <uninitialized>true</uninitialized>
         <run_address>0x144bf</run_address>
         <size>0x1</size>
         <input_file_ref idref="fl-e"/>
      </object_component>
      <object_component id="oc-186">
         <name>.ebss</name>
         <uninitialized>true</uninitialized>
         <run_address>0x144c0</run_address>
         <size>0xbc</size>
         <input_file_ref idref="fl-1b"/>
      </object_component>
      <object_component id="oc-83">
         <name>.ebss</name>
         <uninitialized>true</uninitialized>
         <run_address>0x1457c</run_address>
         <size>0x1</size>
         <input_file_ref idref="fl-5b"/>
      </object_component>
      <object_component id="oc-1aa">
         <name>.ebss</name>
         <uninitialized>true</uninitialized>
         <run_address>0x14580</run_address>
         <size>0x9a</size>
         <input_file_ref idref="fl-21"/>
      </object_component>
      <object_component id="oc-11a">
         <name>.ebss</name>
         <uninitialized>true</uninitialized>
         <run_address>0x1461a</run_address>
         <size>0x1a</size>
         <input_file_ref idref="fl-b"/>
      </object_component>
      <object_component id="oc-82">
         <name>.ebss</name>
         <uninitialized>true</uninitialized>
         <run_address>0x14634</run_address>
         <size>0xc</size>
         <input_file_ref idref="fl-52"/>
      </object_component>
      <object_component id="oc-2a9">
         <name>.ebss:_ti_board_settings</name>
         <uninitialized>true</uninitialized>
         <run_address>0x14640</run_address>
         <size>0x78</size>
         <input_file_ref idref="fl-12"/>
      </object_component>
      <object_component id="oc-2ee">
         <name>.ebss:_is_cla_task_enabled</name>
         <uninitialized>true</uninitialized>
         <run_address>0x146b8</run_address>
         <size>0x8</size>
         <input_file_ref idref="fl-1a"/>
      </object_component>
      <object_component id="oc-147">
         <name>.ebss</name>
         <uninitialized>true</uninitialized>
         <run_address>0x146c0</run_address>
         <size>0x70</size>
         <input_file_ref idref="fl-12"/>
      </object_component>
      <object_component id="oc-2d4">
         <name>.ebss:_sci_settings</name>
         <uninitialized>true</uninitialized>
         <run_address>0x14730</run_address>
         <size>0x8</size>
         <input_file_ref idref="fl-12"/>
      </object_component>
      <object_component id="oc-2c2">
         <name>.ebss:_db_board_sense$2</name>
         <uninitialized>true</uninitialized>
         <run_address>0x14738</run_address>
         <size>0x6</size>
         <input_file_ref idref="fl-10"/>
      </object_component>
      <object_component id="oc-2a0">
         <name>.ebss:_db_board_settings$2</name>
         <uninitialized>true</uninitialized>
         <run_address>0x14740</run_address>
         <size>0x66</size>
         <input_file_ref idref="fl-10"/>
      </object_component>
      <object_component id="oc-1c4">
         <name>.ebss</name>
         <uninitialized>true</uninitialized>
         <run_address>0x147a6</run_address>
         <size>0x18</size>
         <input_file_ref idref="fl-24"/>
      </object_component>
      <object_component id="oc-8d">
         <name>.ebss</name>
         <uninitialized>true</uninitialized>
         <run_address>0x147c0</run_address>
         <size>0x64</size>
         <input_file_ref idref="fl-10"/>
      </object_component>
      <object_component id="oc-265">
         <name>.ebss</name>
         <uninitialized>true</uninitialized>
         <run_address>0x14824</run_address>
         <size>0x6</size>
         <input_file_ref idref="fl-53"/>
      </object_component>
      <object_component id="oc-88">
         <name>.ebss</name>
         <uninitialized>true</uninitialized>
         <run_address>0x1482a</run_address>
         <size>0x6</size>
         <input_file_ref idref="fl-13"/>
      </object_component>
      <object_component id="oc-15c">
         <name>.ebss</name>
         <uninitialized>true</uninitialized>
         <run_address>0x14840</run_address>
         <size>0x64</size>
         <input_file_ref idref="fl-15"/>
      </object_component>
      <object_component id="oc-1ce">
         <name>.ebss</name>
         <uninitialized>true</uninitialized>
         <run_address>0x148c0</run_address>
         <size>0x58</size>
         <input_file_ref idref="fl-26"/>
      </object_component>
      <object_component id="oc-300">
         <name>.ebss:_sigTable$34</name>
         <uninitialized>true</uninitialized>
         <run_address>0x14940</run_address>
         <size>0x40</size>
         <input_file_ref idref="fl-68"/>
      </object_component>
      <object_component id="oc-169">
         <name>.econst:.string</name>
         <load_address>0x883c</load_address>
         <run_address>0x883c</run_address>
         <size>0x7c2</size>
         <input_file_ref idref="fl-16"/>
      </object_component>
      <object_component id="oc-1de">
         <name>.econst</name>
         <load_address>0x8ffe</load_address>
         <run_address>0x8ffe</run_address>
         <size>0x2</size>
         <input_file_ref idref="fl-29"/>
      </object_component>
      <object_component id="oc-ee">
         <name>.econst:.string</name>
         <load_address>0x12000</load_address>
         <run_address>0x12000</run_address>
         <size>0x389</size>
         <input_file_ref idref="fl-73"/>
      </object_component>
      <object_component id="oc-1cf">
         <name>.econst</name>
         <load_address>0x12389</load_address>
         <run_address>0x12389</run_address>
         <size>0x1</size>
         <input_file_ref idref="fl-26"/>
      </object_component>
      <object_component id="oc-174">
         <name>.econst:.string</name>
         <load_address>0x1238a</load_address>
         <run_address>0x1238a</run_address>
         <size>0x367</size>
         <input_file_ref idref="fl-18"/>
      </object_component>
      <object_component id="oc-15e">
         <name>.econst:.string</name>
         <load_address>0x126f2</load_address>
         <run_address>0x126f2</run_address>
         <size>0x303</size>
         <input_file_ref idref="fl-15"/>
      </object_component>
      <object_component id="oc-1c6">
         <name>.econst:.string</name>
         <load_address>0x129f6</load_address>
         <run_address>0x129f6</run_address>
         <size>0x26e</size>
         <input_file_ref idref="fl-24"/>
      </object_component>
      <object_component id="oc-1d0">
         <name>.econst:.string</name>
         <load_address>0x12c64</load_address>
         <run_address>0x12c64</run_address>
         <size>0x202</size>
         <input_file_ref idref="fl-26"/>
      </object_component>
      <object_component id="oc-14a">
         <name>.econst:.string</name>
         <load_address>0x12e66</load_address>
         <run_address>0x12e66</run_address>
         <size>0x1dc</size>
         <input_file_ref idref="fl-12"/>
      </object_component>
      <object_component id="oc-2f0">
         <name>.econst:_PieVectTableInit</name>
         <load_address>0x13042</load_address>
         <run_address>0x13042</run_address>
         <size>0x1c0</size>
         <input_file_ref idref="fl-8"/>
      </object_component>
      <object_component id="oc-1bc">
         <name>.econst:.string</name>
         <load_address>0x13202</load_address>
         <run_address>0x13202</run_address>
         <size>0x181</size>
         <input_file_ref idref="fl-23"/>
      </object_component>
      <object_component id="oc-154">
         <name>.econst:.string</name>
         <load_address>0x13384</load_address>
         <run_address>0x13384</run_address>
         <size>0x17a</size>
         <input_file_ref idref="fl-14"/>
      </object_component>
      <object_component id="oc-1ae">
         <name>.econst:.string</name>
         <load_address>0x134fe</load_address>
         <run_address>0x134fe</run_address>
         <size>0x15f</size>
         <input_file_ref idref="fl-21"/>
      </object_component>
      <object_component id="oc-12f">
         <name>.econst:.string</name>
         <load_address>0x1365e</load_address>
         <run_address>0x1365e</run_address>
         <size>0x14a</size>
         <input_file_ref idref="fl-d"/>
      </object_component>
      <object_component id="oc-1df">
         <name>.econst:.string</name>
         <load_address>0x137a8</load_address>
         <run_address>0x137a8</run_address>
         <size>0x127</size>
         <input_file_ref idref="fl-29"/>
      </object_component>
      <object_component id="oc-2f1">
         <name>.econst:.string:__ctypes_</name>
         <load_address>0x138cf</load_address>
         <run_address>0x138cf</run_address>
         <size>0x101</size>
         <input_file_ref idref="fl-6c"/>
      </object_component>
      <object_component id="oc-11e">
         <name>.econst:.string</name>
         <load_address>0x139d0</load_address>
         <run_address>0x139d0</run_address>
         <size>0xb4</size>
         <input_file_ref idref="fl-b"/>
      </object_component>
      <object_component id="oc-1e6">
         <name>.econst:.string</name>
         <load_address>0x13a84</load_address>
         <run_address>0x13a84</run_address>
         <size>0xaa</size>
         <input_file_ref idref="fl-2a"/>
      </object_component>
      <object_component id="oc-18a">
         <name>.econst:.string</name>
         <load_address>0x13b2e</load_address>
         <run_address>0x13b2e</run_address>
         <size>0x63</size>
         <input_file_ref idref="fl-1b"/>
      </object_component>
      <object_component id="oc-180">
         <name>.econst:.string</name>
         <load_address>0x13b92</load_address>
         <run_address>0x13b92</run_address>
         <size>0x54</size>
         <input_file_ref idref="fl-1a"/>
      </object_component>
      <object_component id="oc-19c">
         <name>.econst:.string</name>
         <load_address>0x13be6</load_address>
         <run_address>0x13be6</run_address>
         <size>0x53</size>
         <input_file_ref idref="fl-1e"/>
      </object_component>
      <object_component id="oc-139">
         <name>.econst:.string</name>
         <load_address>0x13c3a</load_address>
         <run_address>0x13c3a</run_address>
         <size>0x51</size>
         <input_file_ref idref="fl-e"/>
      </object_component>
      <object_component id="oc-191">
         <name>.econst:.string</name>
         <load_address>0x13c8c</load_address>
         <run_address>0x13c8c</run_address>
         <size>0x47</size>
         <input_file_ref idref="fl-1d"/>
      </object_component>
      <object_component id="oc-1a3">
         <name>.econst:.string</name>
         <load_address>0x13cd4</load_address>
         <run_address>0x13cd4</run_address>
         <size>0x38</size>
         <input_file_ref idref="fl-1f"/>
      </object_component>
      <object_component id="oc-166">
         <name>.econst</name>
         <load_address>0x13d0c</load_address>
         <run_address>0x13d0c</run_address>
         <size>0x2e</size>
         <input_file_ref idref="fl-16"/>
      </object_component>
      <object_component id="oc-ed">
         <name>.econst</name>
         <load_address>0x13d3a</load_address>
         <run_address>0x13d3a</run_address>
         <size>0x20</size>
         <input_file_ref idref="fl-73"/>
      </object_component>
      <object_component id="oc-2f6">
         <name>.econst:_digits$37</name>
         <load_address>0x13d5a</load_address>
         <run_address>0x13d5a</run_address>
         <size>0x20</size>
         <input_file_ref idref="fl-6b"/>
      </object_component>
      <object_component id="oc-2a2">
         <name>.econst:_db2_79d_pullup$2</name>
         <load_address>0x13d7a</load_address>
         <run_address>0x13d7a</run_address>
         <size>0x17</size>
         <input_file_ref idref="fl-10"/>
      </object_component>
      <object_component id="oc-148">
         <name>.econst</name>
         <load_address>0x13d92</load_address>
         <run_address>0x13d92</run_address>
         <size>0x16</size>
         <input_file_ref idref="fl-12"/>
      </object_component>
      <object_component id="oc-2fe">
         <name>.econst:.string:_min$2$9</name>
         <load_address>0x13da8</load_address>
         <run_address>0x13da8</run_address>
         <size>0x15</size>
         <input_file_ref idref="fl-27"/>
      </object_component>
      <object_component id="oc-2ff">
         <name>.econst:.string:_max$3$9</name>
         <load_address>0x13dbd</load_address>
         <run_address>0x13dbd</run_address>
         <size>0x14</size>
         <input_file_ref idref="fl-27"/>
      </object_component>
      <object_component id="oc-2de">
         <name>.econst:_$P$T1$2</name>
         <load_address>0x13dd2</load_address>
         <run_address>0x13dd2</run_address>
         <size>0x14</size>
         <input_file_ref idref="fl-29"/>
      </object_component>
      <object_component id="oc-2df">
         <name>.econst:_$P$T2$3</name>
         <load_address>0x13de6</load_address>
         <run_address>0x13de6</run_address>
         <size>0x14</size>
         <input_file_ref idref="fl-29"/>
      </object_component>
      <object_component id="oc-2e0">
         <name>.econst:_$P$T3$4</name>
         <load_address>0x13dfa</load_address>
         <run_address>0x13dfa</run_address>
         <size>0x14</size>
         <input_file_ref idref="fl-29"/>
      </object_component>
      <object_component id="oc-2e1">
         <name>.econst:_$P$T4$5</name>
         <load_address>0x13e0e</load_address>
         <run_address>0x13e0e</run_address>
         <size>0x14</size>
         <input_file_ref idref="fl-29"/>
      </object_component>
      <object_component id="oc-1ad">
         <name>.econst</name>
         <load_address>0x13e22</load_address>
         <run_address>0x13e22</run_address>
         <size>0x14</size>
         <input_file_ref idref="fl-21"/>
      </object_component>
      <object_component id="oc-2fc">
         <name>.econst:_pair$1$9</name>
         <load_address>0x13e36</load_address>
         <run_address>0x13e36</run_address>
         <size>0x10</size>
         <input_file_ref idref="fl-27"/>
      </object_component>
      <object_component id="oc-290">
         <name>.econst:_db2_77s_dsp_bit_gpio$2</name>
         <load_address>0x13e46</load_address>
         <run_address>0x13e46</run_address>
         <size>0xf</size>
         <input_file_ref idref="fl-10"/>
      </object_component>
      <object_component id="oc-293">
         <name>.econst:_db2_79d_dsp_bit_gpio$2</name>
         <load_address>0x13e55</load_address>
         <run_address>0x13e55</run_address>
         <size>0xf</size>
         <input_file_ref idref="fl-10"/>
      </object_component>
      <object_component id="oc-2a3">
         <name>.econst:_db3_79d_pullup$2</name>
         <load_address>0x13e64</load_address>
         <run_address>0x13e64</run_address>
         <size>0xe</size>
         <input_file_ref idref="fl-10"/>
      </object_component>
      <object_component id="oc-2f7">
         <name>.econst:_powerof10$37</name>
         <load_address>0x13e72</load_address>
         <run_address>0x13e72</run_address>
         <size>0xc</size>
         <input_file_ref idref="fl-6b"/>
      </object_component>
      <object_component id="oc-138">
         <name>.econst</name>
         <load_address>0x13e7e</load_address>
         <run_address>0x13e7e</run_address>
         <size>0xc</size>
         <input_file_ref idref="fl-e"/>
      </object_component>
      <object_component id="oc-2dd">
         <name>.econst:_$P$T0$1</name>
         <load_address>0x13e8a</load_address>
         <run_address>0x13e8a</run_address>
         <size>0xa</size>
         <input_file_ref idref="fl-29"/>
      </object_component>
      <object_component id="oc-2c6">
         <name>.econst:_db3_79d_spi_adc$2</name>
         <load_address>0x13e94</load_address>
         <run_address>0x13e94</run_address>
         <size>0x9</size>
         <input_file_ref idref="fl-10"/>
      </object_component>
      <object_component id="oc-296">
         <name>.econst:_db2_77s_digital_out_gpio$2</name>
         <load_address>0x13e9d</load_address>
         <run_address>0x13e9d</run_address>
         <size>0x8</size>
         <input_file_ref idref="fl-10"/>
      </object_component>
      <object_component id="oc-298">
         <name>.econst:_db2_79d_digital_out_gpio$2</name>
         <load_address>0x13ea5</load_address>
         <run_address>0x13ea5</run_address>
         <size>0x8</size>
         <input_file_ref idref="fl-10"/>
      </object_component>
      <object_component id="oc-29e">
         <name>.econst:_db3_79d_dev_chan_to_in$2</name>
         <load_address>0x13ead</load_address>
         <run_address>0x13ead</run_address>
         <size>0x8</size>
         <input_file_ref idref="fl-10"/>
      </object_component>
      <object_component id="oc-299">
         <name>.econst:_db3_79d_digital_in_gpio$2</name>
         <load_address>0x13eb5</load_address>
         <run_address>0x13eb5</run_address>
         <size>0x8</size>
         <input_file_ref idref="fl-10"/>
      </object_component>
      <object_component id="oc-29a">
         <name>.econst:_db3_79d_digital_out_gpio$2</name>
         <load_address>0x13ebd</load_address>
         <run_address>0x13ebd</run_address>
         <size>0x8</size>
         <input_file_ref idref="fl-10"/>
      </object_component>
      <object_component id="oc-294">
         <name>.econst:_db3_79d_dsp_bit_gpio$2</name>
         <load_address>0x13ec5</load_address>
         <run_address>0x13ec5</run_address>
         <size>0x8</size>
         <input_file_ref idref="fl-10"/>
      </object_component>
      <object_component id="oc-189">
         <name>.econst</name>
         <load_address>0x13ece</load_address>
         <run_address>0x13ece</run_address>
         <size>0x8</size>
         <input_file_ref idref="fl-1b"/>
      </object_component>
      <object_component id="oc-173">
         <name>.econst</name>
         <load_address>0x13ed6</load_address>
         <run_address>0x13ed6</run_address>
         <size>0x8</size>
         <input_file_ref idref="fl-18"/>
      </object_component>
      <object_component id="oc-190">
         <name>.econst</name>
         <load_address>0x13ede</load_address>
         <run_address>0x13ede</run_address>
         <size>0x8</size>
         <input_file_ref idref="fl-1d"/>
      </object_component>
      <object_component id="oc-19b">
         <name>.econst</name>
         <load_address>0x13ee6</load_address>
         <run_address>0x13ee6</run_address>
         <size>0x8</size>
         <input_file_ref idref="fl-1e"/>
      </object_component>
      <object_component id="oc-2a1">
         <name>.econst:_db2_77s_pullup$2</name>
         <load_address>0x13eee</load_address>
         <run_address>0x13eee</run_address>
         <size>0x7</size>
         <input_file_ref idref="fl-10"/>
      </object_component>
      <object_component id="oc-295">
         <name>.econst:_db2_77s_digital_in_gpio$2</name>
         <load_address>0x13ef5</load_address>
         <run_address>0x13ef5</run_address>
         <size>0x5</size>
         <input_file_ref idref="fl-10"/>
      </object_component>
      <object_component id="oc-297">
         <name>.econst:_db2_79d_digital_in_gpio$2</name>
         <load_address>0x13efa</load_address>
         <run_address>0x13efa</run_address>
         <size>0x5</size>
         <input_file_ref idref="fl-10"/>
      </object_component>
      <object_component id="oc-2f9">
         <name>.econst:_Zero$28</name>
         <load_address>0x13f00</load_address>
         <run_address>0x13f00</run_address>
         <size>0x4</size>
         <input_file_ref idref="fl-5f"/>
      </object_component>
      <object_component id="oc-28e">
         <name>.econst:_db2_77s_analog_in_adc_letter$2</name>
         <load_address>0x13f04</load_address>
         <run_address>0x13f04</run_address>
         <size>0x4</size>
         <input_file_ref idref="fl-10"/>
      </object_component>
      <object_component id="oc-28f">
         <name>.econst:_db2_77s_analog_in_gpio$2</name>
         <load_address>0x13f08</load_address>
         <run_address>0x13f08</run_address>
         <size>0x4</size>
         <input_file_ref idref="fl-10"/>
      </object_component>
      <object_component id="oc-291">
         <name>.econst:_db2_79d_analog_in_adc_letter$2</name>
         <load_address>0x13f0c</load_address>
         <run_address>0x13f0c</run_address>
         <size>0x4</size>
         <input_file_ref idref="fl-10"/>
      </object_component>
      <object_component id="oc-292">
         <name>.econst:_db2_79d_analog_in_gpio$2</name>
         <load_address>0x13f10</load_address>
         <run_address>0x13f10</run_address>
         <size>0x4</size>
         <input_file_ref idref="fl-10"/>
      </object_component>
      <object_component id="oc-1a2">
         <name>.econst</name>
         <load_address>0x13f14</load_address>
         <run_address>0x13f14</run_address>
         <size>0x4</size>
         <input_file_ref idref="fl-1f"/>
      </object_component>
      <object_component id="oc-89">
         <name>.econst</name>
         <load_address>0x13f18</load_address>
         <run_address>0x13f18</run_address>
         <size>0x2</size>
         <input_file_ref idref="fl-25"/>
      </object_component>
      <object_component id="oc-8b">
         <name>.econst</name>
         <load_address>0x13f1a</load_address>
         <run_address>0x13f1a</run_address>
         <size>0x2</size>
         <input_file_ref idref="fl-55"/>
      </object_component>
      <object_component id="oc-8a">
         <name>.econst</name>
         <load_address>0x13f1c</load_address>
         <run_address>0x13f1c</run_address>
         <size>0x2</size>
         <input_file_ref idref="fl-4a"/>
      </object_component>
      <object_component id="oc-2e2">
         <name>.switch:_value_type_name__F12value_type_t</name>
         <load_address>0xc630</load_address>
         <run_address>0xc630</run_address>
         <size>0x18</size>
         <input_file_ref idref="fl-24"/>
      </object_component>
      <object_component id="oc-26b">
         <name>.reset</name>
         <load_address>0x3fffc0</load_address>
         <run_address>0x3fffc0</run_address>
         <size>0x2</size>
         <input_file_ref idref="fl-56"/>
      </object_component>
      <object_component id="oc-2a4">
         <name>.TI.ramfunc</name>
         <load_address>0x9000</load_address>
         <run_address>0x9000</run_address>
         <size>0x5d3</size>
         <input_file_ref idref="fl-24"/>
      </object_component>
      <object_component id="oc-2c7">
         <name>.TI.ramfunc</name>
         <load_address>0x95d3</load_address>
         <run_address>0x95d3</run_address>
         <size>0x53c</size>
         <input_file_ref idref="fl-23"/>
      </object_component>
      <object_component id="oc-2be">
         <name>.TI.ramfunc</name>
         <load_address>0x9b0f</load_address>
         <run_address>0x9b0f</run_address>
         <size>0x4b0</size>
         <input_file_ref idref="fl-16"/>
      </object_component>
      <object_component id="oc-2cc">
         <name>.TI.ramfunc</name>
         <load_address>0x9fbf</load_address>
         <run_address>0x9fbf</run_address>
         <size>0x43e</size>
         <input_file_ref idref="fl-25"/>
      </object_component>
      <object_component id="oc-2d8">
         <name>.TI.ramfunc</name>
         <load_address>0xa3fd</load_address>
         <run_address>0xa3fd</run_address>
         <size>0x3fb</size>
         <input_file_ref idref="fl-18"/>
      </object_component>
      <object_component id="oc-2ac">
         <name>.TI.ramfunc</name>
         <load_address>0xa7f8</load_address>
         <run_address>0xa7f8</run_address>
         <size>0x364</size>
         <input_file_ref idref="fl-15"/>
      </object_component>
      <object_component id="oc-2f5">
         <name>.TI.ramfunc</name>
         <load_address>0xab5c</load_address>
         <run_address>0xab5c</run_address>
         <size>0x1e5</size>
         <input_file_ref idref="fl-27"/>
      </object_component>
      <object_component id="oc-2e4">
         <name>.TI.ramfunc</name>
         <load_address>0xad41</load_address>
         <run_address>0xad41</run_address>
         <size>0x18f</size>
         <input_file_ref idref="fl-26"/>
      </object_component>
      <object_component id="oc-2aa">
         <name>.TI.ramfunc</name>
         <load_address>0xaed0</load_address>
         <run_address>0xaed0</run_address>
         <size>0x12f</size>
         <input_file_ref idref="fl-14"/>
      </object_component>
      <object_component id="oc-23b">
         <name>.text</name>
         <load_address>0xafff</load_address>
         <run_address>0xafff</run_address>
         <size>0x107</size>
         <input_file_ref idref="fl-41"/>
      </object_component>
      <object_component id="oc-2a6">
         <name>.TI.ramfunc</name>
         <load_address>0xb106</load_address>
         <run_address>0xb106</run_address>
         <size>0xd2</size>
         <input_file_ref idref="fl-d"/>
      </object_component>
      <object_component id="oc-2c9">
         <name>.TI.ramfunc</name>
         <load_address>0xb1d8</load_address>
         <run_address>0xb1d8</run_address>
         <size>0xd1</size>
         <input_file_ref idref="fl-17"/>
      </object_component>
      <object_component id="oc-199">
         <name>.TI.ramfunc:retain</name>
         <load_address>0xb2a9</load_address>
         <run_address>0xb2a9</run_address>
         <size>0xcf</size>
         <input_file_ref idref="fl-1e"/>
      </object_component>
      <object_component id="oc-2b2">
         <name>.TI.ramfunc</name>
         <load_address>0xb378</load_address>
         <run_address>0xb378</run_address>
         <size>0xb3</size>
         <input_file_ref idref="fl-2a"/>
      </object_component>
      <object_component id="oc-2e5">
         <name>.TI.ramfunc</name>
         <load_address>0xb42b</load_address>
         <run_address>0xb42b</run_address>
         <size>0xb2</size>
         <input_file_ref idref="fl-11"/>
      </object_component>
      <object_component id="oc-1eb">
         <name>.text</name>
         <load_address>0xb4dd</load_address>
         <run_address>0xb4dd</run_address>
         <size>0x9c</size>
         <input_file_ref idref="fl-31"/>
      </object_component>
      <object_component id="oc-187">
         <name>.TI.ramfunc:retain</name>
         <load_address>0xb579</load_address>
         <run_address>0xb579</run_address>
         <size>0x91</size>
         <input_file_ref idref="fl-1b"/>
      </object_component>
      <object_component id="oc-1f5">
         <name>.text</name>
         <load_address>0xb60a</load_address>
         <run_address>0xb60a</run_address>
         <size>0x8b</size>
         <input_file_ref idref="fl-33"/>
      </object_component>
      <object_component id="oc-27a">
         <name>.text</name>
         <load_address>0xb695</load_address>
         <run_address>0xb695</run_address>
         <size>0x88</size>
         <input_file_ref idref="fl-60"/>
      </object_component>
      <object_component id="oc-1fa">
         <name>.text</name>
         <load_address>0xb71d</load_address>
         <run_address>0xb71d</run_address>
         <size>0x83</size>
         <input_file_ref idref="fl-34"/>
      </object_component>
      <object_component id="oc-1ab">
         <name>.TI.ramfunc:retain</name>
         <load_address>0xb7a0</load_address>
         <run_address>0xb7a0</run_address>
         <size>0x7b</size>
         <input_file_ref idref="fl-21"/>
      </object_component>
      <object_component id="oc-2f2">
         <name>.TI.ramfunc</name>
         <load_address>0xb81b</load_address>
         <run_address>0xb81b</run_address>
         <size>0x64</size>
         <input_file_ref idref="fl-20"/>
      </object_component>
      <object_component id="oc-2f8">
         <name>.text</name>
         <load_address>0xb87f</load_address>
         <run_address>0xb87f</run_address>
         <size>0x5e</size>
         <input_file_ref idref="fl-6d"/>
      </object_component>
      <object_component id="oc-2b0">
         <name>.TI.ramfunc</name>
         <load_address>0xb8dd</load_address>
         <run_address>0xb8dd</run_address>
         <size>0x4e</size>
         <input_file_ref idref="fl-1b"/>
      </object_component>
      <object_component id="oc-2cb">
         <name>.TI.ramfunc</name>
         <load_address>0xb92b</load_address>
         <run_address>0xb92b</run_address>
[...]
         <value>0x9059</value>
         <object_component_ref idref="oc-2a4"/>
      </symbol>
      <symbol id="sm-1079">
         <name>_create_array_of__tm__2_r__FUiPCc_PZ1Z</name>
         <value>0x94eb</value>
         <object_component_ref idref="oc-2a4"/>
      </symbol>
      <symbol id="sm-107a">
         <name>_delay_printf_json_objects__FUie</name>
         <value>0x90ee</value>
         <object_component_ref idref="oc-2a4"/>
      </symbol>
      <symbol id="sm-107b">
         <name>_delete_array__tm__2_i__FPCZ1Z_v</name>
         <value>0x9075</value>
         <object_component_ref idref="oc-2a4"/>
      </symbol>
      <symbol id="sm-107c">
         <name>_json_type_name__F10jsonType_t</name>
         <value>0xd2ee</value>
         <object_component_ref idref="oc-2b8"/>
      </symbol>
      <symbol id="sm-107d">
         <name>_json_uint32__FPCcUl</name>
         <value>0xd275</value>
         <object_component_ref idref="oc-2b8"/>
      </symbol>
      <symbol id="sm-107e">
         <name>_deal_with_delay_printf_error__Fv</name>
         <value>0xd101</value>
         <object_component_ref idref="oc-2b8"/>
      </symbol>
      <symbol id="sm-107f">
         <name>_set_json_timestamp_freq__FUl</name>
         <value>0xd15e</value>
         <object_component_ref idref="oc-2b8"/>
      </symbol>
      <symbol id="sm-1080">
         <name>_delete_array__tm__4_PCc__FPCZ1Z_v</name>
         <value>0x904b</value>
         <object_component_ref idref="oc-2a4"/>
      </symbol>
      <symbol id="sm-1081">
         <name>_json_uint64__FPCcUL</name>
         <value>0xd214</value>
         <object_component_ref idref="oc-2b8"/>
      </symbol>
      <symbol id="sm-1082">
         <name>_delete_array__tm__3_Ul__FPCZ1Z_v</name>
         <value>0x9067</value>
         <object_component_ref idref="oc-2a4"/>
      </symbol>
      <symbol id="sm-1083">
         <name>_json_parent__FPCcUi</name>
         <value>0xd37a</value>
         <object_component_ref idref="oc-2b8"/>
      </symbol>
      <symbol id="sm-1084">
         <name>_create_array_of__tm__2_i__FUiPCc_PZ1Z</name>
         <value>0x94c0</value>
         <object_component_ref idref="oc-2a4"/>
      </symbol>
      <symbol id="sm-1085">
         <name>_json_base64_array__FPCcUiPCUibT2</name>
         <value>0xd5e5</value>
         <object_component_ref idref="oc-2b8"/>
      </symbol>
      <symbol id="sm-1086">
         <name>_printf_json_status__FPCc</name>
         <value>0xd19c</value>
         <object_component_ref idref="oc-2b8"/>
      </symbol>
      <symbol id="sm-1087">
         <name>_internal_printf_json_object__FRC13json_object_t</name>
         <value>0x9291</value>
         <object_component_ref idref="oc-2a4"/>
      </symbol>
      <symbol id="sm-1088">
         <name>_delay_printf_json_objects__F14delayed_json_t</name>
         <value>0x9569</value>
         <object_component_ref idref="oc-2a4"/>
      </symbol>
      <symbol id="sm-1089">
         <name>_json_int32_array__FPCcUiPClb</name>
         <value>0xd3f3</value>
         <object_component_ref idref="oc-2b8"/>
      </symbol>
      <symbol id="sm-108a">
         <name>_create_array_of__tm__3_Pc__FUiPCc_PZ1Z</name>
         <value>0x9427</value>
         <object_component_ref idref="oc-2a4"/>
      </symbol>
      <symbol id="sm-108b">
         <name>_get_next_delayed_objects_queue_i_for_writing__Fv</name>
         <value>0x9000</value>
         <object_component_ref idref="oc-2a4"/>
      </symbol>
      <symbol id="sm-108c">
         <name>_internal_printf_value__F12value_type_tPCvUiT3</name>
         <value>0x919e</value>
         <object_component_ref idref="oc-2a4"/>
      </symbol>
      <symbol id="sm-108d">
         <name>_value_type_name__F12value_type_t</name>
         <value>0xd0b1</value>
         <object_component_ref idref="oc-2b8"/>
      </symbol>
      <symbol id="sm-108e">
         <name>_internal_printf_array__F12value_type_tUi17array_ptr_union_tT2</name>
         <value>0x9249</value>
         <object_component_ref idref="oc-2a4"/>
      </symbol>
      <symbol id="sm-108f">
         <name>_printf_json_error__FPCc</name>
         <value>0xd1af</value>
         <object_component_ref idref="oc-2b8"/>
      </symbol>
      <symbol id="sm-1090">
         <name>_json_int16_array__FPCcUiPCib</name>
         <value>0xd452</value>
         <object_component_ref idref="oc-2b8"/>
      </symbol>
      <symbol id="sm-1100">
         <name>_command_serial_config</name>
         <value>0x148e4</value>
         <object_component_ref idref="oc-1ce"/>
      </symbol>
      <symbol id="sm-1101">
         <name>_sec_until_waiting_reload</name>
         <value>0x148c4</value>
         <object_component_ref idref="oc-1ce"/>
      </symbol>
      <symbol id="sm-1102">
         <name>_received_input</name>
         <value>0x148c5</value>
         <object_component_ref idref="oc-1ce"/>
      </symbol>
      <symbol id="sm-1103">
         <name>_add_serial_command__FP16serial_command_t</name>
         <value>0x10110</value>
         <object_component_ref idref="oc-2b9"/>
      </symbol>
      <symbol id="sm-1104">
         <name>_create_array_of__tm__2_c__FUiPCc_PZ1Z</name>
         <value>0xae72</value>
         <object_component_ref idref="oc-2e4"/>
      </symbol>
      <symbol id="sm-1105">
         <name>_set_waiting_delay__FPC6json_s</name>
         <value>0x1004f</value>
         <object_component_ref idref="oc-2b9"/>
      </symbol>
      <symbol id="sm-1106">
         <name>_serial_command_is_being_validated</name>
         <value>0x148c7</value>
         <object_component_ref idref="oc-1ce"/>
      </symbol>
      <symbol id="sm-1107">
         <name>_command_status</name>
         <value>0x14900</value>
         <object_component_ref idref="oc-1ce"/>
      </symbol>
      <symbol id="sm-1108">
         <name>_init_serial_link__Fv</name>
         <value>0x10124</value>
         <object_component_ref idref="oc-2b9"/>
      </symbol>
      <symbol id="sm-1109">
         <name>_print_all_serial_commands__FPC6json_s</name>
         <value>0x1010b</value>
         <object_component_ref idref="oc-2b9"/>
      </symbol>
      <symbol id="sm-110a">
         <name>_reset_command_validation__Fv</name>
         <value>0xae09</value>
         <object_component_ref idref="oc-2e4"/>
      </symbol>
      <symbol id="sm-110b">
         <name>_print_connection_success__Fv</name>
         <value>0x100f5</value>
         <object_component_ref idref="oc-2b9"/>
      </symbol>
      <symbol id="sm-110c">
         <name>_set_command_echo__FPC6json_s</name>
         <value>0x1008f</value>
         <object_component_ref idref="oc-2b9"/>
      </symbol>
      <symbol id="sm-110d">
         <name>_printf_end_of_echo_valid_command__Fb</name>
         <value>0xad41</value>
         <object_component_ref idref="oc-2e4"/>
      </symbol>
      <symbol id="sm-110e">
         <name>_check_if_waiting_for_input__Fv</name>
         <value>0x1015d</value>
         <object_component_ref idref="oc-2b9"/>
      </symbol>
      <symbol id="sm-110f">
         <name>_serial_command_list</name>
         <value>0x148cc</value>
         <object_component_ref idref="oc-1ce"/>
      </symbol>
      <symbol id="sm-1110">
         <name>_current_serial_command_len</name>
         <value>0x148c6</value>
         <object_component_ref idref="oc-1ce"/>
      </symbol>
      <symbol id="sm-1111">
         <name>_command_echo</name>
         <value>0x148f0</value>
         <object_component_ref idref="oc-1ce"/>
      </symbol>
      <symbol id="sm-1112">
         <name>_waiting_count</name>
         <value>0x148c2</value>
         <object_component_ref idref="oc-1ce"/>
      </symbol>
      <symbol id="sm-1113">
         <name>_test_string_for_json_and_process__FPCc</name>
         <value>0xada6</value>
         <object_component_ref idref="oc-2e4"/>
      </symbol>
      <symbol id="sm-1114">
         <name>_get_command_from_json__FPCc</name>
         <value>0x1003c</value>
         <object_component_ref idref="oc-2b9"/>
      </symbol>
      <symbol id="sm-1115">
         <name>_test_and_point_to_command__FPC6json_s</name>
         <value>0xad51</value>
         <object_component_ref idref="oc-2e4"/>
      </symbol>
      <symbol id="sm-1116">
         <name>_command_waiting_delay</name>
         <value>0x1490c</value>
         <object_component_ref idref="oc-1ce"/>
      </symbol>
      <symbol id="sm-1117">
         <name>_create_array_of__tm__8_6json_s__FUiPCc_PZ1Z</name>
         <value>0xae9d</value>
         <object_component_ref idref="oc-2e4"/>
      </symbol>
      <symbol id="sm-1118">
         <name>_print_serial_configuration__Fv</name>
         <value>0x100c8</value>
         <object_component_ref idref="oc-2b9"/>
      </symbol>
      <symbol id="sm-1119">
         <name>_sec_until_waiting</name>
         <value>0x148c3</value>
         <object_component_ref idref="oc-1ce"/>
      </symbol>
      <symbol id="sm-111a">
         <name>_command_test_connection</name>
         <value>0x148d8</value>
         <object_component_ref idref="oc-1ce"/>
      </symbol>
      <symbol id="sm-111b">
         <name>_process_scia_buffer_for_commands__Fv</name>
         <value>0xae11</value>
         <object_component_ref idref="oc-2e4"/>
      </symbol>
      <symbol id="sm-1128">
         <name>_memcpy_fast</name>
         <value>0xbcbc</value>
         <object_component_ref idref="oc-1d5"/>
      </symbol>
      <symbol id="sm-1178">
         <name>_error_allocating_messages__FPCc</name>
         <value>0xf47f</value>
         <object_component_ref idref="oc-2b3"/>
      </symbol>
      <symbol id="sm-1179">
         <name>_performance_test__Fv</name>
         <value>0xf225</value>
         <object_component_ref idref="oc-2b3"/>
      </symbol>
      <symbol id="sm-117a">
         <name>_calculate_pin_data_reg__FUi</name>
         <value>0xf4c0</value>
         <object_component_ref idref="oc-2b3"/>
      </symbol>
      <symbol id="sm-117b">
         <name>_calculate_pin_mask__FUi</name>
         <value>0xf4b7</value>
         <object_component_ref idref="oc-2b3"/>
      </symbol>
      <symbol id="sm-117c">
         <name>_gpio_read_pin__FPCVUlUi</name>
         <value>0xba41</value>
         <object_component_ref idref="oc-2ca"/>
      </symbol>
      <symbol id="sm-117d">
         <name>_gpio_write_pin__FPVUlUlb</name>
         <value>0xba39</value>
         <object_component_ref idref="oc-2ca"/>
      </symbol>
      <symbol id="sm-117e">
         <name>_djb2_hash__FPCc</name>
         <value>0xf4a2</value>
         <object_component_ref idref="oc-2b3"/>
      </symbol>
      <symbol id="sm-117f">
         <name>_not_enough_free_space__FPCcUiT2</name>
         <value>0xf40d</value>
         <object_component_ref idref="oc-2b3"/>
      </symbol>
      <symbol id="sm-1180">
         <name>_is_power_of_two__FUL</name>
         <value>0xf44d</value>
         <object_component_ref idref="oc-2b3"/>
      </symbol>
      <symbol id="sm-1181">
         <name>_get_max_stack_free__Fv</name>
         <value>0xf471</value>
         <object_component_ref idref="oc-2b3"/>
      </symbol>
      <symbol id="sm-1182">
         <name>_get_max_heap_free__Fv</name>
         <value>0xba46</value>
         <object_component_ref idref="oc-2ca"/>
      </symbol>
      <symbol id="sm-1183">
         <name>_lockup_cpu__Fv</name>
         <value>0xf21a</value>
         <object_component_ref idref="oc-2b3"/>
      </symbol>
      <symbol id="sm-11b4">
         <name>_dealloc_buffer__11ring_bufferVFv</name>
         <value>0x1109e</value>
         <object_component_ref idref="oc-2ab"/>
      </symbol>
      <symbol id="sm-11b5">
         <name>_init_alloc__11ring_bufferVFUi</name>
         <value>0x11072</value>
         <object_component_ref idref="oc-2ab"/>
      </symbol>
      <symbol id="sm-11b6">
         <name>_write__11ring_bufferVFUiPCUi</name>
         <value>0xb378</value>
         <object_component_ref idref="oc-2b2"/>
      </symbol>
      <symbol id="sm-11b7">
         <name>_init_fixed__11ring_bufferVFPUiUi</name>
         <value>0x11053</value>
         <object_component_ref idref="oc-2ab"/>
      </symbol>
      <symbol id="sm-11b8">
         <name>___dt__11ring_bufferFv</name>
         <value>0x110b6</value>
         <object_component_ref idref="oc-2ab"/>
      </symbol>
      <symbol id="sm-11b9">
         <name>_write__11ring_bufferVFUi</name>
         <value>0xb3bb</value>
         <object_component_ref idref="oc-2b2"/>
      </symbol>
      <symbol id="sm-11ba">
         <name>_read__11ring_bufferVFRUi</name>
         <value>0xb411</value>
         <object_component_ref idref="oc-2b2"/>
      </symbol>
      <symbol id="sm-11bb">
         <name>___ct__11ring_bufferFv</name>
         <value>0x110d0</value>
         <object_component_ref idref="oc-2ab"/>
      </symbol>
      <symbol id="sm-11bc">
         <name>_read__11ring_bufferVFUiPUi</name>
         <value>0xb3d3</value>
         <object_component_ref idref="oc-2b2"/>
      </symbol>
      <symbol id="sm-11d7">
         <name>FD$$ADD</name>
         <value>0xb4dd</value>
         <object_component_ref idref="oc-1eb"/>
      </symbol>
      <symbol id="sm-11e7">
         <name>FD$$CMP</name>
         <value>0xba0f</value>
         <object_component_ref idref="oc-1f0"/>
      </symbol>
      <symbol id="sm-11fe">
         <name>FD$$DIV</name>
         <value>0xb60a</value>
         <object_component_ref idref="oc-1f5"/>
      </symbol>
      <symbol id="sm-1210">
         <name>FD$$MPY</name>
         <value>0xb71d</value>
         <object_component_ref idref="oc-1fa"/>
      </symbol>
      <symbol id="sm-121d">
         <name>FD$$NEG</name>
         <value>0xbcb3</value>
         <object_component_ref idref="oc-1ff"/>
      </symbol>
      <symbol id="sm-1229">
         <name>FD$$SUB</name>
         <value>0xbca5</value>
         <object_component_ref idref="oc-204"/>
      </symbol>
      <symbol id="sm-1239">
         <name>FD$$TOFS</name>
         <value>0xbaab</value>
         <object_component_ref idref="oc-209"/>
      </symbol>
      <symbol id="sm-1248">
         <name>FD$$TOU</name>
         <value>0xbbf6</value>
         <object_component_ref idref="oc-20e"/>
      </symbol>
      <symbol id="sm-1257">
         <name>FD$$TOUL</name>
         <value>0xbbdb</value>
         <object_component_ref idref="oc-213"/>
      </symbol>
      <symbol id="sm-1265">
         <name>FD$$TOULL</name>
         <value>0xbb87</value>
         <object_component_ref idref="oc-218"/>
      </symbol>
      <symbol id="sm-1275">
         <name>FS$$TOFD</name>
         <value>0xbba3</value>
         <object_component_ref idref="oc-21d"/>
      </symbol>
      <symbol id="sm-1285">
         <name>FS$$TOULL</name>
         <value>0xba62</value>
         <object_component_ref idref="oc-222"/>
      </symbol>
      <symbol id="sm-1295">
         <name>I$$TOFD</name>
         <value>0xbb6a</value>
         <object_component_ref idref="oc-227"/>
      </symbol>
      <symbol id="sm-12a5">
         <name>L$$TOFD</name>
         <value>0xbbbf</value>
         <object_component_ref idref="oc-22c"/>
      </symbol>
      <symbol id="sm-12b1">
         <name>LL$$AND</name>
         <value>0xbc10</value>
         <object_component_ref idref="oc-231"/>
      </symbol>
      <symbol id="sm-12b2">
         <name>LL$$OR</name>
         <value>0xbc18</value>
         <object_component_ref idref="oc-231"/>
      </symbol>
      <symbol id="sm-12b3">
         <name>LL$$XOR</name>
         <value>0xbc20</value>
         <object_component_ref idref="oc-231"/>
      </symbol>
      <symbol id="sm-12c1">
         <name>ULL$$CMP</name>
         <value>0xbb5e</value>
         <object_component_ref idref="oc-236"/>
      </symbol>
      <symbol id="sm-12c2">
         <name>LL$$CMP</name>
         <value>0xbb4c</value>
         <object_component_ref idref="oc-236"/>
      </symbol>
      <symbol id="sm-12ee">
         <name>ULL$$MOD</name>
         <value>0xb0a4</value>
         <object_component_ref idref="oc-23b"/>
      </symbol>
      <symbol id="sm-12ef">
         <name>ULL$$DIV</name>
         <value>0xb075</value>
         <object_component_ref idref="oc-23b"/>
      </symbol>
      <symbol id="sm-12f0">
         <name>LL$$MOD</name>
         <value>0xb03b</value>
         <object_component_ref idref="oc-23b"/>
      </symbol>
      <symbol id="sm-12f1">
         <name>LL$$DIV</name>
         <value>0xafff</value>
         <object_component_ref idref="oc-23b"/>
      </symbol>
      <symbol id="sm-12fd">
         <name>LL$$MPY</name>
         <value>0xbc6c</value>
         <object_component_ref idref="oc-240"/>
      </symbol>
      <symbol id="sm-130c">
         <name>LL$$TOFD</name>
         <value>0xba87</value>
         <object_component_ref idref="oc-245"/>
      </symbol>
      <symbol id="sm-1318">
         <name>U$$MOD</name>
         <value>0x113f0</value>
         <object_component_ref idref="oc-24a"/>
      </symbol>
      <symbol id="sm-1319">
         <name>U$$DIV</name>
         <value>0x113eb</value>
         <object_component_ref idref="oc-24a"/>
      </symbol>
      <symbol id="sm-132a">
         <name>U$$TOFD</name>
         <value>0xbc3f</value>
         <object_component_ref idref="oc-24f"/>
      </symbol>
      <symbol id="sm-133b">
         <name>UL$$TOFD</name>
         <value>0xbc56</value>
         <object_component_ref idref="oc-254"/>
      </symbol>
      <symbol id="sm-134c">
         <name>ULL$$TOFD</name>
         <value>0xbaee</value>
         <object_component_ref idref="oc-259"/>
      </symbol>
      <symbol id="sm-1359">
         <name>ULL$$TOFS</name>
         <value>0xbc94</value>
         <object_component_ref idref="oc-25e"/>
      </symbol>
      <symbol id="sm-136d">
         <name>C$$EXIT</name>
         <value>0x11314</value>
         <object_component_ref idref="oc-28d"/>
      </symbol>
      <symbol id="sm-136e">
         <name>_exit</name>
         <value>0x11316</value>
         <object_component_ref idref="oc-28d"/>
      </symbol>
      <symbol id="sm-136f">
         <name>___TI_cleanup_ptr</name>
         <value>0x14826</value>
         <object_component_ref idref="oc-265"/>
      </symbol>
      <symbol id="sm-1370">
         <name>___TI_enable_exit_profile_output</name>
         <value>0x14824</value>
         <object_component_ref idref="oc-265"/>
      </symbol>
      <symbol id="sm-1371">
         <name>_abort</name>
         <value>0x11314</value>
         <object_component_ref idref="oc-28d"/>
      </symbol>
      <symbol id="sm-1372">
         <name>___TI_dtors_ptr</name>
         <value>0x14828</value>
         <object_component_ref idref="oc-265"/>
      </symbol>
      <symbol id="sm-138d">
         <name>_c_int00</name>
         <value>0x111b3</value>
         <object_component_ref idref="oc-7c"/>
      </symbol>
      <symbol id="sm-138e">
         <name>__stack</name>
         <value>0x130</value>
         <object_component_ref idref="oc-26a"/>
      </symbol>
      <symbol id="sm-139d">
         <name>__args_main</name>
         <value>0x113ba</value>
         <object_component_ref idref="oc-28c"/>
      </symbol>
      <symbol id="sm-13aa">
         <name>__system_post_cinit</name>
         <value>0x11411</value>
         <object_component_ref idref="oc-28b"/>
      </symbol>
      <symbol id="sm-13bb">
         <name>FS$$DIV</name>
         <value>0xb695</value>
         <object_component_ref idref="oc-27a"/>
      </symbol>
      <symbol id="sm-13ca">
         <name>FD$$TOLL</name>
         <value>0xbb2d</value>
         <object_component_ref idref="oc-27f"/>
      </symbol>
      <symbol id="sm-13d9">
         <name>FD$$TOL</name>
         <value>0xbb0e</value>
         <object_component_ref idref="oc-284"/>
      </symbol>
   </symbol_table>
   <title>Link successful</title>
</link_info>
